<html>
<body>
<pre>
<h1>µVision Build Log</h1>
<h2>Tool Versions:</h2>
IDE-Version: ¦ÌVision V5.36.0.0
Copyright (C) 2021 ARM Ltd and ARM Germany GmbH. All rights reserved.
License Information: 1 1, 1, LIC=VGXG8-3RHZX-30RNC-7IUEJ-TJ5CA-YQ6DF
 
Tool Versions:
Toolchain:       MDK-ARM Plus  Version: 5.36.0.0
Toolchain Path:  D:\Keil_v5\ARM\ARMCC\Bin
C Compiler:      Armcc.exe V5.06 update 7 (build 960)
Assembler:       Armasm.exe V5.06 update 7 (build 960)
Linker/Locator:  ArmLink.exe V5.06 update 7 (build 960)
Library Manager: ArmAr.exe V5.06 update 7 (build 960)
Hex Converter:   FromElf.exe V5.06 update 7 (build 960)
CPU DLL:         SARMCM3.DLL V5.36.0.0
Dialog DLL:      DARMCM1.DLL V1.19.4.0
Target DLL:      CMSIS_AGDI.dll V1.33.0.0
Dialog DLL:      TARMCM1.DLL V1.14.4.0
 
<h2>Project:</h2>
D:\Desktop\Intelligent_fruit_robot-by-TaiOx\Car\Project\Templete.uvprojx
Project File Date:  04/27/2023

<h2>Output:</h2>
*** Using Compiler 'V5.06 update 7 (build 960)', folder: 'D:\Keil_v5\ARM\ARMCC\Bin'
Rebuild target 'Target 1'
compiling ht32f5xxxx_01_it.c...
compiling main.c...
assembling ht32_op.s...
assembling startup_ht32f5xxxx_01.s...
compiling system_ht32f5xxxx_01.c...
compiling ht32_usbd_core.c...
compiling ht32_cm0plus_misc.c...
compiling ht32_retarget.c...
compiling ht32_serial.c...
compiling ht32f5xxxx_adc.c...
compiling ht32f5xxxx_bftm.c...
compiling ht32f5xxxx_ckcu.c...
compiling ht32f5xxxx_cmp.c...
compiling ht32f5xxxx_crc.c...
compiling ht32f5xxxx_ebi.c...
compiling ht32f5xxxx_exti.c...
compiling ht32f5xxxx_flash.c...
compiling ht32f5xxxx_gpio.c...
compiling ht32f5xxxx_i2c.c...
compiling ht32f5xxxx_i2s.c...
compiling ht32f5xxxx_mctm.c...
compiling ht32f5xxxx_pdma.c...
compiling ht32f5xxxx_pwrcu.c...
compiling ht32f5xxxx_rstcu.c...
compiling ht32f5xxxx_rtc.c...
compiling ht32f5xxxx_sci.c...
compiling ht32f5xxxx_spi.c...
compiling ht32f5xxxx_tm.c...
compiling ht32f5xxxx_usart.c...
compiling ht32f5xxxx_usbd.c...
compiling ht32f5xxxx_wdt.c...
compiling ht32_board.c...
compiling i2c_eeprom.c...
compiling spi_flash.c...
compiling ebi_lcd.c...
compiling delay.c...
compiling sys.c...
compiling usart.c...
compiling led.c...
compiling key.c...
compiling pwm.c...
compiling GPIOinput.c...
compiling Track.c...
linking...
Program Size: Code=2004 RO-data=32 RW-data=12 ZI-data=516  
FromELF: creating hex file...
After Build - User command #1: fromelf --bin -o ..\Output\Project.axf.bin ..\Output\Project.axf
"..\Output\Project.axf" - 0 Error(s), 0 Warning(s).

<h2>Software Packages used:</h2>

Package Vendor: Holtek
                https://mcu.holtek.com.tw/pack/Holtek.HT32_DFP.1.0.44.pack
                Holtek.HT32_DFP.1.0.44
                Holtek HT32 Family Support

<h2>Collection of Component include folders:</h2>
  D:\Keil_v5\Arm\Packs\Holtek\HT32_DFP\1.0.44\ARM\INC\Holtek\HT32F5xxxx

<h2>Collection of Component Files used:</h2>
Build Time Elapsed:  00:00:32
</pre>
</body>
</html>
