<html>
<body>
<pre>
<h1>µVision Build Log</h1>
<h2>Tool Versions:</h2>
IDE-Version: ¦ÌVision V5.36.0.0
Copyright (C) 2021 ARM Ltd and ARM Germany GmbH. All rights reserved.
License Information: 1 1, 1, LIC=VGXG8-3RHZX-30RNC-7IUEJ-TJ5CA-YQ6DF
 
Tool Versions:
Toolchain:       MDK-ARM Plus  Version: 5.36.0.0
Toolchain Path:  D:\Keil_v5\ARM\ARMCC\Bin
C Compiler:      Armcc.exe V5.06 update 7 (build 960)
Assembler:       Armasm.exe V5.06 update 7 (build 960)
Linker/Locator:  ArmLink.exe V5.06 update 7 (build 960)
Library Manager: ArmAr.exe V5.06 update 7 (build 960)
Hex Converter:   FromElf.exe V5.06 update 7 (build 960)
CPU DLL:         SARMCM3.DLL V5.36.0.0
Dialog DLL:      DARMCM1.DLL V1.19.4.0
Target DLL:      CMSIS_AGDI.dll V1.33.0.0
Dialog DLL:      TARMCM1.DLL V1.14.4.0
 
<h2>Project:</h2>
D:\Desktop\Intelligent_fruit_robot-by-TaiOx\order_process_test\Project\Templete.uvprojx
Project File Date:  04/11/2023

<h2>Output:</h2>
*** Using Compiler 'V5.06 update 7 (build 960)', folder: 'D:\Keil_v5\ARM\ARMCC\Bin'
Build target 'Target 1'
compiling onenet.c...
..\NET\onenet\onenet.c(218): warning:  #167-D: argument of type "unsigned char *" is incompatible with parameter of type "char *restrict"
              strcpy(Order_buf, payload_rec);
..\NET\onenet\onenet.c(221): warning:  #167-D: argument of type "unsigned char *" is incompatible with parameter of type "char *"
              token = strtok_r(Order_buf, s, &next_token);
..\NET\onenet\onenet.c: 2 warnings, 0 errors
linking...
Program Size: Code=10196 RO-data=56 RW-data=40 ZI-data=768  
FromELF: creating hex file...
After Build - User command #1: fromelf --bin -o ..\Output\Project.axf.bin ..\Output\Project.axf
"..\Output\Project.axf" - 0 Error(s), 2 Warning(s).

<h2>Software Packages used:</h2>

Package Vendor: Holtek
                https://mcu.holtek.com.tw/pack/Holtek.HT32_DFP.1.0.44.pack
                Holtek.HT32_DFP.1.0.44
                Holtek HT32 Family Support

<h2>Collection of Component include folders:</h2>
  D:\Keil_v5\Arm\Packs\Holtek\HT32_DFP\1.0.44\ARM\INC\Holtek\HT32F5xxxx

<h2>Collection of Component Files used:</h2>
Build Time Elapsed:  00:00:02
</pre>
</body>
</html>
