Component: ARM Compiler 5.06 update 7 (build 960) Tool: armlink [4d3601]

==============================================================================

Section Cross References

    main.o(i.Dev_Init) refers to usart.o(i.USART_Configuration) for USART_Configuration
    main.o(i.Dev_Init) refers to led.o(i.LED_Init) for LED_Init
    main.o(i.Dev_Init) refers to ht32f5xxxx_gpio.o(i.GPIO_SetOutBits) for GPIO_SetOutBits
    main.o(i.Dev_Init) refers to oled.o(i.OLED_Init) for OLED_Init
    main.o(i.Dev_Init) refers to oled.o(i.OLED_ColorTurn) for OLED_ColorTurn
    main.o(i.Dev_Init) refers to oled.o(i.OLED_DisplayTurn) for OLED_DisplayTurn
    main.o(i.Dev_Init) refers to oled.o(i.OLED_ShowString) for OLED_ShowString
    main.o(i.Dev_Init) refers to oled.o(i.OLED_Refresh) for OLED_Refresh
    main.o(i.Dev_Init) refers to delay.o(i.delay_ms) for delay_ms
    main.o(i.Dev_Init) refers to esp8266.o(i.ESP8266_Init) for ESP8266_Init
    main.o(i.Dev_Init) refers to onenet.o(i.OneNet_DevLink) for OneNet_DevLink
    main.o(i.Dev_Init) refers to onenet.o(i.SubscribeOrder) for SubscribeOrder
    main.o(i.Dev_Init) refers to track.o(i.Track_Init) for Track_Init
    main.o(i.Dev_Init) refers to servo.o(i.pwm_start) for pwm_start
    main.o(i.Dev_Init) refers to servo.o(i.servo_reset_begin) for servo_reset_begin
    main.o(i.Dev_Init) refers to oled.o(i.OLED_Clear) for OLED_Clear
    main.o(i.main) refers to main.o(i.Dev_Init) for Dev_Init
    main.o(i.main) refers to memseta.o(.text) for __aeabi_memclr
    main.o(i.main) refers to malloc.o(i.malloc) for malloc
    main.o(i.main) refers to oled.o(i.OLED_Clear) for OLED_Clear
    main.o(i.main) refers to oled.o(i.OLED_ShowString) for OLED_ShowString
    main.o(i.main) refers to oled.o(i.OLED_Refresh) for OLED_Refresh
    main.o(i.main) refers to delay.o(i.delay_ms) for delay_ms
    main.o(i.main) refers to oled.o(i.OLED_ScrollDisplay) for OLED_ScrollDisplay
    main.o(i.main) refers to onenet.o(i.Order_UnPacket) for Order_UnPacket
    main.o(i.main) refers to printfa.o(i.__0sprintf) for __2sprintf
    main.o(i.main) refers to esp8266.o(.bss) for esp8266_buf
    main.o(i.main) refers to esp8266.o(.data) for esp8266_cnt
    main.o(i.main) refers to main.o(.data) for order_flag
    main.o(i.main) refers to main.o(.bss) for OLED_show_buf
    ht32f5xxxx_01_it.o(i.HardFault_Handler) refers to ht32f5xxxx_01_it.o(.data) for gIsContinue
    system_ht32f5xxxx_01.o(i.SystemCoreClockUpdate) refers to system_ht32f5xxxx_01.o(.data) for SystemCoreClock
    startup_ht32f5xxxx_01.o(RESET) refers to startup_ht32f5xxxx_01.o(STACK) for __initial_sp
    startup_ht32f5xxxx_01.o(RESET) refers to ht32f5xxxx_01_it.o(i.NMI_Handler) for NMI_Handler
    startup_ht32f5xxxx_01.o(RESET) refers to ht32f5xxxx_01_it.o(i.HardFault_Handler) for HardFault_Handler
    startup_ht32f5xxxx_01.o(RESET) refers to ht32f5xxxx_01_it.o(i.SVC_Handler) for SVC_Handler
    startup_ht32f5xxxx_01.o(RESET) refers to ht32f5xxxx_01_it.o(i.PendSV_Handler) for PendSV_Handler
    startup_ht32f5xxxx_01.o(RESET) refers to ht32f5xxxx_01_it.o(i.SysTick_Handler) for SysTick_Handler
    startup_ht32f5xxxx_01.o(RESET) refers to esp8266.o(i.USART0_IRQHandler) for USART0_IRQHandler
    startup_ht32f5xxxx_01.o(RESET) refers to servo.o(i.USART1_IRQHandler) for USART1_IRQHandler
    startup_ht32f5xxxx_01.o(RESET) refers to k210.o(i.UART0_IRQHandler) for UART0_IRQHandler
    startup_ht32f5xxxx_01.o(RESET) refers to system_ht32f5xxxx_01.o(i.SystemInit) for SystemInit
    startup_ht32f5xxxx_01.o(RESET) refers to entry.o(.ARM.Collect$$$$00000000) for __main
    ht32_usbd_core.o(i.USBDCore_GetStatus) refers to ht32_usbd_core.o(.data) for pUSBCore
    ht32_usbd_core.o(i.USBDCore_IRQHandler) refers to ht32f5xxxx_usbd.o(i.USBD_GetINT) for USBD_GetINT
    ht32_usbd_core.o(i.USBDCore_IRQHandler) refers to ht32f5xxxx_usbd.o(i.USBD_ClearINT) for USBD_ClearINT
    ht32_usbd_core.o(i.USBDCore_IRQHandler) refers to ht32_usbd_core.o(i._USBDCore_Suspend) for _USBDCore_Suspend
    ht32_usbd_core.o(i.USBDCore_IRQHandler) refers to ht32_usbd_core.o(i._USBDCore_Reset) for _USBDCore_Reset
    ht32_usbd_core.o(i.USBDCore_IRQHandler) refers to ht32_usbd_core.o(i._USBDCore_Resume) for _USBDCore_Resume
    ht32_usbd_core.o(i.USBDCore_IRQHandler) refers to ht32f5xxxx_usbd.o(i.USBD_EPTGetINT) for USBD_EPTGetINT
    ht32_usbd_core.o(i.USBDCore_IRQHandler) refers to ht32f5xxxx_usbd.o(i.USBD_ReadSETUPData) for USBD_ReadSETUPData
    ht32_usbd_core.o(i.USBDCore_IRQHandler) refers to ht32_usbd_core.o(i._USBDCore_Setup) for _USBDCore_Setup
    ht32_usbd_core.o(i.USBDCore_IRQHandler) refers to ht32f5xxxx_usbd.o(i.USBD_EPTClearINT) for USBD_EPTClearINT
    ht32_usbd_core.o(i.USBDCore_IRQHandler) refers to ht32_usbd_core.o(i._USBDCore_ControlIN) for _USBDCore_ControlIN
    ht32_usbd_core.o(i.USBDCore_IRQHandler) refers to ht32_usbd_core.o(i._USBDCore_ControlOUT) for _USBDCore_ControlOUT
[...]
    ../clib/microlib/stubs.s                 0x00000000   Number         0  iusefp.o ABSOLUTE
    ../clib/microlib/stubs.s                 0x00000000   Number         0  useno.o ABSOLUTE
    ../clib/scanf.c                          0x00000000   Number         0  strtol.o ABSOLUTE
    ../clib/scanf.c                          0x00000000   Number         0  strtod.o ABSOLUTE
    ../clib/scanf.c                          0x00000000   Number         0  scanf_fp.o ABSOLUTE
    ../clib/scanf.c                          0x00000000   Number         0  atoi.o ABSOLUTE
    ../clib/scanf.c                          0x00000000   Number         0  _sgetc.o ABSOLUTE
    ../clib/scanf.c                          0x00000000   Number         0  _strtoul.o ABSOLUTE
    ../clib/scanf.c                          0x00000000   Number         0  _chval.o ABSOLUTE
    ../fplib/microlib/d2f.c                  0x00000000   Number         0  d2f.o ABSOLUTE
    ../fplib/microlib/f2d.c                  0x00000000   Number         0  f2d.o ABSOLUTE
    ../fplib/microlib/fpadd.c                0x00000000   Number         0  fadd.o ABSOLUTE
    ../fplib/microlib/fpadd.c                0x00000000   Number         0  dadd.o ABSOLUTE
    ../fplib/microlib/fpdiv.c                0x00000000   Number         0  ddiv.o ABSOLUTE
    ../fplib/microlib/fpepilogue.c           0x00000000   Number         0  depilogue.o ABSOLUTE
    ../fplib/microlib/fpepilogue.c           0x00000000   Number         0  fepilogue.o ABSOLUTE
    ../fplib/microlib/fpfix.c                0x00000000   Number         0  dfixui.o ABSOLUTE
    ../fplib/microlib/fpfix.c                0x00000000   Number         0  dfixi.o ABSOLUTE
    ../fplib/microlib/fpfix.c                0x00000000   Number         0  dfixul.o ABSOLUTE
    ../fplib/microlib/fpflt.c                0x00000000   Number         0  dflti.o ABSOLUTE
    ../fplib/microlib/fpflt.c                0x00000000   Number         0  dfltul.o ABSOLUTE
    ../fplib/microlib/fpflt.c                0x00000000   Number         0  dfltui.o ABSOLUTE
    ../fplib/microlib/fpmul.c                0x00000000   Number         0  dmul.o ABSOLUTE
    ../fplib/microlib/fpscalb.c              0x00000000   Number         0  dscalb.o ABSOLUTE
    ../fplib/microlib/fpsqrt.c               0x00000000   Number         0  dsqrt.o ABSOLUTE
    ../mathlib/acos.c                        0x00000000   Number         0  acos.o ABSOLUTE
    ../mathlib/acos.c                        0x00000000   Number         0  acos_x.o ABSOLUTE
    ../mathlib/asin.c                        0x00000000   Number         0  asin_x.o ABSOLUTE
    ../mathlib/asin.c                        0x00000000   Number         0  asin.o ABSOLUTE
    ../mathlib/atan.c                        0x00000000   Number         0  atan_x.o ABSOLUTE
    ../mathlib/atan.c                        0x00000000   Number         0  atan.o ABSOLUTE
    ../mathlib/atan2.c                       0x00000000   Number         0  atan2_x.o ABSOLUTE
    ../mathlib/atan2.c                       0x00000000   Number         0  atan2.o ABSOLUTE
    ../mathlib/atof.c                        0x00000000   Number         0  atof.o ABSOLUTE
    ../mathlib/cos.c                         0x00000000   Number         0  cos_x.o ABSOLUTE
    ../mathlib/cos.c                         0x00000000   Number         0  cos.o ABSOLUTE
    ../mathlib/cos_i.c                       0x00000000   Number         0  cos_i.o ABSOLUTE
    ../mathlib/dunder.c                      0x00000000   Number         0  dunder.o ABSOLUTE
    ../mathlib/floor.c                       0x00000000   Number         0  floor.o ABSOLUTE
    ../mathlib/fpclassify.c                  0x00000000   Number         0  fpclassify.o ABSOLUTE
    ../mathlib/poly.c                        0x00000000   Number         0  poly.o ABSOLUTE
    ../mathlib/pow.c                         0x00000000   Number         0  pow_x.o ABSOLUTE
    ../mathlib/pow.c                         0x00000000   Number         0  pow.o ABSOLUTE
    ../mathlib/qnan.c                        0x00000000   Number         0  qnan.o ABSOLUTE
    ../mathlib/rred.c                        0x00000000   Number         0  rred.o ABSOLUTE
    ../mathlib/sin.c                         0x00000000   Number         0  sin_x.o ABSOLUTE
    ../mathlib/sin.c                         0x00000000   Number         0  sin.o ABSOLUTE
    ../mathlib/sin_i.c                       0x00000000   Number         0  sin_i_x.o ABSOLUTE
    ../mathlib/sin_i.c                       0x00000000   Number         0  sin_i.o ABSOLUTE
    ../mathlib/sqrt.c                        0x00000000   Number         0  sqrt.o ABSOLUTE
    ../mathlib/sqrt.c                        0x00000000   Number         0  sqrt_x.o ABSOLUTE
    ..\APP\MachineArm.c                      0x00000000   Number         0  machinearm.o ABSOLUTE
    ..\Hardware\Infrared_Tracking\Track.c    0x00000000   Number         0  track.o ABSOLUTE
    ..\Hardware\K210\K210.c                  0x00000000   Number         0  k210.o ABSOLUTE
    ..\Hardware\LED\led.c                    0x00000000   Number         0  led.o ABSOLUTE
    ..\Hardware\OLED\oled.c                  0x00000000   Number         0  oled.o ABSOLUTE
    ..\Hardware\Servo\servo.c                0x00000000   Number         0  servo.o ABSOLUTE
    ..\Libraries\HT32F5xxxx_Driver\src\ht32_cm0plus_misc.c 0x00000000   Number         0  ht32_cm0plus_misc.o ABSOLUTE
    ..\Libraries\HT32F5xxxx_Driver\src\ht32_retarget.c 0x00000000   Number         0  ht32_retarget.o ABSOLUTE
    ..\Libraries\HT32F5xxxx_Driver\src\ht32_serial.c 0x00000000   Number         0  ht32_serial.o ABSOLUTE
    ..\Libraries\HT32F5xxxx_Driver\src\ht32f5xxxx_adc.c 0x00000000   Number         0  ht32f5xxxx_adc.o ABSOLUTE
    ..\Libraries\HT32F5xxxx_Driver\src\ht32f5xxxx_bftm.c 0x00000000   Number         0  ht32f5xxxx_bftm.o ABSOLUTE
    ..\Libraries\HT32F5xxxx_Driver\src\ht32f5xxxx_ckcu.c 0x00000000   Number         0  ht32f5xxxx_ckcu.o ABSOLUTE
    ..\Libraries\HT32F5xxxx_Driver\src\ht32f5xxxx_cmp.c 0x00000000   Number         0  ht32f5xxxx_cmp.o ABSOLUTE
    ..\Libraries\HT32F5xxxx_Driver\src\ht32f5xxxx_crc.c 0x00000000   Number         0  ht32f5xxxx_crc.o ABSOLUTE
    ..\Libraries\HT32F5xxxx_Driver\src\ht32f5xxxx_ebi.c 0x00000000   Number         0  ht32f5xxxx_ebi.o ABSOLUTE
    ..\Libraries\HT32F5xxxx_Driver\src\ht32f5xxxx_exti.c 0x00000000   Number         0  ht32f5xxxx_exti.o ABSOLUTE
    ..\Libraries\HT32F5xxxx_Driver\src\ht32f5xxxx_flash.c 0x00000000   Number         0  ht32f5xxxx_flash.o ABSOLUTE
    ..\Libraries\HT32F5xxxx_Driver\src\ht32f5xxxx_gpio.c 0x00000000   Number         0  ht32f5xxxx_gpio.o ABSOLUTE
    ..\Libraries\HT32F5xxxx_Driver\src\ht32f5xxxx_i2c.c 0x00000000   Number         0  ht32f5xxxx_i2c.o ABSOLUTE
    ..\Libraries\HT32F5xxxx_Driver\src\ht32f5xxxx_i2s.c 0x00000000   Number         0  ht32f5xxxx_i2s.o ABSOLUTE
    ..\Libraries\HT32F5xxxx_Driver\src\ht32f5xxxx_mctm.c 0x00000000   Number         0  ht32f5xxxx_mctm.o ABSOLUTE
    ..\Libraries\HT32F5xxxx_Driver\src\ht32f5xxxx_pdma.c 0x00000000   Number         0  ht32f5xxxx_pdma.o ABSOLUTE
    ..\Libraries\HT32F5xxxx_Driver\src\ht32f5xxxx_pwrcu.c 0x00000000   Number         0  ht32f5xxxx_pwrcu.o ABSOLUTE
    ..\Libraries\HT32F5xxxx_Driver\src\ht32f5xxxx_rstcu.c 0x00000000   Number         0  ht32f5xxxx_rstcu.o ABSOLUTE
    ..\Libraries\HT32F5xxxx_Driver\src\ht32f5xxxx_rtc.c 0x00000000   Number         0  ht32f5xxxx_rtc.o ABSOLUTE
    ..\Libraries\HT32F5xxxx_Driver\src\ht32f5xxxx_sci.c 0x00000000   Number         0  ht32f5xxxx_sci.o ABSOLUTE
    ..\Libraries\HT32F5xxxx_Driver\src\ht32f5xxxx_spi.c 0x00000000   Number         0  ht32f5xxxx_spi.o ABSOLUTE
    ..\Libraries\HT32F5xxxx_Driver\src\ht32f5xxxx_tm.c 0x00000000   Number         0  ht32f5xxxx_tm.o ABSOLUTE
    ..\Libraries\HT32F5xxxx_Driver\src\ht32f5xxxx_usart.c 0x00000000   Number         0  ht32f5xxxx_usart.o ABSOLUTE
    ..\Libraries\HT32F5xxxx_Driver\src\ht32f5xxxx_usbd.c 0x00000000   Number         0  ht32f5xxxx_usbd.o ABSOLUTE
    ..\Libraries\HT32F5xxxx_Driver\src\ht32f5xxxx_wdt.c 0x00000000   Number         0  ht32f5xxxx_wdt.o ABSOLUTE
    ..\Libraries\HT32_USBD_Library\src\ht32_usbd_core.c 0x00000000   Number         0  ht32_usbd_core.o ABSOLUTE
    ..\Libraries\USER_LIB\PWM\pwm.c          0x00000000   Number         0  pwm.o ABSOLUTE
    ..\Libraries\system_ht32f5xxxx_01.c      0x00000000   Number         0  system_ht32f5xxxx_01.o ABSOLUTE
    ..\Listing\ht32_op.s                     0x00000000   Number         0  ht32_op.o ABSOLUTE
    ..\Listing\startup_ht32f5xxxx_01.s       0x00000000   Number         0  startup_ht32f5xxxx_01.o ABSOLUTE
    ..\NET\CJSON\cJSON.c                     0x00000000   Number         0  cjson.o ABSOLUTE
    ..\NET\MQTT\MqttKit.c                    0x00000000   Number         0  mqttkit.o ABSOLUTE
    ..\NET\device\esp8266.c                  0x00000000   Number         0  esp8266.o ABSOLUTE
    ..\NET\onenet\onenet.c                   0x00000000   Number         0  onenet.o ABSOLUTE
    ..\User\ht32f5xxxx_01_it.c               0x00000000   Number         0  ht32f5xxxx_01_it.o ABSOLUTE
    ..\User\main.c                           0x00000000   Number         0  main.o ABSOLUTE
    ..\Utilities\common\delay\delay.c        0x00000000   Number         0  delay.o ABSOLUTE
    ..\Utilities\common\ebi_lcd.c            0x00000000   Number         0  ebi_lcd.o ABSOLUTE
    ..\Utilities\common\i2c_eeprom.c         0x00000000   Number         0  i2c_eeprom.o ABSOLUTE
    ..\Utilities\common\spi_flash.c          0x00000000   Number         0  spi_flash.o ABSOLUTE
    ..\Utilities\common\sys\sys.c            0x00000000   Number         0  sys.o ABSOLUTE
    ..\Utilities\common\usart\usart.c        0x00000000   Number         0  usart.o ABSOLUTE
    ..\Utilities\ht32_board.c                0x00000000   Number         0  ht32_board.o ABSOLUTE
    ..\\APP\\MachineArm.c                    0x00000000   Number         0  machinearm.o ABSOLUTE
    ..\\Hardware\\Infrared_Tracking\\Track.c 0x00000000   Number         0  track.o ABSOLUTE
    ..\\Hardware\\K210\\K210.c               0x00000000   Number         0  k210.o ABSOLUTE
    ..\\Hardware\\LED\\led.c                 0x00000000   Number         0  led.o ABSOLUTE
    ..\\Hardware\\OLED\\oled.c               0x00000000   Number         0  oled.o ABSOLUTE
    ..\\Hardware\\Servo\\servo.c             0x00000000   Number         0  servo.o ABSOLUTE
    ..\\Libraries\\HT32F5xxxx_Driver\\src\\ht32_cm0plus_misc.c 0x00000000   Number         0  ht32_cm0plus_misc.o ABSOLUTE
    ..\\Libraries\\HT32F5xxxx_Driver\\src\\ht32_retarget.c 0x00000000   Number         0  ht32_retarget.o ABSOLUTE
    ..\\Libraries\\HT32F5xxxx_Driver\\src\\ht32_serial.c 0x00000000   Number         0  ht32_serial.o ABSOLUTE
    ..\\Libraries\\HT32F5xxxx_Driver\\src\\ht32f5xxxx_adc.c 0x00000000   Number         0  ht32f5xxxx_adc.o ABSOLUTE
    ..\\Libraries\\HT32F5xxxx_Driver\\src\\ht32f5xxxx_bftm.c 0x00000000   Number         0  ht32f5xxxx_bftm.o ABSOLUTE
    ..\\Libraries\\HT32F5xxxx_Driver\\src\\ht32f5xxxx_ckcu.c 0x00000000   Number         0  ht32f5xxxx_ckcu.o ABSOLUTE
    ..\\Libraries\\HT32F5xxxx_Driver\\src\\ht32f5xxxx_cmp.c 0x00000000   Number         0  ht32f5xxxx_cmp.o ABSOLUTE
    ..\\Libraries\\HT32F5xxxx_Driver\\src\\ht32f5xxxx_crc.c 0x00000000   Number         0  ht32f5xxxx_crc.o ABSOLUTE
    ..\\Libraries\\HT32F5xxxx_Driver\\src\\ht32f5xxxx_ebi.c 0x00000000   Number         0  ht32f5xxxx_ebi.o ABSOLUTE
    ..\\Libraries\\HT32F5xxxx_Driver\\src\\ht32f5xxxx_exti.c 0x00000000   Number         0  ht32f5xxxx_exti.o ABSOLUTE
    ..\\Libraries\\HT32F5xxxx_Driver\\src\\ht32f5xxxx_flash.c 0x00000000   Number         0  ht32f5xxxx_flash.o ABSOLUTE
    ..\\Libraries\\HT32F5xxxx_Driver\\src\\ht32f5xxxx_gpio.c 0x00000000   Number         0  ht32f5xxxx_gpio.o ABSOLUTE
    ..\\Libraries\\HT32F5xxxx_Driver\\src\\ht32f5xxxx_i2c.c 0x00000000   Number         0  ht32f5xxxx_i2c.o ABSOLUTE
    ..\\Libraries\\HT32F5xxxx_Driver\\src\\ht32f5xxxx_i2s.c 0x00000000   Number         0  ht32f5xxxx_i2s.o ABSOLUTE
    ..\\Libraries\\HT32F5xxxx_Driver\\src\\ht32f5xxxx_mctm.c 0x00000000   Number         0  ht32f5xxxx_mctm.o ABSOLUTE
    ..\\Libraries\\HT32F5xxxx_Driver\\src\\ht32f5xxxx_pdma.c 0x00000000   Number         0  ht32f5xxxx_pdma.o ABSOLUTE
    ..\\Libraries\\HT32F5xxxx_Driver\\src\\ht32f5xxxx_pwrcu.c 0x00000000   Number         0  ht32f5xxxx_pwrcu.o ABSOLUTE
    ..\\Libraries\\HT32F5xxxx_Driver\\src\\ht32f5xxxx_rstcu.c 0x00000000   Number         0  ht32f5xxxx_rstcu.o ABSOLUTE
    ..\\Libraries\\HT32F5xxxx_Driver\\src\\ht32f5xxxx_rtc.c 0x00000000   Number         0  ht32f5xxxx_rtc.o ABSOLUTE
    ..\\Libraries\\HT32F5xxxx_Driver\\src\\ht32f5xxxx_sci.c 0x00000000   Number         0  ht32f5xxxx_sci.o ABSOLUTE
    ..\\Libraries\\HT32F5xxxx_Driver\\src\\ht32f5xxxx_spi.c 0x00000000   Number         0  ht32f5xxxx_spi.o ABSOLUTE
    ..\\Libraries\\HT32F5xxxx_Driver\\src\\ht32f5xxxx_tm.c 0x00000000   Number         0  ht32f5xxxx_tm.o ABSOLUTE
    ..\\Libraries\\HT32F5xxxx_Driver\\src\\ht32f5xxxx_usart.c 0x00000000   Number         0  ht32f5xxxx_usart.o ABSOLUTE
    ..\\Libraries\\HT32F5xxxx_Driver\\src\\ht32f5xxxx_usbd.c 0x00000000   Number         0  ht32f5xxxx_usbd.o ABSOLUTE
    ..\\Libraries\\HT32F5xxxx_Driver\\src\\ht32f5xxxx_wdt.c 0x00000000   Number         0  ht32f5xxxx_wdt.o ABSOLUTE
    ..\\Libraries\\HT32_USBD_Library\\src\\ht32_usbd_core.c 0x00000000   Number         0  ht32_usbd_core.o ABSOLUTE
    ..\\Libraries\\USER_LIB\\PWM\\pwm.c      0x00000000   Number         0  pwm.o ABSOLUTE
    ..\\Libraries\\system_ht32f5xxxx_01.c    0x00000000   Number         0  system_ht32f5xxxx_01.o ABSOLUTE
    ..\\NET\\MQTT\\MqttKit.c                 0x00000000   Number         0  mqttkit.o ABSOLUTE
    ..\\NET\\device\\esp8266.c               0x00000000   Number         0  esp8266.o ABSOLUTE
    ..\\NET\\onenet\\onenet.c                0x00000000   Number         0  onenet.o ABSOLUTE
    ..\\User\\ht32f5xxxx_01_it.c             0x00000000   Number         0  ht32f5xxxx_01_it.o ABSOLUTE
    ..\\User\\main.c                         0x00000000   Number         0  main.o ABSOLUTE
    ..\\Utilities\\common\\delay\\delay.c    0x00000000   Number         0  delay.o ABSOLUTE
    ..\\Utilities\\common\\ebi_lcd.c         0x00000000   Number         0  ebi_lcd.o ABSOLUTE
    ..\\Utilities\\common\\i2c_eeprom.c      0x00000000   Number         0  i2c_eeprom.o ABSOLUTE
    ..\\Utilities\\common\\spi_flash.c       0x00000000   Number         0  spi_flash.o ABSOLUTE
    ..\\Utilities\\common\\sys\\sys.c        0x00000000   Number         0  sys.o ABSOLUTE
    ..\\Utilities\\common\\usart\\usart.c    0x00000000   Number         0  usart.o ABSOLUTE
    ..\\Utilities\\ht32_board.c              0x00000000   Number         0  ht32_board.o ABSOLUTE
    cdcmple.s                                0x00000000   Number         0  cdcmple.o ABSOLUTE
    cdrcmple.s                               0x00000000   Number         0  cdrcmple.o ABSOLUTE
    cfcmple.s                                0x00000000   Number         0  cfcmple.o ABSOLUTE
    dc.s                                     0x00000000   Number         0  dc.o ABSOLUTE
    handlers.s                               0x00000000   Number         0  handlers.o ABSOLUTE
    init.s                                   0x00000000   Number         0  init.o ABSOLUTE
    BootProcess                              0x000000cd   Thumb Code    44  startup_ht32f5xxxx_01.o(RESET)
    .ARM.Collect$$$$00000000                 0x0000011c   Section        0  entry.o(.ARM.Collect$$$$00000000)
    .ARM.Collect$$$$00000001                 0x0000011c   Section        4  entry2.o(.ARM.Collect$$$$00000001)
    .ARM.Collect$$$$00000004                 0x00000120   Section        4  entry5.o(.ARM.Collect$$$$00000004)
    .ARM.Collect$$$$00000008                 0x00000124   Section        0  entry7b.o(.ARM.Collect$$$$00000008)
    .ARM.Collect$$$$0000000A                 0x00000124   Section        0  entry8b.o(.ARM.Collect$$$$0000000A)
    .ARM.Collect$$$$0000000B                 0x00000124   Section        8  entry9a.o(.ARM.Collect$$$$0000000B)
    .ARM.Collect$$$$0000000E                 0x0000012c   Section        4  entry12b.o(.ARM.Collect$$$$0000000E)
    .ARM.Collect$$$$0000000F                 0x00000130   Section        0  entry10a.o(.ARM.Collect$$$$0000000F)
    .ARM.Collect$$$$00000011                 0x00000130   Section        0  entry11a.o(.ARM.Collect$$$$00000011)
    .ARM.Collect$$$$00002712                 0x00000130   Section        4  entry2.o(.ARM.Collect$$$$00002712)
    __lit__00000000                          0x00000130   Data           4  entry2.o(.ARM.Collect$$$$00002712)
    .text                                    0x00000134   Section        0  uidiv.o(.text)
    .text                                    0x00000160   Section        0  memcpya.o(.text)
    .text                                    0x00000184   Section        0  memseta.o(.text)
    .text                                    0x000001a8   Section        0  strstr.o(.text)
    .text                                    0x000001d0   Section        0  strchr.o(.text)
    .text                                    0x000001e4   Section        0  strlen.o(.text)
    .text                                    0x000001f2   Section        0  strncat.o(.text)
    .text                                    0x0000021a   Section        0  strcpy.o(.text)
    .text                                    0x0000022c   Section        0  strtok_r.o(.text)
    .text                                    0x00000278   Section        0  atoi.o(.text)
    .text                                    0x00000294   Section        0  dadd.o(.text)
    .text                                    0x000003fc   Section        0  dmul.o(.text)
    .text                                    0x000004cc   Section        0  ddiv.o(.text)
    .text                                    0x000005bc   Section        0  dfixui.o(.text)
    .text                                    0x000005f8   Section       40  cdcmple.o(.text)
    .text                                    0x00000620   Section       40  cdrcmple.o(.text)
    .text                                    0x00000648   Section        0  uldiv.o(.text)
    .text                                    0x000006a8   Section        0  llshl.o(.text)
    .text                                    0x000006c8   Section        0  llushr.o(.text)
    .text                                    0x000006ea   Section        0  llsshr.o(.text)
    .text                                    0x00000710   Section        0  strtol.o(.text)
    .text                                    0x00000780   Section        0  depilogue.o(.text)
    .text                                    0x00000780   Section        0  iusefp.o(.text)
    .text                                    0x00000840   Section        0  dfixul.o(.text)
    .text                                    0x00000880   Section       36  init.o(.text)
    .text                                    0x000008a4   Section        0  ctype_o.o(.text)
    .text                                    0x000008ac   Section        0  _strtoul.o(.text)
    .text                                    0x00000952   Section        0  _chval.o(.text)
    .text                                    0x00000970   Section        0  __dclz77c.o(.text)
    i.AFIO_GPxConfig                         0x000009d0   Section        0  ht32f5xxxx_gpio.o(i.AFIO_GPxConfig)
    i.CKCU_GetClocksFrequency                0x00000a34   Section        0  ht32f5xxxx_ckcu.o(i.CKCU_GetClocksFrequency)
    i.CKCU_GetPLLFrequency                   0x00000ac0   Section        0  ht32f5xxxx_ckcu.o(i.CKCU_GetPLLFrequency)
    i.CKCU_GetPeripFrequency                 0x00000b28   Section        0  ht32f5xxxx_ckcu.o(i.CKCU_GetPeripFrequency)
    i.CKCU_PeripClockConfig                  0x00000b60   Section        0  ht32f5xxxx_ckcu.o(i.CKCU_PeripClockConfig)
    i.Dev_Init                               0x00000ba0   Section        0  main.o(i.Dev_Init)
    i.ESP8266_Clear                          0x00000ddc   Section        0  esp8266.o(i.ESP8266_Clear)
    i.ESP8266_GetIPD                         0x00000df8   Section        0  esp8266.o(i.ESP8266_GetIPD)
    i.ESP8266_Init                           0x00000e50   Section        0  esp8266.o(i.ESP8266_Init)
    i.ESP8266_SendCmd                        0x00000f98   Section        0  esp8266.o(i.ESP8266_SendCmd)
    i.ESP8266_SendData                       0x00000fe8   Section        0  esp8266.o(i.ESP8266_SendData)
    i.ESP8266_WaitRecive                     0x00001030   Section        0  esp8266.o(i.ESP8266_WaitRecive)
    i.GPIO_ClearOutBits                      0x00001064   Section        0  ht32f5xxxx_gpio.o(i.GPIO_ClearOutBits)
    i.GPIO_DirectionConfig                   0x00001068   Section        0  ht32f5xxxx_gpio.o(i.GPIO_DirectionConfig)
    i.GPIO_DriveConfig                       0x0000107c   Section        0  ht32f5xxxx_gpio.o(i.GPIO_DriveConfig)
    i.GPIO_InputConfig                       0x000010b4   Section        0  ht32f5xxxx_gpio.o(i.GPIO_InputConfig)
    i.GPIO_PullResistorConfig                0x000010c8   Section        0  ht32f5xxxx_gpio.o(i.GPIO_PullResistorConfig)
    i.GPIO_SetOutBits                        0x000010fa   Section        0  ht32f5xxxx_gpio.o(i.GPIO_SetOutBits)
    i.HardFault_Handler                      0x00001100   Section        0  ht32f5xxxx_01_it.o(i.HardFault_Handler)
    i.LED_Init                               0x00001110   Section        0  led.o(i.LED_Init)
    i.MCTM_CHMOECmd                          0x00001174   Section        0  ht32f5xxxx_mctm.o(i.MCTM_CHMOECmd)
    i.MCTM_PWM_Init                          0x0000118c   Section        0  pwm.o(i.MCTM_PWM_Init)
    i.MQTT_DeleteBuffer                      0x0000124c   Section        0  mqttkit.o(i.MQTT_DeleteBuffer)
    i.MQTT_DumpLength                        0x00001268   Section        0  mqttkit.o(i.MQTT_DumpLength)
    i.MQTT_NewBuffer                         0x0000129a   Section        0  mqttkit.o(i.MQTT_NewBuffer)
    i.MQTT_PacketConnect                     0x000012f8   Section        0  mqttkit.o(i.MQTT_PacketConnect)
    i.MQTT_PacketSubscribe                   0x000015e0   Section        0  mqttkit.o(i.MQTT_PacketSubscribe)
    i.MQTT_ReadLength                        0x000016f4   Section        0  mqttkit.o(i.MQTT_ReadLength)
    i.MQTT_UnPacketConnectAck                0x0000173e   Section        0  mqttkit.o(i.MQTT_UnPacketConnectAck)
    i.MQTT_UnPacketPublish                   0x00001760   Section        0  mqttkit.o(i.MQTT_UnPacketPublish)
    i.MQTT_UnPacketRecv                      0x0000193c   Section        0  mqttkit.o(i.MQTT_UnPacketRecv)
    i.NMI_Handler                            0x000019b4   Section        0  ht32f5xxxx_01_it.o(i.NMI_Handler)
    i.NVIC_EnableIRQ                         0x000019b8   Section        0  usart.o(i.NVIC_EnableIRQ)
    NVIC_EnableIRQ                           0x000019b9   Thumb Code    14  usart.o(i.NVIC_EnableIRQ)
    i.OLED_Clear                             0x000019cc   Section        0  oled.o(i.OLED_Clear)
    i.OLED_ColorTurn                         0x000019fc   Section        0  oled.o(i.OLED_ColorTurn)
    i.OLED_DisplayTurn                       0x00001a1a   Section        0  oled.o(i.OLED_DisplayTurn)
    i.OLED_DrawPoint                         0x00001a48   Section        0  oled.o(i.OLED_DrawPoint)
    i.OLED_Init                              0x00001ac0   Section        0  oled.o(i.OLED_Init)
    i.OLED_Refresh                           0x00001bec   Section        0  oled.o(i.OLED_Refresh)
    i.OLED_ScrollDisplay                     0x00001c38   Section        0  oled.o(i.OLED_ScrollDisplay)
    i.OLED_ShowChar                          0x00001cf8   Section        0  oled.o(i.OLED_ShowChar)
    i.OLED_ShowChinese                       0x00001e20   Section        0  oled.o(i.OLED_ShowChinese)
    i.OLED_ShowString                        0x00001f28   Section        0  oled.o(i.OLED_ShowString)
    i.OLED_WR_Byte                           0x00001f6c   Section        0  oled.o(i.OLED_WR_Byte)
    i.OneNet_DevLink                         0x00001ff0   Section        0  onenet.o(i.OneNet_DevLink)
    i.Order_UnPacket                         0x00002204   Section        0  onenet.o(i.Order_UnPacket)
    i.PWM_Init                               0x00002338   Section        0  pwm.o(i.PWM_Init)
    i.PWM_SetDuty                            0x000024b4   Section        0  pwm.o(i.PWM_SetDuty)
    i.PendSV_Handler                         0x000024c8   Section        0  ht32f5xxxx_01_it.o(i.PendSV_Handler)
    i.SERIAL_PutChar                         0x000024cc   Section        0  ht32_serial.o(i.SERIAL_PutChar)
    i.SVC_Handler                            0x000024e8   Section        0  ht32f5xxxx_01_it.o(i.SVC_Handler)
    i.SYSTICK_ClockSourceConfig              0x000024ec   Section        0  ht32_cm0plus_misc.o(i.SYSTICK_ClockSourceConfig)
    i.SYSTICK_CounterCmd                     0x00002510   Section        0  ht32_cm0plus_misc.o(i.SYSTICK_CounterCmd)
    i.SYSTICK_IntConfig                      0x00002540   Section        0  ht32_cm0plus_misc.o(i.SYSTICK_IntConfig)
    i.SYSTICK_SetReloadValue                 0x00002564   Section        0  ht32_cm0plus_misc.o(i.SYSTICK_SetReloadValue)
    i.SubscribeOrder                         0x00002570   Section        0  onenet.o(i.SubscribeOrder)
    i.SysTick_Handler                        0x0000262c   Section        0  ht32f5xxxx_01_it.o(i.SysTick_Handler)
    i.SystemInit                             0x00002630   Section        0  system_ht32f5xxxx_01.o(i.SystemInit)
    i.TM_CHCCRPreloadConfig                  0x00002774   Section        0  ht32f5xxxx_tm.o(i.TM_CHCCRPreloadConfig)
    i.TM_CRRPreloadCmd                       0x00002798   Section        0  ht32f5xxxx_tm.o(i.TM_CRRPreloadCmd)
    i.TM_ClearFlag                           0x000027b0   Section        0  ht32f5xxxx_tm.o(i.TM_ClearFlag)
    i.TM_Cmd                                 0x000027ba   Section        0  ht32f5xxxx_tm.o(i.TM_Cmd)
    i.TM_OutputInit                          0x000027d4   Section        0  ht32f5xxxx_tm.o(i.TM_OutputInit)
    i.TM_SetCaptureCompare                   0x000028a4   Section        0  ht32f5xxxx_tm.o(i.TM_SetCaptureCompare)
    i.TM_TimeBaseInit                        0x000028b4   Section        0  ht32f5xxxx_tm.o(i.TM_TimeBaseInit)
    i.TM_TimeBaseStructInit                  0x000028f4   Section        0  ht32f5xxxx_tm.o(i.TM_TimeBaseStructInit)
    i.Track_Init                             0x0000290c   Section        0  track.o(i.Track_Init)
    i.Translate_Angle2Pulse                  0x000029ac   Section        0  servo.o(i.Translate_Angle2Pulse)
    i.UART0_IRQHandler                       0x00002b68   Section        0  k210.o(i.UART0_IRQHandler)
    i.USART0_IRQHandler                      0x00002bb4   Section        0  esp8266.o(i.USART0_IRQHandler)
    i.USART1_IRQHandler                      0x00002bfc   Section        0  servo.o(i.USART1_IRQHandler)
    i.USART_ClearFlag                        0x00002c48   Section        0  ht32f5xxxx_usart.o(i.USART_ClearFlag)
    i.USART_Configuration                    0x00002c50   Section        0  usart.o(i.USART_Configuration)
    i.USART_GetFlagStatus                    0x00002dc0   Section        0  ht32f5xxxx_usart.o(i.USART_GetFlagStatus)
    i.USART_Init                             0x00002dd4   Section        0  ht32f5xxxx_usart.o(i.USART_Init)
    i.USART_IntConfig                        0x00002e60   Section        0  ht32f5xxxx_usart.o(i.USART_IntConfig)
    i.USART_SendData                         0x00002e74   Section        0  ht32f5xxxx_usart.o(i.USART_SendData)
    i.USART_TxRxCmd                          0x00002e78   Section        0  ht32f5xxxx_usart.o(i.USART_TxRxCmd)
    i.UsartPrintf                            0x00002e96   Section        0  usart.o(i.UsartPrintf)
    i.Usart_SendStr                          0x00002ee0   Section        0  usart.o(i.Usart_SendStr)
    i.Usart_SendString                       0x00002efe   Section        0  usart.o(i.Usart_SendString)
    i.Usart_Sendbyte                         0x00002f2c   Section        0  usart.o(i.Usart_Sendbyte)
    i.__0printf                              0x00002f4c   Section        0  printfa.o(i.__0printf)
    i.__0sprintf                             0x00002f6c   Section        0  printfa.o(i.__0sprintf)
    i.__0vsnprintf                           0x00002f94   Section        0  printfa.o(i.__0vsnprintf)
    i.__ARM_clz                              0x00002fc4   Section        0  depilogue.o(i.__ARM_clz)
    i.__ARM_common_switch8                   0x00002ff2   Section        0  ht32f5xxxx_ckcu.o(i.__ARM_common_switch8)
    i.__aeabi_errno_addr                     0x00003010   Section        0  errno.o(i.__aeabi_errno_addr)
    i.__scatterload_copy                     0x00003018   Section       14  handlers.o(i.__scatterload_copy)
    i.__scatterload_null                     0x00003026   Section        2  handlers.o(i.__scatterload_null)
    i.__scatterload_zeroinit                 0x00003028   Section       14  handlers.o(i.__scatterload_zeroinit)
    i._fp_digits                             0x00003038   Section        0  printfa.o(i._fp_digits)
    _fp_digits                               0x00003039   Thumb Code   344  printfa.o(i._fp_digits)
    i._printf_core                           0x000031ac   Section        0  printfa.o(i._printf_core)
    _printf_core                             0x000031ad   Thumb Code  1760  printfa.o(i._printf_core)
    i._printf_post_padding                   0x0000389c   Section        0  printfa.o(i._printf_post_padding)
    _printf_post_padding                     0x0000389d   Thumb Code    32  printfa.o(i._printf_post_padding)
    i._printf_pre_padding                    0x000038bc   Section        0  printfa.o(i._printf_pre_padding)
    _printf_pre_padding                      0x000038bd   Thumb Code    44  printfa.o(i._printf_pre_padding)
    i._snputc                                0x000038e8   Section        0  printfa.o(i._snputc)
    _snputc                                  0x000038e9   Thumb Code    22  printfa.o(i._snputc)
    i._sputc                                 0x000038fe   Section        0  printfa.o(i._sputc)
    _sputc                                   0x000038ff   Thumb Code    10  printfa.o(i._sputc)
    i.delay_ms                               0x00003908   Section        0  delay.o(i.delay_ms)
    i.delay_us                               0x00003924   Section        0  delay.o(i.delay_us)
    i.fputc                                  0x0000398c   Section        0  ht32_retarget.o(i.fputc)
    i.free                                   0x0000399c   Section        0  malloc.o(i.free)
    i.main                                   0x000039f0   Section        0  main.o(i.main)
    i.malloc                                 0x00003bbc   Section        0  malloc.o(i.malloc)
    i.pwm_start                              0x00003c28   Section        0  servo.o(i.pwm_start)
    i.servo_out                              0x00003c90   Section        0  servo.o(i.servo_out)
    i.servo_reset_begin                      0x00003dc4   Section        0  servo.o(i.servo_reset_begin)
    .constdata                               0x00003e38   Section     7600  oled.o(.constdata)
    .constdata                               0x00005be8   Section      129  ctype_o.o(.constdata)
    .constdata                               0x00005c6c   Section        4  ctype_o.o(.constdata)
    table                                    0x00005c6c   Data           4  ctype_o.o(.constdata)
    .conststring                             0x00005c70   Section       18  onenet.o(.conststring)
    .data                                    0x20000000   Section     2051  main.o(.data)
    .data                                    0x20000804   Section        4  ht32f5xxxx_01_it.o(.data)
    gIsContinue                              0x20000804   Data           4  ht32f5xxxx_01_it.o(.data)
    .data                                    0x20000808   Section        4  system_ht32f5xxxx_01.o(.data)
    .data                                    0x2000080c   Section        8  ht32_retarget.o(.data)
    .data                                    0x20000818   Section      316  servo.o(.data)
    .data                                    0x20000954   Section        4  k210.o(.data)
    .data                                    0x20000958   Section        4  esp8266.o(.data)
    .data                                    0x2000095c   Section        4  onenet.o(.data)
    .data                                    0x20000960   Section        4  strtok_r.o(.data)
    state                                    0x20000960   Data           4  strtok_r.o(.data)
    .data                                    0x20000964   Section        4  mvars.o(.data)
    .data                                    0x20000968   Section        4  mvars.o(.data)
    .data                                    0x2000096c   Section        4  errno.o(.data)
    _errno                                   0x2000096c   Data           4  errno.o(.data)
    .bss                                     0x20000970   Section       20  main.o(.bss)
    .bss                                     0x20000984   Section       20  servo.o(.bss)
    .bss                                     0x20000998   Section       20  k210.o(.bss)
    .bss                                     0x200009ac   Section     1152  oled.o(.bss)
    .bss                                     0x20000e2c   Section      256  esp8266.o(.bss)
    HEAP                                     0x20000f30   Section        0  startup_ht32f5xxxx_01.o(HEAP)
    STACK                                    0x20000f30   Section      512  startup_ht32f5xxxx_01.o(STACK)

    Global Symbols

    Symbol Name                              Value     Ov Type        Size  Object(Section)

    BuildAttributes$$THM_ISAv3M$S$PE$A:L22$X:L11$S22$IEEE1$IW$USESV6$~STKCKD$USESV7$~SHL$OTIME$ROPI$IEEEX$EBA8$MICROLIB$REQ8$PRES8$EABIv2 0x00000000   Number         0  anon$$obj.o ABSOLUTE
    __ARM_use_no_argv                        0x00000000   Number         0  main.o ABSOLUTE
    __Vectors                                0x00000000   Data           0  startup_ht32f5xxxx_01.o(RESET)
    __use_no_errno                           0x00000000   Number         0  useno.o ABSOLUTE
    __use_no_exception_handling              0x00000000   Number         0  useno.o ABSOLUTE
    __use_no_fp                              0x00000000   Number         0  useno.o ABSOLUTE
    __use_no_heap                            0x00000000   Number         0  useno.o ABSOLUTE
    __use_no_heap_region                     0x00000000   Number         0  useno.o ABSOLUTE
    __use_no_semihosting                     0x00000000   Number         0  useno.o ABSOLUTE
    __use_no_semihosting_swi                 0x00000000   Number         0  useno.o ABSOLUTE
    __use_no_signal_handling                 0x00000000   Number         0  useno.o ABSOLUTE
    _printf_a                                0x00000000   Number         0  stubs.o ABSOLUTE
    _printf_c                                0x00000000   Number         0  stubs.o ABSOLUTE
    _printf_charcount                        0x00000000   Number         0  stubs.o ABSOLUTE
    _printf_d                                0x00000000   Number         0  stubs.o ABSOLUTE
    _printf_e                                0x00000000   Number         0  stubs.o ABSOLUTE
    _printf_f                                0x00000000   Number         0  stubs.o ABSOLUTE
    _printf_flags                            0x00000000   Number         0  stubs.o ABSOLUTE
    _printf_fp_dec                           0x00000000   Number         0  stubs.o ABSOLUTE
    _printf_fp_hex                           0x00000000   Number         0  stubs.o ABSOLUTE
    _printf_g                                0x00000000   Number         0  stubs.o ABSOLUTE
    _printf_i                                0x00000000   Number         0  stubs.o ABSOLUTE
    _printf_int_dec                          0x00000000   Number         0  stubs.o ABSOLUTE
    _printf_l                                0x00000000   Number         0  stubs.o ABSOLUTE
    _printf_lc                               0x00000000   Number         0  stubs.o ABSOLUTE
    _printf_ll                               0x00000000   Number         0  stubs.o ABSOLUTE
    _printf_lld                              0x00000000   Number         0  stubs.o ABSOLUTE
    _printf_lli                              0x00000000   Number         0  stubs.o ABSOLUTE
    _printf_llo                              0x00000000   Number         0  stubs.o ABSOLUTE
    _printf_llu                              0x00000000   Number         0  stubs.o ABSOLUTE
    _printf_llx                              0x00000000   Number         0  stubs.o ABSOLUTE
    _printf_longlong_dec                     0x00000000   Number         0  stubs.o ABSOLUTE
    _printf_longlong_hex                     0x00000000   Number         0  stubs.o ABSOLUTE
    _printf_longlong_oct                     0x00000000   Number         0  stubs.o ABSOLUTE
    _printf_ls                               0x00000000   Number         0  stubs.o ABSOLUTE
    _printf_mbtowc                           0x00000000   Number         0  stubs.o ABSOLUTE
    _printf_n                                0x00000000   Number         0  stubs.o ABSOLUTE
    _printf_o                                0x00000000   Number         0  stubs.o ABSOLUTE
    _printf_p                                0x00000000   Number         0  stubs.o ABSOLUTE
    _printf_percent                          0x00000000   Number         0  stubs.o ABSOLUTE
    _printf_pre_padding                      0x00000000   Number         0  stubs.o ABSOLUTE
    _printf_return_value                     0x00000000   Number         0  stubs.o ABSOLUTE
    _printf_s                                0x00000000   Number         0  stubs.o ABSOLUTE
    _printf_sizespec                         0x00000000   Number         0  stubs.o ABSOLUTE
    _printf_str                              0x00000000   Number         0  stubs.o ABSOLUTE
    _printf_truncate_signed                  0x00000000   Number         0  stubs.o ABSOLUTE
    _printf_truncate_unsigned                0x00000000   Number         0  stubs.o ABSOLUTE
    _printf_u                                0x00000000   Number         0  stubs.o ABSOLUTE
    _printf_wc                               0x00000000   Number         0  stubs.o ABSOLUTE
    _printf_wctomb                           0x00000000   Number         0  stubs.o ABSOLUTE
    _printf_widthprec                        0x00000000   Number         0  stubs.o ABSOLUTE
    _printf_x                                0x00000000   Number         0  stubs.o ABSOLUTE
    __arm_fini_                               - Undefined Weak Reference
    __cpp_initialize__aeabi_                  - Undefined Weak Reference
    __cxa_finalize                            - Undefined Weak Reference
    _clock_init                               - Undefined Weak Reference
    _microlib_exit                            - Undefined Weak Reference
    Reset_Handler                            0x000000c1   Thumb Code    12  startup_ht32f5xxxx_01.o(RESET)
    ADC_IRQHandler                           0x00000103   Thumb Code     0  startup_ht32f5xxxx_01.o(RESET)
    AES_IRQHandler                           0x00000103   Thumb Code     0  startup_ht32f5xxxx_01.o(RESET)
    BFTM0_IRQHandler                         0x00000103   Thumb Code     0  startup_ht32f5xxxx_01.o(RESET)
    BFTM1_IRQHandler                         0x00000103   Thumb Code     0  startup_ht32f5xxxx_01.o(RESET)
    COMP_IRQHandler                          0x00000103   Thumb Code     0  startup_ht32f5xxxx_01.o(RESET)
    EVWUP_IRQHandler                         0x00000103   Thumb Code     0  startup_ht32f5xxxx_01.o(RESET)
    EXTI0_1_IRQHandler                       0x00000103   Thumb Code     0  startup_ht32f5xxxx_01.o(RESET)
    EXTI2_3_IRQHandler                       0x00000103   Thumb Code     0  startup_ht32f5xxxx_01.o(RESET)
    EXTI4_15_IRQHandler                      0x00000103   Thumb Code     0  startup_ht32f5xxxx_01.o(RESET)
    FLASH_IRQHandler                         0x00000103   Thumb Code     0  startup_ht32f5xxxx_01.o(RESET)
    GPTM0_IRQHandler                         0x00000103   Thumb Code     0  startup_ht32f5xxxx_01.o(RESET)
    GPTM1_IRQHandler                         0x00000103   Thumb Code     0  startup_ht32f5xxxx_01.o(RESET)
    I2C0_IRQHandler                          0x00000103   Thumb Code     0  startup_ht32f5xxxx_01.o(RESET)
    I2C1_IRQHandler                          0x00000103   Thumb Code     0  startup_ht32f5xxxx_01.o(RESET)
    I2S_IRQHandler                           0x00000103   Thumb Code     0  startup_ht32f5xxxx_01.o(RESET)
    LVD_BOD_IRQHandler                       0x00000103   Thumb Code     0  startup_ht32f5xxxx_01.o(RESET)
    MCTM0_IRQHandler                         0x00000103   Thumb Code     0  startup_ht32f5xxxx_01.o(RESET)
    PDMA_CH0_1_IRQHandler                    0x00000103   Thumb Code     0  startup_ht32f5xxxx_01.o(RESET)
    PDMA_CH2_5_IRQHandler                    0x00000103   Thumb Code     0  startup_ht32f5xxxx_01.o(RESET)
    PWM0_IRQHandler                          0x00000103   Thumb Code     0  startup_ht32f5xxxx_01.o(RESET)
    PWM1_IRQHandler                          0x00000103   Thumb Code     0  startup_ht32f5xxxx_01.o(RESET)
    RTC_IRQHandler                           0x00000103   Thumb Code     0  startup_ht32f5xxxx_01.o(RESET)
    SCI_IRQHandler                           0x00000103   Thumb Code     0  startup_ht32f5xxxx_01.o(RESET)
    SCTM0_IRQHandler                         0x00000103   Thumb Code     0  startup_ht32f5xxxx_01.o(RESET)
    SCTM1_IRQHandler                         0x00000103   Thumb Code     0  startup_ht32f5xxxx_01.o(RESET)
    SCTM2_IRQHandler                         0x00000103   Thumb Code     0  startup_ht32f5xxxx_01.o(RESET)
    SCTM3_IRQHandler                         0x00000103   Thumb Code     0  startup_ht32f5xxxx_01.o(RESET)
    SPI0_IRQHandler                          0x00000103   Thumb Code     0  startup_ht32f5xxxx_01.o(RESET)
    SPI1_IRQHandler                          0x00000103   Thumb Code     0  startup_ht32f5xxxx_01.o(RESET)
    UART1_IRQHandler                         0x00000103   Thumb Code     0  startup_ht32f5xxxx_01.o(RESET)
    UART2_IRQHandler                         0x00000103   Thumb Code     0  startup_ht32f5xxxx_01.o(RESET)
    UART3_IRQHandler                         0x00000103   Thumb Code     0  startup_ht32f5xxxx_01.o(RESET)
    USB_IRQHandler                           0x00000103   Thumb Code     0  startup_ht32f5xxxx_01.o(RESET)
    __main                                   0x0000011d   Thumb Code     0  entry.o(.ARM.Collect$$$$00000000)
    _main_stk                                0x0000011d   Thumb Code     0  entry2.o(.ARM.Collect$$$$00000001)
    _main_scatterload                        0x00000121   Thumb Code     0  entry5.o(.ARM.Collect$$$$00000004)
    __main_after_scatterload                 0x00000125   Thumb Code     0  entry5.o(.ARM.Collect$$$$00000004)
    _main_clock                              0x00000125   Thumb Code     0  entry7b.o(.ARM.Collect$$$$00000008)
    _main_cpp_init                           0x00000125   Thumb Code     0  entry8b.o(.ARM.Collect$$$$0000000A)
    _main_init                               0x00000125   Thumb Code     0  entry9a.o(.ARM.Collect$$$$0000000B)
    __rt_lib_shutdown_fini                   0x0000012d   Thumb Code     0  entry12b.o(.ARM.Collect$$$$0000000E)
    __rt_final_cpp                           0x00000131   Thumb Code     0  entry10a.o(.ARM.Collect$$$$0000000F)
    __rt_final_exit                          0x00000131   Thumb Code     0  entry11a.o(.ARM.Collect$$$$00000011)
    __aeabi_uidiv                            0x00000135   Thumb Code     0  uidiv.o(.text)
    __aeabi_uidivmod                         0x00000135   Thumb Code    44  uidiv.o(.text)
    __aeabi_memcpy                           0x00000161   Thumb Code    36  memcpya.o(.text)
    __aeabi_memcpy4                          0x00000161   Thumb Code     0  memcpya.o(.text)
    __aeabi_memcpy8                          0x00000161   Thumb Code     0  memcpya.o(.text)
    __aeabi_memset                           0x00000185   Thumb Code    14  memseta.o(.text)
    __aeabi_memset4                          0x00000185   Thumb Code     0  memseta.o(.text)
    __aeabi_memset8                          0x00000185   Thumb Code     0  memseta.o(.text)
    __aeabi_memclr                           0x00000193   Thumb Code     4  memseta.o(.text)
    __aeabi_memclr4                          0x00000193   Thumb Code     0  memseta.o(.text)
    __aeabi_memclr8                          0x00000193   Thumb Code     0  memseta.o(.text)
    _memset$wrapper                          0x00000197   Thumb Code    18  memseta.o(.text)
    strstr                                   0x000001a9   Thumb Code    40  strstr.o(.text)
    strchr                                   0x000001d1   Thumb Code    20  strchr.o(.text)
    strlen                                   0x000001e5   Thumb Code    14  strlen.o(.text)
    strncat                                  0x000001f3   Thumb Code    40  strncat.o(.text)
    strcpy                                   0x0000021b   Thumb Code    18  strcpy.o(.text)
    strtok_r                                 0x0000022d   Thumb Code    66  strtok_r.o(.text)
    _strtok$wrapper                          0x0000026f   Thumb Code     4  strtok_r.o(.text)
    atoi                                     0x00000279   Thumb Code    26  atoi.o(.text)
    __aeabi_dadd                             0x00000295   Thumb Code   330  dadd.o(.text)
    __aeabi_dsub                             0x000003df   Thumb Code    12  dadd.o(.text)
    __aeabi_drsub                            0x000003eb   Thumb Code    12  dadd.o(.text)
    __aeabi_dmul                             0x000003fd   Thumb Code   202  dmul.o(.text)
    __aeabi_ddiv                             0x000004cd   Thumb Code   234  ddiv.o(.text)
    __aeabi_d2uiz                            0x000005bd   Thumb Code    50  dfixui.o(.text)
    __aeabi_cdcmpeq                          0x000005f9   Thumb Code     0  cdcmple.o(.text)
    __aeabi_cdcmple                          0x000005f9   Thumb Code    38  cdcmple.o(.text)
    __aeabi_cdrcmple                         0x00000621   Thumb Code    38  cdrcmple.o(.text)
    __aeabi_uldivmod                         0x00000649   Thumb Code    96  uldiv.o(.text)
    __aeabi_llsl                             0x000006a9   Thumb Code    32  llshl.o(.text)
    _ll_shift_l                              0x000006a9   Thumb Code     0  llshl.o(.text)
    __aeabi_llsr                             0x000006c9   Thumb Code    34  llushr.o(.text)
    _ll_ushift_r                             0x000006c9   Thumb Code     0  llushr.o(.text)
    __aeabi_lasr                             0x000006eb   Thumb Code    38  llsshr.o(.text)
    _ll_sshift_r                             0x000006eb   Thumb Code     0  llsshr.o(.text)
    strtol                                   0x00000711   Thumb Code   108  strtol.o(.text)
    __I$use$fp                               0x00000781   Thumb Code     0  iusefp.o(.text)
    _double_round                            0x00000781   Thumb Code    26  depilogue.o(.text)
    _double_epilogue                         0x0000079b   Thumb Code   164  depilogue.o(.text)
    __aeabi_d2ulz                            0x00000841   Thumb Code    54  dfixul.o(.text)
    __scatterload                            0x00000881   Thumb Code    28  init.o(.text)
    __scatterload_rt2                        0x00000881   Thumb Code     0  init.o(.text)
    __rt_ctype_table                         0x000008a5   Thumb Code     4  ctype_o.o(.text)
    _strtoul                                 0x000008ad   Thumb Code   166  _strtoul.o(.text)
    _chval                                   0x00000953   Thumb Code    30  _chval.o(.text)
    __decompress                             0x00000971   Thumb Code     0  __dclz77c.o(.text)
    __decompress2                            0x00000971   Thumb Code    96  __dclz77c.o(.text)
    AFIO_GPxConfig                           0x000009d1   Thumb Code    94  ht32f5xxxx_gpio.o(i.AFIO_GPxConfig)
    CKCU_GetClocksFrequency                  0x00000a35   Thumb Code   130  ht32f5xxxx_ckcu.o(i.CKCU_GetClocksFrequency)
    CKCU_GetPLLFrequency                     0x00000ac1   Thumb Code    96  ht32f5xxxx_ckcu.o(i.CKCU_GetPLLFrequency)
    CKCU_GetPeripFrequency                   0x00000b29   Thumb Code    50  ht32f5xxxx_ckcu.o(i.CKCU_GetPeripFrequency)
    CKCU_PeripClockConfig                    0x00000b61   Thumb Code    60  ht32f5xxxx_ckcu.o(i.CKCU_PeripClockConfig)
    Dev_Init                                 0x00000ba1   Thumb Code   370  main.o(i.Dev_Init)
    ESP8266_Clear                            0x00000ddd   Thumb Code    20  esp8266.o(i.ESP8266_Clear)
    ESP8266_GetIPD                           0x00000df9   Thumb Code    74  esp8266.o(i.ESP8266_GetIPD)
    ESP8266_Init                             0x00000e51   Thumb Code   136  esp8266.o(i.ESP8266_Init)
    ESP8266_SendCmd                          0x00000f99   Thumb Code    76  esp8266.o(i.ESP8266_SendCmd)
    ESP8266_SendData                         0x00000fe9   Thumb Code    50  esp8266.o(i.ESP8266_SendData)
    ESP8266_WaitRecive                       0x00001031   Thumb Code    44  esp8266.o(i.ESP8266_WaitRecive)
    GPIO_ClearOutBits                        0x00001065   Thumb Code     4  ht32f5xxxx_gpio.o(i.GPIO_ClearOutBits)
    GPIO_DirectionConfig                     0x00001069   Thumb Code    20  ht32f5xxxx_gpio.o(i.GPIO_DirectionConfig)
    GPIO_DriveConfig                         0x0000107d   Thumb Code    56  ht32f5xxxx_gpio.o(i.GPIO_DriveConfig)
    GPIO_InputConfig                         0x000010b5   Thumb Code    20  ht32f5xxxx_gpio.o(i.GPIO_InputConfig)
    GPIO_PullResistorConfig                  0x000010c9   Thumb Code    50  ht32f5xxxx_gpio.o(i.GPIO_PullResistorConfig)
    GPIO_SetOutBits                          0x000010fb   Thumb Code     4  ht32f5xxxx_gpio.o(i.GPIO_SetOutBits)
    HardFault_Handler                        0x00001101   Thumb Code    12  ht32f5xxxx_01_it.o(i.HardFault_Handler)
    LED_Init                                 0x00001111   Thumb Code    94  led.o(i.LED_Init)
    MCTM_CHMOECmd                            0x00001175   Thumb Code    24  ht32f5xxxx_mctm.o(i.MCTM_CHMOECmd)
    MCTM_PWM_Init                            0x0000118d   Thumb Code   184  pwm.o(i.MCTM_PWM_Init)
    MQTT_DeleteBuffer                        0x0000124d   Thumb Code    28  mqttkit.o(i.MQTT_DeleteBuffer)
    MQTT_DumpLength                          0x00001269   Thumb Code    50  mqttkit.o(i.MQTT_DumpLength)
    MQTT_NewBuffer                           0x0000129b   Thumb Code    92  mqttkit.o(i.MQTT_NewBuffer)
    MQTT_PacketConnect                       0x000012f9   Thumb Code   722  mqttkit.o(i.MQTT_PacketConnect)
    MQTT_PacketSubscribe                     0x000015e1   Thumb Code   276  mqttkit.o(i.MQTT_PacketSubscribe)
    MQTT_ReadLength                          0x000016f5   Thumb Code    74  mqttkit.o(i.MQTT_ReadLength)
    MQTT_UnPacketConnectAck                  0x0000173f   Thumb Code    32  mqttkit.o(i.MQTT_UnPacketConnectAck)
    MQTT_UnPacketPublish                     0x00001761   Thumb Code   468  mqttkit.o(i.MQTT_UnPacketPublish)
    MQTT_UnPacketRecv                        0x0000193d   Thumb Code   110  mqttkit.o(i.MQTT_UnPacketRecv)
    NMI_Handler                              0x000019b5   Thumb Code     2  ht32f5xxxx_01_it.o(i.NMI_Handler)
    OLED_Clear                               0x000019cd   Thumb Code    42  oled.o(i.OLED_Clear)
    OLED_ColorTurn                           0x000019fd   Thumb Code    30  oled.o(i.OLED_ColorTurn)
    OLED_DisplayTurn                         0x00001a1b   Thumb Code    46  oled.o(i.OLED_DisplayTurn)
    OLED_DrawPoint                           0x00001a49   Thumb Code   116  oled.o(i.OLED_DrawPoint)
    OLED_Init                                0x00001ac1   Thumb Code   286  oled.o(i.OLED_Init)
    OLED_Refresh                             0x00001bed   Thumb Code    70  oled.o(i.OLED_Refresh)
    OLED_ScrollDisplay                       0x00001c39   Thumb Code   184  oled.o(i.OLED_ScrollDisplay)
    OLED_ShowChar                            0x00001cf9   Thumb Code   278  oled.o(i.OLED_ShowChar)
    OLED_ShowChinese                         0x00001e21   Thumb Code   248  oled.o(i.OLED_ShowChinese)
    OLED_ShowString                          0x00001f29   Thumb Code    68  oled.o(i.OLED_ShowString)
    OLED_WR_Byte                             0x00001f6d   Thumb Code   122  oled.o(i.OLED_WR_Byte)
    OneNet_DevLink                           0x00001ff1   Thumb Code   192  onenet.o(i.OneNet_DevLink)
    Order_UnPacket                           0x00002205   Thumb Code   282  onenet.o(i.Order_UnPacket)
    PWM_Init                                 0x00002339   Thumb Code   368  pwm.o(i.PWM_Init)
    PWM_SetDuty                              0x000024b5   Thumb Code    20  pwm.o(i.PWM_SetDuty)
    PendSV_Handler                           0x000024c9   Thumb Code     2  ht32f5xxxx_01_it.o(i.PendSV_Handler)
    SERIAL_PutChar                           0x000024cd   Thumb Code    24  ht32_serial.o(i.SERIAL_PutChar)
    SVC_Handler                              0x000024e9   Thumb Code     2  ht32f5xxxx_01_it.o(i.SVC_Handler)
    SYSTICK_ClockSourceConfig                0x000024ed   Thumb Code    32  ht32_cm0plus_misc.o(i.SYSTICK_ClockSourceConfig)
    SYSTICK_CounterCmd                       0x00002511   Thumb Code    44  ht32_cm0plus_misc.o(i.SYSTICK_CounterCmd)
    SYSTICK_IntConfig                        0x00002541   Thumb Code    32  ht32_cm0plus_misc.o(i.SYSTICK_IntConfig)
    SYSTICK_SetReloadValue                   0x00002565   Thumb Code     6  ht32_cm0plus_misc.o(i.SYSTICK_SetReloadValue)
    SubscribeOrder                           0x00002571   Thumb Code    98  onenet.o(i.SubscribeOrder)
    SysTick_Handler                          0x0000262d   Thumb Code     2  ht32f5xxxx_01_it.o(i.SysTick_Handler)
    SystemInit                               0x00002631   Thumb Code   304  system_ht32f5xxxx_01.o(i.SystemInit)
    TM_CHCCRPreloadConfig                    0x00002775   Thumb Code    36  ht32f5xxxx_tm.o(i.TM_CHCCRPreloadConfig)
    TM_CRRPreloadCmd                         0x00002799   Thumb Code    24  ht32f5xxxx_tm.o(i.TM_CRRPreloadCmd)
    TM_ClearFlag                             0x000027b1   Thumb Code    10  ht32f5xxxx_tm.o(i.TM_ClearFlag)
    TM_Cmd                                   0x000027bb   Thumb Code    24  ht32f5xxxx_tm.o(i.TM_Cmd)
    TM_OutputInit                            0x000027d5   Thumb Code   202  ht32f5xxxx_tm.o(i.TM_OutputInit)
    TM_SetCaptureCompare                     0x000028a5   Thumb Code    14  ht32f5xxxx_tm.o(i.TM_SetCaptureCompare)
    TM_TimeBaseInit                          0x000028b5   Thumb Code    58  ht32f5xxxx_tm.o(i.TM_TimeBaseInit)
    TM_TimeBaseStructInit                    0x000028f5   Thumb Code    24  ht32f5xxxx_tm.o(i.TM_TimeBaseStructInit)
    Track_Init                               0x0000290d   Thumb Code   148  track.o(i.Track_Init)
    Translate_Angle2Pulse                    0x000029ad   Thumb Code   400  servo.o(i.Translate_Angle2Pulse)
    UART0_IRQHandler                         0x00002b69   Thumb Code    62  k210.o(i.UART0_IRQHandler)
    USART0_IRQHandler                        0x00002bb5   Thumb Code    64  esp8266.o(i.USART0_IRQHandler)
    USART1_IRQHandler                        0x00002bfd   Thumb Code    62  servo.o(i.USART1_IRQHandler)
    USART_ClearFlag                          0x00002c49   Thumb Code     8  ht32f5xxxx_usart.o(i.USART_ClearFlag)
    USART_Configuration                      0x00002c51   Thumb Code   350  usart.o(i.USART_Configuration)
    USART_GetFlagStatus                      0x00002dc1   Thumb Code    18  ht32f5xxxx_usart.o(i.USART_GetFlagStatus)
    USART_Init                               0x00002dd5   Thumb Code   122  ht32f5xxxx_usart.o(i.USART_Init)
    USART_IntConfig                          0x00002e61   Thumb Code    20  ht32f5xxxx_usart.o(i.USART_IntConfig)
    USART_SendData                           0x00002e75   Thumb Code     4  ht32f5xxxx_usart.o(i.USART_SendData)
    USART_TxRxCmd                            0x00002e79   Thumb Code    30  ht32f5xxxx_usart.o(i.USART_TxRxCmd)
    UsartPrintf                              0x00002e97   Thumb Code    74  usart.o(i.UsartPrintf)
    Usart_SendStr                            0x00002ee1   Thumb Code    30  usart.o(i.Usart_SendStr)
    Usart_SendString                         0x00002eff   Thumb Code    46  usart.o(i.Usart_SendString)
    Usart_Sendbyte                           0x00002f2d   Thumb Code    30  usart.o(i.Usart_Sendbyte)
    __0printf                                0x00002f4d   Thumb Code    24  printfa.o(i.__0printf)
    __1printf                                0x00002f4d   Thumb Code     0  printfa.o(i.__0printf)
    __2printf                                0x00002f4d   Thumb Code     0  printfa.o(i.__0printf)
    __c89printf                              0x00002f4d   Thumb Code     0  printfa.o(i.__0printf)
    printf                                   0x00002f4d   Thumb Code     0  printfa.o(i.__0printf)
    __0sprintf                               0x00002f6d   Thumb Code    36  printfa.o(i.__0sprintf)
    __1sprintf                               0x00002f6d   Thumb Code     0  printfa.o(i.__0sprintf)
    __2sprintf                               0x00002f6d   Thumb Code     0  printfa.o(i.__0sprintf)
    __c89sprintf                             0x00002f6d   Thumb Code     0  printfa.o(i.__0sprintf)
    sprintf                                  0x00002f6d   Thumb Code     0  printfa.o(i.__0sprintf)
    __0vsnprintf                             0x00002f95   Thumb Code    44  printfa.o(i.__0vsnprintf)
    __1vsnprintf                             0x00002f95   Thumb Code     0  printfa.o(i.__0vsnprintf)
    __2vsnprintf                             0x00002f95   Thumb Code     0  printfa.o(i.__0vsnprintf)
    __c89vsnprintf                           0x00002f95   Thumb Code     0  printfa.o(i.__0vsnprintf)
    vsnprintf                                0x00002f95   Thumb Code     0  printfa.o(i.__0vsnprintf)
    __ARM_clz                                0x00002fc5   Thumb Code    46  depilogue.o(i.__ARM_clz)
    __ARM_common_switch8                     0x00002ff3   Thumb Code    28  ht32f5xxxx_ckcu.o(i.__ARM_common_switch8)
    __aeabi_errno_addr                       0x00003011   Thumb Code     4  errno.o(i.__aeabi_errno_addr)
    __rt_errno_addr                          0x00003011   Thumb Code     0  errno.o(i.__aeabi_errno_addr)
    __scatterload_copy                       0x00003019   Thumb Code    14  handlers.o(i.__scatterload_copy)
    __scatterload_null                       0x00003027   Thumb Code     2  handlers.o(i.__scatterload_null)
    __scatterload_zeroinit                   0x00003029   Thumb Code    14  handlers.o(i.__scatterload_zeroinit)
    delay_ms                                 0x00003909   Thumb Code    26  delay.o(i.delay_ms)
    delay_us                                 0x00003925   Thumb Code    90  delay.o(i.delay_us)
    fputc                                    0x0000398d   Thumb Code    14  ht32_retarget.o(i.fputc)
    free                                     0x0000399d   Thumb Code    80  malloc.o(i.free)
    main                                     0x000039f1   Thumb Code   340  main.o(i.main)
    malloc                                   0x00003bbd   Thumb Code    92  malloc.o(i.malloc)
    pwm_start                                0x00003c29   Thumb Code    96  servo.o(i.pwm_start)
    servo_out                                0x00003c91   Thumb Code   276  servo.o(i.servo_out)
    servo_reset_begin                        0x00003dc5   Thumb Code    92  servo.o(i.servo_reset_begin)
    asc2_0806                                0x00003e38   Data         552  oled.o(.constdata)
    asc2_1206                                0x00004060   Data        1140  oled.o(.constdata)
    asc2_1608                                0x000044d4   Data        1520  oled.o(.constdata)
    asc2_2412                                0x00004ac4   Data        3420  oled.o(.constdata)
    Hzk1                                     0x00005820   Data         256  oled.o(.constdata)
    Hzk2                                     0x00005920   Data          72  oled.o(.constdata)
    Hzk3                                     0x00005968   Data         128  oled.o(.constdata)
    Hzk4                                     0x000059e8   Data         512  oled.o(.constdata)
    __ctype_table                            0x00005be8   Data         129  ctype_o.o(.constdata)
    Region$$Table$$Base                      0x00005c84   Number         0  anon$$obj.o(Region$$Table)
    Region$$Table$$Limit                     0x00005ca4   Number         0  anon$$obj.o(Region$$Table)
    BMP1                                     0x20000000   Data        1024  main.o(.data)
    BMP2                                     0x20000400   Data        1024  main.o(.data)
    order_flag                               0x20000800   Data           1  main.o(.data)
    Car_flag                                 0x20000801   Data           1  main.o(.data)
    Arm_flag                                 0x20000802   Data           1  main.o(.data)
    SystemCoreClock                          0x20000808   Data           4  system_ht32f5xxxx_01.o(.data)
    __stdout                                 0x2000080c   Data           4  ht32_retarget.o(.data)
    __stdin                                  0x20000810   Data           4  ht32_retarget.o(.data)
    pulse_1                                  0x20000818   Data           8  servo.o(.data)
    pulse_2                                  0x20000820   Data           8  servo.o(.data)
    pulse_3                                  0x20000828   Data           8  servo.o(.data)
    pulse_4                                  0x20000830   Data           8  servo.o(.data)
    pulse_5                                  0x20000838   Data           8  servo.o(.data)
    pulse_6                                  0x20000840   Data           8  servo.o(.data)
    angle_1                                  0x20000848   Data           8  servo.o(.data)
    angle_2                                  0x20000850   Data           8  servo.o(.data)
    angle_3                                  0x20000858   Data           8  servo.o(.data)
    angle_4                                  0x20000860   Data           8  servo.o(.data)
    angle_5                                  0x20000868   Data           8  servo.o(.data)
    angle_6                                  0x20000870   Data           8  servo.o(.data)
    now_angle_1                              0x20000878   Data           8  servo.o(.data)
    now_angle_2                              0x20000880   Data           8  servo.o(.data)
    now_angle_3                              0x20000888   Data           8  servo.o(.data)
    now_angle_4                              0x20000890   Data           8  servo.o(.data)
    now_angle_5                              0x20000898   Data           8  servo.o(.data)
    now_angle_6                              0x200008a0   Data           8  servo.o(.data)
    target_angle_1                           0x200008a8   Data           8  servo.o(.data)
    target_angle_2                           0x200008b0   Data           8  servo.o(.data)
    target_angle_3                           0x200008b8   Data           8  servo.o(.data)
    target_angle_4                           0x200008c0   Data           8  servo.o(.data)
    target_angle_5                           0x200008c8   Data           8  servo.o(.data)
    target_angle_6                           0x200008d0   Data           8  servo.o(.data)
    center_x                                 0x200008d8   Data           1  servo.o(.data)
    center_y                                 0x200008d9   Data           1  servo.o(.data)
    color_type                               0x200008da   Data           1  servo.o(.data)
    center_x_cm                              0x200008e0   Data           8  servo.o(.data)
    center_y_cm                              0x200008e8   Data           8  servo.o(.data)
    a1                                       0x200008f0   Data           8  servo.o(.data)
    a2                                       0x200008f8   Data           8  servo.o(.data)
    a3                                       0x20000900   Data           8  servo.o(.data)
    a4                                       0x20000908   Data           8  servo.o(.data)
    a5                                       0x20000910   Data           8  servo.o(.data)
    a6                                       0x20000918   Data           8  servo.o(.data)
    abs_angle_error_1                        0x20000920   Data           8  servo.o(.data)
    abs_angle_error_2                        0x20000928   Data           8  servo.o(.data)
    abs_angle_error_3                        0x20000930   Data           8  servo.o(.data)
    abs_angle_error_4                        0x20000938   Data           8  servo.o(.data)
    abs_angle_error_5                        0x20000940   Data           8  servo.o(.data)
    abs_angle_error_6                        0x20000948   Data           8  servo.o(.data)
    loc_cnt                                  0x20000950   Data           2  servo.o(.data)
    loc_cntPre                               0x20000952   Data           2  servo.o(.data)
    K210_cnt                                 0x20000954   Data           2  k210.o(.data)
    K210_cntPre                              0x20000956   Data           2  k210.o(.data)
    esp8266_cnt                              0x20000958   Data           2  esp8266.o(.data)
    esp8266_cntPre                           0x2000095a   Data           2  esp8266.o(.data)
    topics                                   0x2000095c   Data           4  onenet.o(.data)
    __microlib_freelist                      0x20000964   Data           4  mvars.o(.data)
    __microlib_freelist_initialised          0x20000968   Data           4  mvars.o(.data)
    OLED_show_buf                            0x20000970   Data          20  main.o(.bss)
    Servo_buf                                0x20000984   Data          20  servo.o(.bss)
    location_buf                             0x20000998   Data          20  k210.o(.bss)
    OLED_GRAM                                0x200009ac   Data        1152  oled.o(.bss)
    esp8266_buf                              0x20000e2c   Data         256  esp8266.o(.bss)
    __HT_check_heap                          0x20000f30   Data           0  startup_ht32f5xxxx_01.o(HEAP)
    __HT_check_sp                            0x20000f30   Data           0  startup_ht32f5xxxx_01.o(STACK)
    __heap_base                              0x20000f30   Data           0  startup_ht32f5xxxx_01.o(HEAP)
    __heap_limit                             0x20000f30   Data           0  startup_ht32f5xxxx_01.o(HEAP)
    __initial_sp                             0x20001130   Data           0  startup_ht32f5xxxx_01.o(STACK)



==============================================================================

Memory Map of the image

  Image Entry point : 0x000000c1

  Load Region LR_IROM1 (Base: 0x00000000, Size: 0x00006614, Max: 0x0001fe00, ABSOLUTE, COMPRESSED[0x00005e9c])

    Execution Region ER_IROM1 (Exec base: 0x00000000, Load base: 0x00000000, Size: 0x00005ca4, Max: 0x0001fe00, ABSOLUTE)

    Exec Addr    Load Addr    Size         Type   Attr      Idx    E Section Name        Object

    0x00000000   0x00000000   0x0000011c   Code   RO          304  * RESET               startup_ht32f5xxxx_01.o
    0x0000011c   0x0000011c   0x00000000   Code   RO         5123  * .ARM.Collect$$$$00000000  mc_p.l(entry.o)
    0x0000011c   0x0000011c   0x00000004   Code   RO         5526    .ARM.Collect$$$$00000001  mc_p.l(entry2.o)
    0x00000120   0x00000120   0x00000004   Code   RO         5529    .ARM.Collect$$$$00000004  mc_p.l(entry5.o)
    0x00000124   0x00000124   0x00000000   Code   RO         5531    .ARM.Collect$$$$00000008  mc_p.l(entry7b.o)
    0x00000124   0x00000124   0x00000000   Code   RO         5533    .ARM.Collect$$$$0000000A  mc_p.l(entry8b.o)
    0x00000124   0x00000124   0x00000008   Code   RO         5534    .ARM.Collect$$$$0000000B  mc_p.l(entry9a.o)
    0x0000012c   0x0000012c   0x00000004   Code   RO         5541    .ARM.Collect$$$$0000000E  mc_p.l(entry12b.o)
    0x00000130   0x00000130   0x00000000   Code   RO         5536    .ARM.Collect$$$$0000000F  mc_p.l(entry10a.o)
    0x00000130   0x00000130   0x00000000   Code   RO         5538    .ARM.Collect$$$$00000011  mc_p.l(entry11a.o)
    0x00000130   0x00000130   0x00000004   Code   RO         5527    .ARM.Collect$$$$00002712  mc_p.l(entry2.o)
    0x00000134   0x00000134   0x0000002c   Code   RO         5126    .text               mc_p.l(uidiv.o)
    0x00000160   0x00000160   0x00000024   Code   RO         5135    .text               mc_p.l(memcpya.o)
    0x00000184   0x00000184   0x00000024   Code   RO         5137    .text               mc_p.l(memseta.o)
    0x000001a8   0x000001a8   0x00000028   Code   RO         5141    .text               mc_p.l(strstr.o)
    0x000001d0   0x000001d0   0x00000014   Code   RO         5143    .text               mc_p.l(strchr.o)
    0x000001e4   0x000001e4   0x0000000e   Code   RO         5145    .text               mc_p.l(strlen.o)
    0x000001f2   0x000001f2   0x00000028   Code   RO         5147    .text               mc_p.l(strncat.o)
    0x0000021a   0x0000021a   0x00000012   Code   RO         5149    .text               mc_p.l(strcpy.o)
    0x0000022c   0x0000022c   0x0000004c   Code   RO         5153    .text               mc_p.l(strtok_r.o)
    0x00000278   0x00000278   0x0000001a   Code   RO         5447    .text               mc_p.l(atoi.o)
    0x00000292   0x00000292   0x00000002   PAD
    0x00000294   0x00000294   0x00000168   Code   RO         5451    .text               mf_p.l(dadd.o)
    0x000003fc   0x000003fc   0x000000d0   Code   RO         5453    .text               mf_p.l(dmul.o)
    0x000004cc   0x000004cc   0x000000f0   Code   RO         5455    .text               mf_p.l(ddiv.o)
    0x000005bc   0x000005bc   0x0000003c   Code   RO         5461    .text               mf_p.l(dfixui.o)
    0x000005f8   0x000005f8   0x00000028   Code   RO         5465    .text               mf_p.l(cdcmple.o)
    0x00000620   0x00000620   0x00000028   Code   RO         5467    .text               mf_p.l(cdrcmple.o)
    0x00000648   0x00000648   0x00000060   Code   RO         5542    .text               mc_p.l(uldiv.o)
    0x000006a8   0x000006a8   0x00000020   Code   RO         5544    .text               mc_p.l(llshl.o)
    0x000006c8   0x000006c8   0x00000022   Code   RO         5546    .text               mc_p.l(llushr.o)
    0x000006ea   0x000006ea   0x00000026   Code   RO         5548    .text               mc_p.l(llsshr.o)
    0x00000710   0x00000710   0x00000070   Code   RO         5561    .text               mc_p.l(strtol.o)
    0x00000780   0x00000780   0x00000000   Code   RO         5563    .text               mc_p.l(iusefp.o)
    0x00000780   0x00000780   0x000000be   Code   RO         5566    .text               mf_p.l(depilogue.o)
    0x0000083e   0x0000083e   0x00000002   PAD
    0x00000840   0x00000840   0x00000040   Code   RO         5572    .text               mf_p.l(dfixul.o)
    0x00000880   0x00000880   0x00000024   Code   RO         5574    .text               mc_p.l(init.o)
    0x000008a4   0x000008a4   0x00000008   Code   RO         5578    .text               mc_p.l(ctype_o.o)
    0x000008ac   0x000008ac   0x000000a6   Code   RO         5612    .text               mc_p.l(_strtoul.o)
    0x00000952   0x00000952   0x0000001e   Code   RO         5623    .text               mc_p.l(_chval.o)
    0x00000970   0x00000970   0x00000060   Code   RO         5635    .text               mc_p.l(__dclz77c.o)
    0x000009d0   0x000009d0   0x00000064   Code   RO         1428    i.AFIO_GPxConfig    ht32f5xxxx_gpio.o
    0x00000a34   0x00000a34   0x0000008c   Code   RO          848    i.CKCU_GetClocksFrequency  ht32f5xxxx_ckcu.o
    0x00000ac0   0x00000ac0   0x00000068   Code   RO          850    i.CKCU_GetPLLFrequency  ht32f5xxxx_ckcu.o
    0x00000b28   0x00000b28   0x00000038   Code   RO          851    i.CKCU_GetPeripFrequency  ht32f5xxxx_ckcu.o
    0x00000b60   0x00000b60   0x00000040   Code   RO          866    i.CKCU_PeripClockConfig  ht32f5xxxx_ckcu.o
    0x00000ba0   0x00000ba0   0x0000023c   Code   RO            3    i.Dev_Init          main.o
    0x00000ddc   0x00000ddc   0x0000001c   Code   RO         4922    i.ESP8266_Clear     esp8266.o
    0x00000df8   0x00000df8   0x00000058   Code   RO         4923    i.ESP8266_GetIPD    esp8266.o
    0x00000e50   0x00000e50   0x00000148   Code   RO         4924    i.ESP8266_Init      esp8266.o
    0x00000f98   0x00000f98   0x00000050   Code   RO         4925    i.ESP8266_SendCmd   esp8266.o
    0x00000fe8   0x00000fe8   0x00000048   Code   RO         4926    i.ESP8266_SendData  esp8266.o
    0x00001030   0x00001030   0x00000034   Code   RO         4927    i.ESP8266_WaitRecive  esp8266.o
    0x00001064   0x00001064   0x00000004   Code   RO         1429    i.GPIO_ClearOutBits  ht32f5xxxx_gpio.o
    0x00001068   0x00001068   0x00000014   Code   RO         1431    i.GPIO_DirectionConfig  ht32f5xxxx_gpio.o
    0x0000107c   0x0000107c   0x00000038   Code   RO         1433    i.GPIO_DriveConfig  ht32f5xxxx_gpio.o
    0x000010b4   0x000010b4   0x00000014   Code   RO         1434    i.GPIO_InputConfig  ht32f5xxxx_gpio.o
    0x000010c8   0x000010c8   0x00000032   Code   RO         1439    i.GPIO_PullResistorConfig  ht32f5xxxx_gpio.o
    0x000010fa   0x000010fa   0x00000004   Code   RO         1444    i.GPIO_SetOutBits   ht32f5xxxx_gpio.o
    0x000010fe   0x000010fe   0x00000002   PAD
    0x00001100   0x00001100   0x00000010   Code   RO          224    i.HardFault_Handler  ht32f5xxxx_01_it.o
    0x00001110   0x00001110   0x00000064   Code   RO         4159    i.LED_Init          led.o
    0x00001174   0x00001174   0x00000018   Code   RO         1845    i.MCTM_CHMOECmd     ht32f5xxxx_mctm.o
    0x0000118c   0x0000118c   0x000000c0   Code   RO         3433    i.MCTM_PWM_Init     pwm.o
    0x0000124c   0x0000124c   0x0000001c   Code   RO         4730    i.MQTT_DeleteBuffer  mqttkit.o
    0x00001268   0x00001268   0x00000032   Code   RO         4731    i.MQTT_DumpLength   mqttkit.o
    0x0000129a   0x0000129a   0x0000005c   Code   RO         4732    i.MQTT_NewBuffer    mqttkit.o
    0x000012f6   0x000012f6   0x00000002   PAD
    0x000012f8   0x000012f8   0x000002e8   Code   RO         4734    i.MQTT_PacketConnect  mqttkit.o
    0x000015e0   0x000015e0   0x00000114   Code   RO         4744    i.MQTT_PacketSubscribe  mqttkit.o
    0x000016f4   0x000016f4   0x0000004a   Code   RO         4746    i.MQTT_ReadLength   mqttkit.o
    0x0000173e   0x0000173e   0x00000020   Code   RO         4748    i.MQTT_UnPacketConnectAck  mqttkit.o
    0x0000175e   0x0000175e   0x00000002   PAD
    0x00001760   0x00001760   0x000001dc   Code   RO         4749    i.MQTT_UnPacketPublish  mqttkit.o
    0x0000193c   0x0000193c   0x00000078   Code   RO         4754    i.MQTT_UnPacketRecv  mqttkit.o
    0x000019b4   0x000019b4   0x00000002   Code   RO          225    i.NMI_Handler       ht32f5xxxx_01_it.o
    0x000019b6   0x000019b6   0x00000002   PAD
    0x000019b8   0x000019b8   0x00000014   Code   RO         3943    i.NVIC_EnableIRQ    usart.o
    0x000019cc   0x000019cc   0x00000030   Code   RO         4179    i.OLED_Clear        oled.o
    0x000019fc   0x000019fc   0x0000001e   Code   RO         4180    i.OLED_ColorTurn    oled.o
    0x00001a1a   0x00001a1a   0x0000002e   Code   RO         4183    i.OLED_DisplayTurn  oled.o
    0x00001a48   0x00001a48   0x00000078   Code   RO         4186    i.OLED_DrawPoint    oled.o
    0x00001ac0   0x00001ac0   0x0000012c   Code   RO         4187    i.OLED_Init         oled.o
    0x00001bec   0x00001bec   0x0000004c   Code   RO         4189    i.OLED_Refresh      oled.o
    0x00001c38   0x00001c38   0x000000c0   Code   RO         4190    i.OLED_ScrollDisplay  oled.o
    0x00001cf8   0x00001cf8   0x00000128   Code   RO         4191    i.OLED_ShowChar     oled.o
    0x00001e20   0x00001e20   0x00000108   Code   RO         4192    i.OLED_ShowChinese  oled.o
    0x00001f28   0x00001f28   0x00000044   Code   RO         4195    i.OLED_ShowString   oled.o
    0x00001f6c   0x00001f6c   0x00000084   Code   RO         4196    i.OLED_WR_Byte      oled.o
    0x00001ff0   0x00001ff0   0x00000214   Code   RO         4982    i.OneNet_DevLink    onenet.o
    0x00002204   0x00002204   0x00000134   Code   RO         4985    i.Order_UnPacket    onenet.o
    0x00002338   0x00002338   0x0000017c   Code   RO         3434    i.PWM_Init          pwm.o
    0x000024b4   0x000024b4   0x00000014   Code   RO         3435    i.PWM_SetDuty       pwm.o
    0x000024c8   0x000024c8   0x00000002   Code   RO          226    i.PendSV_Handler    ht32f5xxxx_01_it.o
    0x000024ca   0x000024ca   0x00000002   PAD
    0x000024cc   0x000024cc   0x0000001c   Code   RO          616    i.SERIAL_PutChar    ht32_serial.o
    0x000024e8   0x000024e8   0x00000002   Code   RO          227    i.SVC_Handler       ht32f5xxxx_01_it.o
    0x000024ea   0x000024ea   0x00000002   PAD
    0x000024ec   0x000024ec   0x00000024   Code   RO          448    i.SYSTICK_ClockSourceConfig  ht32_cm0plus_misc.o
    0x00002510   0x00002510   0x00000030   Code   RO          449    i.SYSTICK_CounterCmd  ht32_cm0plus_misc.o
    0x00002540   0x00002540   0x00000024   Code   RO          450    i.SYSTICK_IntConfig  ht32_cm0plus_misc.o
    0x00002564   0x00002564   0x0000000c   Code   RO          451    i.SYSTICK_SetReloadValue  ht32_cm0plus_misc.o
    0x00002570   0x00002570   0x000000bc   Code   RO         4986    i.SubscribeOrder    onenet.o
    0x0000262c   0x0000262c   0x00000002   Code   RO          228    i.SysTick_Handler   ht32f5xxxx_01_it.o
    0x0000262e   0x0000262e   0x00000002   PAD
    0x00002630   0x00002630   0x00000144   Code   RO          270    i.SystemInit        system_ht32f5xxxx_01.o
    0x00002774   0x00002774   0x00000024   Code   RO         2558    i.TM_CHCCRPreloadConfig  ht32f5xxxx_tm.o
    0x00002798   0x00002798   0x00000018   Code   RO         2561    i.TM_CRRPreloadCmd  ht32f5xxxx_tm.o
    0x000027b0   0x000027b0   0x0000000a   Code   RO         2567    i.TM_ClearFlag      ht32f5xxxx_tm.o
    0x000027ba   0x000027ba   0x00000018   Code   RO         2570    i.TM_Cmd            ht32f5xxxx_tm.o
    0x000027d2   0x000027d2   0x00000002   PAD
    0x000027d4   0x000027d4   0x000000d0   Code   RO         2589    i.TM_OutputInit     ht32f5xxxx_tm.o
    0x000028a4   0x000028a4   0x0000000e   Code   RO         2596    i.TM_SetCaptureCompare  ht32f5xxxx_tm.o
    0x000028b2   0x000028b2   0x00000002   PAD
    0x000028b4   0x000028b4   0x00000040   Code   RO         2603    i.TM_TimeBaseInit   ht32f5xxxx_tm.o
    0x000028f4   0x000028f4   0x00000018   Code   RO         2604    i.TM_TimeBaseStructInit  ht32f5xxxx_tm.o
    0x0000290c   0x0000290c   0x000000a0   Code   RO         4315    i.Track_Init        track.o
    0x000029ac   0x000029ac   0x000001bc   Code   RO         4019    i.Translate_Angle2Pulse  servo.o
    0x00002b68   0x00002b68   0x0000004c   Code   RO         4115    i.UART0_IRQHandler  k210.o
    0x00002bb4   0x00002bb4   0x00000048   Code   RO         4928    i.USART0_IRQHandler  esp8266.o
    0x00002bfc   0x00002bfc   0x0000004c   Code   RO         4020    i.USART1_IRQHandler  servo.o
    0x00002c48   0x00002c48   0x00000008   Code   RO         2876    i.USART_ClearFlag   ht32f5xxxx_usart.o
    0x00002c50   0x00002c50   0x00000170   Code   RO         3944    i.USART_Configuration  usart.o
    0x00002dc0   0x00002dc0   0x00000012   Code   RO         2881    i.USART_GetFlagStatus  ht32f5xxxx_usart.o
    0x00002dd2   0x00002dd2   0x00000002   PAD
    0x00002dd4   0x00002dd4   0x0000008c   Code   RO         2883    i.USART_Init        ht32f5xxxx_usart.o
    0x00002e60   0x00002e60   0x00000014   Code   RO         2884    i.USART_IntConfig   ht32f5xxxx_usart.o
    0x00002e74   0x00002e74   0x00000004   Code   RO         2894    i.USART_SendData    ht32f5xxxx_usart.o
    0x00002e78   0x00002e78   0x0000001e   Code   RO         2905    i.USART_TxRxCmd     ht32f5xxxx_usart.o
    0x00002e96   0x00002e96   0x0000004a   Code   RO         3947    i.UsartPrintf       usart.o
    0x00002ee0   0x00002ee0   0x0000001e   Code   RO         3949    i.Usart_SendStr     usart.o
    0x00002efe   0x00002efe   0x0000002e   Code   RO         3950    i.Usart_SendString  usart.o
    0x00002f2c   0x00002f2c   0x0000001e   Code   RO         3951    i.Usart_Sendbyte    usart.o
    0x00002f4a   0x00002f4a   0x00000002   PAD
    0x00002f4c   0x00002f4c   0x00000020   Code   RO         5391    i.__0printf         mc_p.l(printfa.o)
    0x00002f6c   0x00002f6c   0x00000028   Code   RO         5393    i.__0sprintf        mc_p.l(printfa.o)
    0x00002f94   0x00002f94   0x00000030   Code   RO         5396    i.__0vsnprintf      mc_p.l(printfa.o)
    0x00002fc4   0x00002fc4   0x0000002e   Code   RO         5568    i.__ARM_clz         mf_p.l(depilogue.o)
    0x00002ff2   0x00002ff2   0x0000001c   Code   RO         1043    i.__ARM_common_switch8  ht32f5xxxx_ckcu.o
    0x0000300e   0x0000300e   0x00000002   PAD
    0x00003010   0x00003010   0x00000008   Code   RO         5552    i.__aeabi_errno_addr  mc_p.l(errno.o)
    0x00003018   0x00003018   0x0000000e   Code   RO         5629    i.__scatterload_copy  mc_p.l(handlers.o)
    0x00003026   0x00003026   0x00000002   Code   RO         5630    i.__scatterload_null  mc_p.l(handlers.o)
    0x00003028   0x00003028   0x0000000e   Code   RO         5631    i.__scatterload_zeroinit  mc_p.l(handlers.o)
    0x00003036   0x00003036   0x00000002   PAD
    0x00003038   0x00003038   0x00000174   Code   RO         5398    i._fp_digits        mc_p.l(printfa.o)
    0x000031ac   0x000031ac   0x000006f0   Code   RO         5399    i._printf_core      mc_p.l(printfa.o)
    0x0000389c   0x0000389c   0x00000020   Code   RO         5400    i._printf_post_padding  mc_p.l(printfa.o)
    0x000038bc   0x000038bc   0x0000002c   Code   RO         5401    i._printf_pre_padding  mc_p.l(printfa.o)
    0x000038e8   0x000038e8   0x00000016   Code   RO         5402    i._snputc           mc_p.l(printfa.o)
    0x000038fe   0x000038fe   0x0000000a   Code   RO         5403    i._sputc            mc_p.l(printfa.o)
    0x00003908   0x00003908   0x0000001a   Code   RO         3885    i.delay_ms          delay.o
    0x00003922   0x00003922   0x00000002   PAD
    0x00003924   0x00003924   0x00000068   Code   RO         3887    i.delay_us          delay.o
    0x0000398c   0x0000398c   0x0000000e   Code   RO          540    i.fputc             ht32_retarget.o
    0x0000399a   0x0000399a   0x00000002   PAD
    0x0000399c   0x0000399c   0x00000054   Code   RO         5419    i.free              mc_p.l(malloc.o)
    0x000039f0   0x000039f0   0x000001cc   Code   RO            4    i.main              main.o
    0x00003bbc   0x00003bbc   0x0000006c   Code   RO         5420    i.malloc            mc_p.l(malloc.o)
    0x00003c28   0x00003c28   0x00000068   Code   RO         4021    i.pwm_start         servo.o
    0x00003c90   0x00003c90   0x00000134   Code   RO         4025    i.servo_out         servo.o
    0x00003dc4   0x00003dc4   0x00000074   Code   RO         4027    i.servo_reset_begin  servo.o
    0x00003e38   0x00003e38   0x00001db0   Data   RO         4198    .constdata          oled.o
    0x00005be8   0x00005be8   0x00000081   Data   RO         5579    .constdata          mc_p.l(ctype_o.o)
    0x00005c69   0x00005c69   0x00000003   PAD
    0x00005c6c   0x00005c6c   0x00000004   Data   RO         5580    .constdata          mc_p.l(ctype_o.o)
    0x00005c70   0x00005c70   0x00000012   Data   RO         4987    .conststring        onenet.o
    0x00005c82   0x00005c82   0x00000002   PAD
    0x00005c84   0x00005c84   0x00000020   Data   RO         5627    Region$$Table       anon$$obj.o


    Execution Region RW_IRAM1 (Exec base: 0x20000000, Load base: 0x00005ca4, Size: 0x00001130, Max: 0x00004000, ABSOLUTE, COMPRESSED[0x000001f8])

    Exec Addr    Load Addr    Size         Type   Attr      Idx    E Section Name        Object

    0x20000000   COMPRESSED   0x00000803   Data   RW            6    .data               main.o
    0x20000803   COMPRESSED   0x00000001   PAD
    0x20000804   COMPRESSED   0x00000004   Data   RW          229    .data               ht32f5xxxx_01_it.o
    0x20000808   COMPRESSED   0x00000004   Data   RW          271    .data               system_ht32f5xxxx_01.o
    0x2000080c   COMPRESSED   0x00000008   Data   RW          541    .data               ht32_retarget.o
    0x20000814   COMPRESSED   0x00000004   PAD
    0x20000818   COMPRESSED   0x0000013c   Data   RW         4029    .data               servo.o
    0x20000954   COMPRESSED   0x00000004   Data   RW         4117    .data               k210.o
    0x20000958   COMPRESSED   0x00000004   Data   RW         4930    .data               esp8266.o
    0x2000095c   COMPRESSED   0x00000004   Data   RW         4988    .data               onenet.o
    0x20000960   COMPRESSED   0x00000004   Data   RW         5154    .data               mc_p.l(strtok_r.o)
    0x20000964   COMPRESSED   0x00000004   Data   RW         5550    .data               mc_p.l(mvars.o)
    0x20000968   COMPRESSED   0x00000004   Data   RW         5551    .data               mc_p.l(mvars.o)
    0x2000096c   COMPRESSED   0x00000004   Data   RW         5555    .data               mc_p.l(errno.o)
    0x20000970        -       0x00000014   Zero   RW            5    .bss                main.o
    0x20000984        -       0x00000014   Zero   RW         4028    .bss                servo.o
    0x20000998        -       0x00000014   Zero   RW         4116    .bss                k210.o
    0x200009ac        -       0x00000480   Zero   RW         4197    .bss                oled.o
    0x20000e2c        -       0x00000100   Zero   RW         4929    .bss                esp8266.o
    0x20000f2c   COMPRESSED   0x00000004   PAD
    0x20000f30        -       0x00000000   Zero   RW          303    HEAP                startup_ht32f5xxxx_01.o
    0x20000f30        -       0x00000200   Zero   RW          302    STACK               startup_ht32f5xxxx_01.o


==============================================================================

Image component sizes


      Code (inc. data)   RO Data    RW Data    ZI Data      Debug   Object Name

       130         14          0          0          0       1078   delay.o
       720        256          0          4        256       5059   esp8266.o
         0          0          0          0          0       5852   ht32_board.o
       132         18          0          0          0       2226   ht32_cm0plus_misc.o
        14          0          0          8          0       2554   ht32_retarget.o
        28          4          0          0          0        541   ht32_serial.o
        24          4          0          4          0       2155   ht32f5xxxx_01_it.o
       392         38          0          0          0      11230   ht32f5xxxx_ckcu.o
       254          6          0          0          0       9382   ht32f5xxxx_gpio.o
        24          0          0          0          0      11164   ht32f5xxxx_mctm.o
       404         12          0          0          0       6316   ht32f5xxxx_tm.o
       220         18          0          0          0      11996   ht32f5xxxx_usart.o
        76         14          0          4         20       1443   k210.o
       100          6          0          0          0        787   led.o
      1032        322          0       2051         20      39063   main.o
      1892         40          0          0          0      10342   mqttkit.o
      1572         82       7600          0       1152       9520   oled.o
      1028        464         18          4          0       4740   onenet.o
       592         20          0          0          0       2381   pwm.o
      1048        122          0        316         20       5500   servo.o
       284        216          0          0        512        688   startup_ht32f5xxxx_01.o
       324         20          0          4          0       1851   system_ht32f5xxxx_01.o
       160         12          0          0          0        537   track.o
       568         24          0          0          0       4844   usart.o

    ----------------------------------------------------------------------
     11046       1712       7652       2400       1984     151249   Object Totals
         0          0         32          0          0          0   (incl. Generated)
        28          0          2          5          4          0   (incl. Padding)

    ----------------------------------------------------------------------

      Code (inc. data)   RO Data    RW Data    ZI Data      Debug   Library Member Name

        96          0          0          0          0          0   __dclz77c.o
        30          0          0          0          0         60   _chval.o
       166          0          0          0          0         84   _strtoul.o
        26          0          0          0          0         72   atoi.o
         8          4        133          0          0         60   ctype_o.o
         0          0          0          0          0          0   entry.o
         0          0          0          0          0          0   entry10a.o
         0          0          0          0          0          0   entry11a.o
         4          0          0          0          0          0   entry12b.o
         8          4          0          0          0          0   entry2.o
         4          0          0          0          0          0   entry5.o
         0          0          0          0          0          0   entry7b.o
         0          0          0          0          0          0   entry8b.o
         8          4          0          0          0          0   entry9a.o
         8          4          0          4          0         60   errno.o
        30          0          0          0          0          0   handlers.o
        36          8          0          0          0         68   init.o
         0          0          0          0          0          0   iusefp.o
        32          0          0          0          0         68   llshl.o
        38          0          0          0          0         68   llsshr.o
        34          0          0          0          0         68   llushr.o
       192         20          0          0          0        144   malloc.o
        36          0          0          0          0         60   memcpya.o
        36          0          0          0          0        100   memseta.o
         0          0          0          8          0          0   mvars.o
      2376        106          0          0          0        688   printfa.o
        20          0          0          0          0         60   strchr.o
        18          0          0          0          0         60   strcpy.o
        14          0          0          0          0         60   strlen.o
        40          0          0          0          0         68   strncat.o
        40          0          0          0          0         72   strstr.o
        76          6          0          4          0         88   strtok_r.o
       112          4          0          0          0         76   strtol.o
        44          0          0          0          0         72   uidiv.o
        96          0          0          0          0         84   uldiv.o
        40          2          0          0          0         68   cdcmple.o
        40          2          0          0          0         68   cdrcmple.o
       360          6          0          0          0        140   dadd.o
       240          6          0          0          0         84   ddiv.o
       236          0          0          0          0        216   depilogue.o
        60         10          0          0          0         68   dfixui.o
        64         10          0          0          0         68   dfixul.o
       208          6          0          0          0         88   dmul.o

    ----------------------------------------------------------------------
      4882        202        136         16          0       3040   Library Totals
         6          0          3          0          0          0   (incl. Padding)

    ----------------------------------------------------------------------

      Code (inc. data)   RO Data    RW Data    ZI Data      Debug   Library Name

      3628        160        133         16          0       2240   mc_p.l
      1248         42          0          0          0        800   mf_p.l

    ----------------------------------------------------------------------
      4882        202        136         16          0       3040   Library Totals

    ----------------------------------------------------------------------

==============================================================================


      Code (inc. data)   RO Data    RW Data    ZI Data      Debug   

     15928       1914       7788       2416       1984     149129   Grand Totals
     15928       1914       7788        504       1984     149129   ELF Image Totals (compressed)
     15928       1914       7788        504          0          0   ROM Totals

==============================================================================

    Total RO  Size (Code + RO Data)                23716 (  23.16kB)
    Total RW  Size (RW Data + ZI Data)              4400 (   4.30kB)
    Total ROM Size (Code + RO Data + RW Data)      24220 (  23.65kB)

==============================================================================

