Component: ARM Compiler 5.06 update 7 (build 960) Tool: armlink [4d3601]

==============================================================================

Section Cross References

    main.o(i.main) refers to usart.o(i.USART_Configuration) for USART_Configuration
    main.o(i.main) refers to esp8266.o(i.ESP8266_Init) for ESP8266_Init
    main.o(i.main) refers to onenet.o(i.OneNet_DevLink) for OneNet_DevLink
    main.o(i.main) refers to delay.o(i.delay_ms) for delay_ms
    main.o(i.main) refers to onenet.o(i.SubscribeOrder) for SubscribeOrder
    ht32f5xxxx_01_it.o(i.HardFault_Handler) refers to ht32f5xxxx_01_it.o(.data) for gIsContinue
    system_ht32f5xxxx_01.o(i.SystemCoreClockUpdate) refers to system_ht32f5xxxx_01.o(.data) for SystemCoreClock
    startup_ht32f5xxxx_01.o(RESET) refers to startup_ht32f5xxxx_01.o(STACK) for __initial_sp
    startup_ht32f5xxxx_01.o(RESET) refers to ht32f5xxxx_01_it.o(i.NMI_Handler) for NMI_Handler
    startup_ht32f5xxxx_01.o(RESET) refers to ht32f5xxxx_01_it.o(i.HardFault_Handler) for HardFault_Handler
    startup_ht32f5xxxx_01.o(RESET) refers to ht32f5xxxx_01_it.o(i.SVC_Handler) for SVC_Handler
    startup_ht32f5xxxx_01.o(RESET) refers to ht32f5xxxx_01_it.o(i.PendSV_Handler) for PendSV_Handler
    startup_ht32f5xxxx_01.o(RESET) refers to ht32f5xxxx_01_it.o(i.SysTick_Handler) for SysTick_Handler
    startup_ht32f5xxxx_01.o(RESET) refers to esp8266.o(i.USART0_IRQHandler) for USART0_IRQHandler
    startup_ht32f5xxxx_01.o(RESET) refers to usart.o(i.USART1_IRQHandler) for USART1_IRQHandler
    startup_ht32f5xxxx_01.o(RESET) refers to system_ht32f5xxxx_01.o(i.SystemInit) for SystemInit
    startup_ht32f5xxxx_01.o(RESET) refers to entry.o(.ARM.Collect$$$$00000000) for __main
    ht32_usbd_core.o(i.USBDCore_GetStatus) refers to ht32_usbd_core.o(.data) for pUSBCore
    ht32_usbd_core.o(i.USBDCore_IRQHandler) refers to ht32f5xxxx_usbd.o(i.USBD_GetINT) for USBD_GetINT
    ht32_usbd_core.o(i.USBDCore_IRQHandler) refers to ht32f5xxxx_usbd.o(i.USBD_ClearINT) for USBD_ClearINT
    ht32_usbd_core.o(i.USBDCore_IRQHandler) refers to ht32_usbd_core.o(i._USBDCore_Suspend) for _USBDCore_Suspend
    ht32_usbd_core.o(i.USBDCore_IRQHandler) refers to ht32_usbd_core.o(i._USBDCore_Reset) for _USBDCore_Reset
    ht32_usbd_core.o(i.USBDCore_IRQHandler) refers to ht32_usbd_core.o(i._USBDCore_Resume) for _USBDCore_Resume
    ht32_usbd_core.o(i.USBDCore_IRQHandler) refers to ht32f5xxxx_usbd.o(i.USBD_EPTGetINT) for USBD_EPTGetINT
    ht32_usbd_core.o(i.USBDCore_IRQHandler) refers to ht32f5xxxx_usbd.o(i.USBD_ReadSETUPData) for USBD_ReadSETUPData
    ht32_usbd_core.o(i.USBDCore_IRQHandler) refers to ht32_usbd_core.o(i._USBDCore_Setup) for _USBDCore_Setup
    ht32_usbd_core.o(i.USBDCore_IRQHandler) refers to ht32f5xxxx_usbd.o(i.USBD_EPTClearINT) for USBD_EPTClearINT
    ht32_usbd_core.o(i.USBDCore_IRQHandler) refers to ht32_usbd_core.o(i._USBDCore_ControlIN) for _USBDCore_ControlIN
    ht32_usbd_core.o(i.USBDCore_IRQHandler) refers to ht32_usbd_core.o(i._USBDCore_ControlOUT) for _USBDCore_ControlOUT
    ht32_usbd_core.o(i.USBDCore_IRQHandler) refers to ht32f5xxxx_usbd.o(i.USBD_GetEPTnINTNumber) for USBD_GetEPTnINTNumber
    ht32_usbd_core.o(i.USBDCore_Init) refers to ht32f5xxxx_usbd.o(i.USBD_Init) for USBD_Init
    ht32_usbd_core.o(i.USBDCore_Init) refers to ht32_usbd_core.o(.data) for pUSBCore
    ht32_usbd_core.o(i.USBDCore_MainRoutine) refers to ht32_usbd_core.o(i._USBDCore_PowerHandler) for _USBDCore_PowerHandler
    ht32_usbd_core.o(i.USBDCore_TriggerRemoteWakeup) refers to ht32f5xxxx_usbd.o(i.USBD_PowerOn) for USBD_PowerOn
    ht32_usbd_core.o(i.USBDCore_TriggerRemoteWakeup) refers to ht32f5xxxx_usbd.o(i.USBD_RemoteWakeup) for USBD_RemoteWakeup
    ht32_usbd_core.o(i._USBDCore_ControlIN) refers to ht32f5xxxx_usbd.o(i.USBD_EPTGetBufferLen) for USBD_EPTGetBufferLen
    ht32_usbd_core.o(i._USBDCore_ControlIN) refers to ht32f5xxxx_usbd.o(i.USBD_EPTWriteINData) for USBD_EPTWriteINData
    ht32_usbd_core.o(i._USBDCore_ControlOUT) refers to ht32f5xxxx_usbd.o(i.USBD_EPTReadOUTData) for USBD_EPTReadOUTData
    ht32_usbd_core.o(i._USBDCore_ControlOUT) refers to ht32f5xxxx_usbd.o(i.USBD_EPTWriteINData) for USBD_EPTWriteINData
    ht32_usbd_core.o(i._USBDCore_PowerHandler) refers to ht32f5xxxx_usbd.o(i.USBD_PowerUp) for USBD_PowerUp
    ht32_usbd_core.o(i._USBDCore_Reset) refers to ht32f5xxxx_usbd.o(i.USBD_DeInit) for USBD_DeInit
    ht32_usbd_core.o(i._USBDCore_Reset) refers to ht32f5xxxx_usbd.o(i.USBD_PowerOn) for USBD_PowerOn
    ht32_usbd_core.o(i._USBDCore_Reset) refers to ht32f5xxxx_usbd.o(i.USBD_EPTInit) for USBD_EPTInit
    ht32_usbd_core.o(i._USBDCore_Reset) refers to ht32f5xxxx_usbd.o(i.USBD_EnableINT) for USBD_EnableINT
    ht32_usbd_core.o(i._USBDCore_Resume) refers to ht32f5xxxx_usbd.o(i.USBD_PowerOn) for USBD_PowerOn
    ht32_usbd_core.o(i._USBDCore_Setup) refers to ht32_usbd_core.o(i._USBDCore_Standard_Request) for _USBDCore_Standard_Request
[...]
    Removing ht32f5xxxx_sci.o(i.SCI_OutputDIO), (28 bytes).
    Removing ht32f5xxxx_sci.o(i.SCI_PDMACmd), (20 bytes).
    Removing ht32f5xxxx_sci.o(i.SCI_ReceiveData), (8 bytes).
    Removing ht32f5xxxx_sci.o(i.SCI_SendData), (4 bytes).
    Removing ht32f5xxxx_sci.o(i.SCI_SetGuardTimeValue), (4 bytes).
    Removing ht32f5xxxx_sci.o(i.SCI_SetWaitingTimeValue), (4 bytes).
    Removing ht32f5xxxx_sci.o(i.SCI_SoftwareClockCmd), (26 bytes).
    Removing ht32f5xxxx_sci.o(i.SCI_StructInit), (14 bytes).
    Removing ht32f5xxxx_sci.o(i.SCI_WaitingTimeCounterCmd), (24 bytes).
    Removing ht32f5xxxx_spi.o(.rev16_text), (4 bytes).
    Removing ht32f5xxxx_spi.o(.revsh_text), (4 bytes).
    Removing ht32f5xxxx_spi.o(i.SPI_ClearFlag), (4 bytes).
    Removing ht32f5xxxx_spi.o(i.SPI_Cmd), (24 bytes).
    Removing ht32f5xxxx_spi.o(i.SPI_DUALCmd), (24 bytes).
    Removing ht32f5xxxx_spi.o(i.SPI_DeInit), (68 bytes).
    Removing ht32f5xxxx_spi.o(i.SPI_FIFOCmd), (28 bytes).
    Removing ht32f5xxxx_spi.o(i.SPI_FIFOTriggerLevelConfig), (44 bytes).
    Removing ht32f5xxxx_spi.o(i.SPI_GUADTCmd), (24 bytes).
    Removing ht32f5xxxx_spi.o(i.SPI_GUADTSPI_GUADTConfig), (20 bytes).
    Removing ht32f5xxxx_spi.o(i.SPI_GetFIFOStatus), (34 bytes).
    Removing ht32f5xxxx_spi.o(i.SPI_GetFlagStatus), (26 bytes).
    Removing ht32f5xxxx_spi.o(i.SPI_Init), (76 bytes).
    Removing ht32f5xxxx_spi.o(i.SPI_IntConfig), (20 bytes).
    Removing ht32f5xxxx_spi.o(i.SPI_PDMACmd), (20 bytes).
    Removing ht32f5xxxx_spi.o(i.SPI_ReceiveData), (8 bytes).
    Removing ht32f5xxxx_spi.o(i.SPI_SELHTConfig), (14 bytes).
    Removing ht32f5xxxx_spi.o(i.SPI_SELModeConfig), (28 bytes).
    Removing ht32f5xxxx_spi.o(i.SPI_SELOutputCmd), (24 bytes).
    Removing ht32f5xxxx_spi.o(i.SPI_SendData), (4 bytes).
    Removing ht32f5xxxx_spi.o(i.SPI_SetDataLength), (16 bytes).
    Removing ht32f5xxxx_spi.o(i.SPI_SetTimeOutValue), (4 bytes).
    Removing ht32f5xxxx_spi.o(i.SPI_SoftwareSELCmd), (28 bytes).
    Removing ht32f5xxxx_spi.o(i.SPI_StructInit), (28 bytes).
    Removing ht32f5xxxx_tm.o(.rev16_text), (4 bytes).
    Removing ht32f5xxxx_tm.o(.revsh_text), (4 bytes).
    Removing ht32f5xxxx_tm.o(i.TM_CHCCDSConfig), (28 bytes).
    Removing ht32f5xxxx_tm.o(i.TM_CHCCRPreloadConfig), (36 bytes).
    Removing ht32f5xxxx_tm.o(i.TM_CHPSCConfig), (30 bytes).
    Removing ht32f5xxxx_tm.o(i.TM_CKDIVConfig), (18 bytes).
    Removing ht32f5xxxx_tm.o(i.TM_CRRPreloadCmd), (24 bytes).
    Removing ht32f5xxxx_tm.o(i.TM_CaptureInit), (34 bytes).
    Removing ht32f5xxxx_tm.o(i.TM_CaptureStructInit), (20 bytes).
    Removing ht32f5xxxx_tm.o(i.TM_ChExternalClockConfig), (66 bytes).
    Removing ht32f5xxxx_tm.o(i.TM_ChPolarityConfig), (26 bytes).
    Removing ht32f5xxxx_tm.o(i.TM_ChannelConfig), (28 bytes).
    Removing ht32f5xxxx_tm.o(i.TM_ClearFlag), (10 bytes).
    Removing ht32f5xxxx_tm.o(i.TM_ClearIntPendingBit), (10 bytes).
    Removing ht32f5xxxx_tm.o(i.TM_ClearOREFConfig), (36 bytes).
    Removing ht32f5xxxx_tm.o(i.TM_Cmd), (24 bytes).
    Removing ht32f5xxxx_tm.o(i.TM_CounterModeConfig), (28 bytes).
    Removing ht32f5xxxx_tm.o(i.TM_DeInit), (136 bytes).
    Removing ht32f5xxxx_tm.o(i.TM_DecoderConfig), (84 bytes).
    Removing ht32f5xxxx_tm.o(i.TM_EtiConfig), (28 bytes).
    Removing ht32f5xxxx_tm.o(i.TM_EtiExternalClockConfig), (34 bytes).
    Removing ht32f5xxxx_tm.o(i.TM_ForcedOREF), (24 bytes).
    Removing ht32f5xxxx_tm.o(i.TM_GenerateEvent), (4 bytes).
    Removing ht32f5xxxx_tm.o(i.TM_GetCaptureCompare), (16 bytes).
    Removing ht32f5xxxx_tm.o(i.TM_GetCounter), (8 bytes).
    Removing ht32f5xxxx_tm.o(i.TM_GetFlagStatus), (18 bytes).
    Removing ht32f5xxxx_tm.o(i.TM_GetIntStatus), (32 bytes).
    Removing ht32f5xxxx_tm.o(i.TM_GetPrescaler), (8 bytes).
    Removing ht32f5xxxx_tm.o(i.TM_HallInterfaceCmd), (26 bytes).
    Removing ht32f5xxxx_tm.o(i.TM_ImmActiveConfig), (36 bytes).
    Removing ht32f5xxxx_tm.o(i.TM_IntConfig), (20 bytes).
    Removing ht32f5xxxx_tm.o(i.TM_InternalClockConfig), (12 bytes).
    Removing ht32f5xxxx_tm.o(i.TM_ItiExternalClockConfig), (26 bytes).
    Removing ht32f5xxxx_tm.o(i.TM_MMSELConfig), (14 bytes).
    Removing ht32f5xxxx_tm.o(i.TM_OutputInit), (208 bytes).
    Removing ht32f5xxxx_tm.o(i.TM_OutputModeConfig), (36 bytes).
    Removing ht32f5xxxx_tm.o(i.TM_OutputStructInit), (24 bytes).
    Removing ht32f5xxxx_tm.o(i.TM_PDMAConfig), (20 bytes).
    Removing ht32f5xxxx_tm.o(i.TM_PrescalerConfig), (8 bytes).
    Removing ht32f5xxxx_tm.o(i.TM_PwmInputInit), (102 bytes).
    Removing ht32f5xxxx_tm.o(i.TM_SetAsymmetricCompare), (14 bytes).
    Removing ht32f5xxxx_tm.o(i.TM_SetCaptureCompare), (14 bytes).
    Removing ht32f5xxxx_tm.o(i.TM_SetCounter), (6 bytes).
    Removing ht32f5xxxx_tm.o(i.TM_SetCounterReload), (6 bytes).
    Removing ht32f5xxxx_tm.o(i.TM_SinglePulseModeCmd), (28 bytes).
    Removing ht32f5xxxx_tm.o(i.TM_SlaveModeConfig), (14 bytes).
    Removing ht32f5xxxx_tm.o(i.TM_StiConfig), (30 bytes).
    Removing ht32f5xxxx_tm.o(i.TM_TimSyncCmd), (24 bytes).
    Removing ht32f5xxxx_tm.o(i.TM_TimeBaseInit), (64 bytes).
    Removing ht32f5xxxx_tm.o(i.TM_TimeBaseStructInit), (24 bytes).
    Removing ht32f5xxxx_tm.o(i.TM_UEVG_IntConfig), (24 bytes).
    Removing ht32f5xxxx_tm.o(i.TM_UpdateCmd), (24 bytes).
    Removing ht32f5xxxx_tm.o(i.tm_CHx_Config), (80 bytes).
    Removing ht32f5xxxx_usart.o(.rev16_text), (4 bytes).
    Removing ht32f5xxxx_usart.o(.revsh_text), (4 bytes).
    Removing ht32f5xxxx_usart.o(i.USART_DeInit), (104 bytes).
    Removing ht32f5xxxx_usart.o(i.USART_FIFOReset), (8 bytes).
    Removing ht32f5xxxx_usart.o(i.USART_ForceBreakCmd), (28 bytes).
    Removing ht32f5xxxx_usart.o(i.USART_GetFIFOStatus), (30 bytes).
    Removing ht32f5xxxx_usart.o(i.USART_HardwareFlowControlCmd), (24 bytes).
    Removing ht32f5xxxx_usart.o(i.USART_IrDACmd), (24 bytes).
    Removing ht32f5xxxx_usart.o(i.USART_IrDAConfig), (26 bytes).
    Removing ht32f5xxxx_usart.o(i.USART_IrDADirectionConfig), (26 bytes).
    Removing ht32f5xxxx_usart.o(i.USART_IrDAInvtCmd), (30 bytes).
    Removing ht32f5xxxx_usart.o(i.USART_PDMACmd), (20 bytes).
    Removing ht32f5xxxx_usart.o(i.USART_RS485AADCmd), (24 bytes).
    Removing ht32f5xxxx_usart.o(i.USART_RS485NMMCmd), (24 bytes).
    Removing ht32f5xxxx_usart.o(i.USART_RS485TxEnablePolarityConfig), (26 bytes).
    Removing ht32f5xxxx_usart.o(i.USART_SetAddressMatchValue), (16 bytes).
    Removing ht32f5xxxx_usart.o(i.USART_SetGuardTime), (16 bytes).
    Removing ht32f5xxxx_usart.o(i.USART_SetIrDAPrescaler), (16 bytes).
    Removing ht32f5xxxx_usart.o(i.USART_SetTimeOutValue), (16 bytes).
    Removing ht32f5xxxx_usart.o(i.USART_StickParityCmd), (28 bytes).
    Removing ht32f5xxxx_usart.o(i.USART_StickParityConfig), (36 bytes).
    Removing ht32f5xxxx_usart.o(i.USART_StructInit), (22 bytes).
    Removing ht32f5xxxx_usart.o(i.USART_SynClockInit), (26 bytes).
    Removing ht32f5xxxx_usart.o(i.USART_SynClockStructInit), (12 bytes).
    Removing ht32f5xxxx_usart.o(i.USART_TXRXTLConfig), (24 bytes).
    Removing ht32f5xxxx_usbd.o(.rev16_text), (4 bytes).
    Removing ht32f5xxxx_usbd.o(.revsh_text), (4 bytes).
    Removing ht32f5xxxx_usbd.o(i.USBD_ClearINT), (12 bytes).
    Removing ht32f5xxxx_usbd.o(i.USBD_DPWakeUpCmd), (40 bytes).
    Removing ht32f5xxxx_usbd.o(i.USBD_DPpullupCmd), (40 bytes).
    Removing ht32f5xxxx_usbd.o(i.USBD_DeInit), (32 bytes).
    Removing ht32f5xxxx_usbd.o(i.USBD_DisableDefaultPull), (12 bytes).
    Removing ht32f5xxxx_usbd.o(i.USBD_DisableINT), (16 bytes).
    Removing ht32f5xxxx_usbd.o(i.USBD_EPTClearDTG), (22 bytes).
    Removing ht32f5xxxx_usbd.o(i.USBD_EPTClearHalt), (22 bytes).
    Removing ht32f5xxxx_usbd.o(i.USBD_EPTClearINT), (16 bytes).
    Removing ht32f5xxxx_usbd.o(i.USBD_EPTEnableINT), (16 bytes).
    Removing ht32f5xxxx_usbd.o(i.USBD_EPTGetBuffer0Addr), (28 bytes).
    Removing ht32f5xxxx_usbd.o(i.USBD_EPTGetBuffer1Addr), (36 bytes).
    Removing ht32f5xxxx_usbd.o(i.USBD_EPTGetBufferLen), (24 bytes).
    Removing ht32f5xxxx_usbd.o(i.USBD_EPTGetHalt), (46 bytes).
    Removing ht32f5xxxx_usbd.o(i.USBD_EPTGetINT), (20 bytes).
    Removing ht32f5xxxx_usbd.o(i.USBD_EPTGetTransferCount), (22 bytes).
    Removing ht32f5xxxx_usbd.o(i.USBD_EPTInit), (48 bytes).
    Removing ht32f5xxxx_usbd.o(i.USBD_EPTReadMemory), (74 bytes).
    Removing ht32f5xxxx_usbd.o(i.USBD_EPTReadOUTData), (52 bytes).
    Removing ht32f5xxxx_usbd.o(i.USBD_EPTReset), (22 bytes).
    Removing ht32f5xxxx_usbd.o(i.USBD_EPTSendSTALL), (16 bytes).
    Removing ht32f5xxxx_usbd.o(i.USBD_EPTSetHalt), (26 bytes).
    Removing ht32f5xxxx_usbd.o(i.USBD_EPTWaitSTALLSent), (60 bytes).
    Removing ht32f5xxxx_usbd.o(i.USBD_EPTWriteINData), (94 bytes).
    Removing ht32f5xxxx_usbd.o(i.USBD_EnableINT), (16 bytes).
    Removing ht32f5xxxx_usbd.o(i.USBD_GetEPTnINTNumber), (38 bytes).
    Removing ht32f5xxxx_usbd.o(i.USBD_GetINT), (16 bytes).
    Removing ht32f5xxxx_usbd.o(i.USBD_Init), (14 bytes).
    Removing ht32f5xxxx_usbd.o(i.USBD_PowerOff), (20 bytes).
    Removing ht32f5xxxx_usbd.o(i.USBD_PowerOn), (20 bytes).
    Removing ht32f5xxxx_usbd.o(i.USBD_PowerUp), (116 bytes).
    Removing ht32f5xxxx_usbd.o(i.USBD_PreInit), (24 bytes).
    Removing ht32f5xxxx_usbd.o(i.USBD_ReadSETUPData), (16 bytes).
    Removing ht32f5xxxx_usbd.o(i.USBD_RemoteWakeup), (20 bytes).
    Removing ht32f5xxxx_usbd.o(i.USBD_SRAMResetConditionCmd), (40 bytes).
    Removing ht32f5xxxx_usbd.o(i.USBD_SetAddress), (24 bytes).
    Removing ht32f5xxxx_usbd.o(i._USBD_CopyMemory), (234 bytes).
    Removing ht32f5xxxx_usbd.o(i._USBD_GetEPTnAddr), (16 bytes).
    Removing ht32f5xxxx_usbd.o(i._delay), (12 bytes).
    Removing ht32f5xxxx_usbd.o(.data), (4 bytes).
    Removing ht32f5xxxx_wdt.o(.rev16_text), (4 bytes).
    Removing ht32f5xxxx_wdt.o(.revsh_text), (4 bytes).
    Removing ht32f5xxxx_wdt.o(i.WDT_Cmd), (40 bytes).
    Removing ht32f5xxxx_wdt.o(i.WDT_DeInit), (32 bytes).
    Removing ht32f5xxxx_wdt.o(i.WDT_GetDeltaValue), (16 bytes).
    Removing ht32f5xxxx_wdt.o(i.WDT_GetFlagStatus), (24 bytes).
    Removing ht32f5xxxx_wdt.o(i.WDT_GetPrescaler), (28 bytes).
    Removing ht32f5xxxx_wdt.o(i.WDT_GetReloadValue), (16 bytes).
    Removing ht32f5xxxx_wdt.o(i.WDT_HaltConfig), (24 bytes).
    Removing ht32f5xxxx_wdt.o(i.WDT_LockCmd), (48 bytes).
    Removing ht32f5xxxx_wdt.o(i.WDT_ProtectCmd), (32 bytes).
    Removing ht32f5xxxx_wdt.o(i.WDT_ResetCmd), (40 bytes).
    Removing ht32f5xxxx_wdt.o(i.WDT_Restart), (16 bytes).
    Removing ht32f5xxxx_wdt.o(i.WDT_SetDeltaValue), (24 bytes).
    Removing ht32f5xxxx_wdt.o(i.WDT_SetPrescaler), (20 bytes).
    Removing ht32f5xxxx_wdt.o(i.WDT_SetReloadValue), (24 bytes).
    Removing ht32f5xxxx_wdt.o(i.WDT_SourceConfig), (24 bytes).
    Removing pwm.o(.rev16_text), (4 bytes).
    Removing pwm.o(.revsh_text), (4 bytes).
    Removing pwm.o(i.PWM_Init), (380 bytes).
    Removing pwm.o(i.PWM_SetDuty), (20 bytes).
    Removing pwm.o(i.PWM_SetFreq), (16 bytes).
    Removing ht32_board.o(.rev16_text), (4 bytes).
    Removing ht32_board.o(.revsh_text), (4 bytes).
    Removing ht32_board.o(i.HT32F_DVB_BuzzerFun), (336 bytes).
    Removing ht32_board.o(i.HT32F_DVB_BuzzerOutputCmd), (20 bytes).
    Removing ht32_board.o(i.HT32F_DVB_COMInit), (108 bytes).
    Removing ht32_board.o(i.HT32F_DVB_LEDInit), (96 bytes).
    Removing ht32_board.o(i.HT32F_DVB_LEDOff), (32 bytes).
    Removing ht32_board.o(i.HT32F_DVB_LEDOn), (32 bytes).
    Removing ht32_board.o(i.HT32F_DVB_LEDToggle), (48 bytes).
    Removing ht32_board.o(i.HT32F_DVB_PBGetState), (40 bytes).
    Removing ht32_board.o(i.HT32F_DVB_PBInit), (244 bytes).
    Removing ht32_board.o(i.NVIC_EnableIRQ), (20 bytes).
    Removing ht32_board.o(i._HT32F_DVB_ClockConfig), (132 bytes).
    Removing ht32_board.o(.constdata), (68 bytes).
    Removing i2c_eeprom.o(.rev16_text), (4 bytes).
    Removing i2c_eeprom.o(.revsh_text), (4 bytes).
    Removing i2c_eeprom.o(i.I2C_EEPROM_BufferRead), (156 bytes).
    Removing i2c_eeprom.o(i.I2C_EEPROM_BufferWrite), (58 bytes).
    Removing i2c_eeprom.o(i.I2C_EEPROM_Init), (112 bytes).
    Removing i2c_eeprom.o(i.I2C_EEPROM_PageWrite), (104 bytes).
    Removing i2c_eeprom.o(i._I2C_EEPROM_AckPolling), (80 bytes).
    Removing spi_flash.o(.rev16_text), (4 bytes).
    Removing spi_flash.o(.revsh_text), (4 bytes).
    Removing spi_flash.o(i.SPI_FLASH_BlockErase), (76 bytes).
    Removing spi_flash.o(i.SPI_FLASH_BufferDualRead), (116 bytes).
    Removing spi_flash.o(i.SPI_FLASH_BufferDualReadByDMA), (328 bytes).
    Removing spi_flash.o(i.SPI_FLASH_BufferRead), (92 bytes).
    Removing spi_flash.o(i.SPI_FLASH_BufferReadByDMA), (304 bytes).
    Removing spi_flash.o(i.SPI_FLASH_BufferWriteBy), (258 bytes).
    Removing spi_flash.o(i.SPI_FLASH_ChipErase), (44 bytes).
    Removing spi_flash.o(i.SPI_FLASH_Init), (192 bytes).
    Removing spi_flash.o(i.SPI_FLASH_PageWrite), (96 bytes).
    Removing spi_flash.o(i.SPI_FLASH_PageWriteByDMA), (312 bytes).
    Removing spi_flash.o(i.SPI_FLASH_ReadJEDECID), (80 bytes).
    Removing spi_flash.o(i.SPI_FLASH_SectorErase), (76 bytes).
    Removing spi_flash.o(i.SPI_FLASH_SendByte), (52 bytes).
    Removing spi_flash.o(i.SPI_FLASH_WaitForWriteEnd), (56 bytes).
    Removing spi_flash.o(i.SPI_FLASH_WriteDisable), (36 bytes).
    Removing spi_flash.o(i.SPI_FLASH_WriteEnable), (36 bytes).
    Removing spi_flash.o(i.SPI_FLASH_WriteStatus), (48 bytes).
    Removing ebi_lcd.o(.rev16_text), (4 bytes).
    Removing ebi_lcd.o(.revsh_text), (4 bytes).
    Removing ebi_lcd.o(i.LCD_BackColorSet), (12 bytes).
    Removing ebi_lcd.o(i.LCD_CharDisplay), (36 bytes).
    Removing ebi_lcd.o(i.LCD_CharDraw), (104 bytes).
    Removing ebi_lcd.o(i.LCD_CircleDraw), (196 bytes).
    Removing ebi_lcd.o(i.LCD_Clear), (38 bytes).
    Removing ebi_lcd.o(i.LCD_Config), (644 bytes).
    Removing ebi_lcd.o(i.LCD_DisplayOff), (12 bytes).
    Removing ebi_lcd.o(i.LCD_DisplayOn), (12 bytes).
    Removing ebi_lcd.o(i.LCD_Init), (408 bytes).
    Removing ebi_lcd.o(i.LCD_LineDraw), (80 bytes).
    Removing ebi_lcd.o(i.LCD_PicDraw), (120 bytes).
    Removing ebi_lcd.o(i.LCD_ReadReg), (14 bytes).
    Removing ebi_lcd.o(i.LCD_RectDraw), (62 bytes).
    Removing ebi_lcd.o(i.LCD_SetDisplayArea), (96 bytes).
    Removing ebi_lcd.o(i.LCD_StarterSet), (44 bytes).
    Removing ebi_lcd.o(i.LCD_StringLineDisplay), (62 bytes).
    Removing ebi_lcd.o(i.LCD_TextColorSet), (12 bytes).
    Removing ebi_lcd.o(i.LCD_WriteRAM), (8 bytes).
    Removing ebi_lcd.o(i.LCD_WriteRAMPrior), (10 bytes).
    Removing ebi_lcd.o(i.LCD_WriteRAMWord), (16 bytes).
    Removing ebi_lcd.o(i.LCD_WriteReg), (10 bytes).
    Removing ebi_lcd.o(i._delay), (32 bytes).
    Removing ebi_lcd.o(.constdata), (4560 bytes).
    Removing ebi_lcd.o(.data), (8 bytes).
    Removing delay.o(.rev16_text), (4 bytes).
    Removing delay.o(.revsh_text), (4 bytes).
    Removing delay.o(i.delay_s), (26 bytes).
    Removing sys.o(.rev16_text), (4 bytes).
    Removing sys.o(.revsh_text), (4 bytes).
    Removing sys.o(i.NVIC_Configuration), (2 bytes).
    Removing sys.o(i.RCC_Configuration), (80 bytes).
    Removing usart.o(.rev16_text), (4 bytes).
    Removing usart.o(.revsh_text), (4 bytes).
    Removing usart.o(i.USART_Tx0), (44 bytes).
    Removing usart.o(i.USART_Tx1), (48 bytes).
    Removing usart.o(i.Usart_SendArray), (32 bytes).
    Removing led.o(.rev16_text), (4 bytes).
    Removing led.o(.revsh_text), (4 bytes).
    Removing led.o(i.LED_Init), (60 bytes).
    Removing key.o(.rev16_text), (4 bytes).
    Removing key.o(.revsh_text), (4 bytes).
    Removing key.o(i.KEY_Init), (32 bytes).
    Removing gpioinput.o(.rev16_text), (4 bytes).
    Removing gpioinput.o(.revsh_text), (4 bytes).
    Removing gpioinput.o(i.GPIOInout_CKCU_Configuration), (100 bytes).
    Removing gpioinput.o(i.GPIO_IN_Configuration), (136 bytes).
    Removing gpioinput.o(i.GPIO_MainRoutine), (108 bytes).
    Removing gpioinput.o(.data), (3 bytes).
    Removing servo.o(.rev16_text), (4 bytes).
    Removing servo.o(.revsh_text), (4 bytes).
    Removing servo.o(i.Translate_Angle2Pulse), (440 bytes).
    Removing servo.o(i.pwm_start), (104 bytes).
    Removing servo.o(i.servo_angle_calculate), (2268 bytes).
    Removing servo.o(i.servo_control), (1552 bytes).
    Removing servo.o(i.servo_out), (308 bytes).
    Removing servo.o(i.servo_reset), (708 bytes).
    Removing servo.o(i.servo_reset_begin), (116 bytes).
    Removing servo.o(.conststring), (110 bytes).
    Removing servo.o(.data), (352 bytes).
    Removing cjson.o(i.cJSON_AddItemReferenceToArray), (24 bytes).
    Removing cjson.o(i.cJSON_AddItemReferenceToObject), (28 bytes).
    Removing cjson.o(i.cJSON_AddItemToArray), (48 bytes).
    Removing cjson.o(i.cJSON_AddItemToObject), (52 bytes).
    Removing cjson.o(i.cJSON_AddItemToObjectCS), (68 bytes).
    Removing cjson.o(i.cJSON_CreateArray), (20 bytes).
    Removing cjson.o(i.cJSON_CreateBool), (30 bytes).
    Removing cjson.o(i.cJSON_CreateDoubleArray), (72 bytes).
    Removing cjson.o(i.cJSON_CreateFalse), (20 bytes).
    Removing cjson.o(i.cJSON_CreateFloatArray), (76 bytes).
    Removing cjson.o(i.cJSON_CreateIntArray), (76 bytes).
    Removing cjson.o(i.cJSON_CreateNull), (20 bytes).
    Removing cjson.o(i.cJSON_CreateNumber), (38 bytes).
    Removing cjson.o(i.cJSON_CreateObject), (20 bytes).
    Removing cjson.o(i.cJSON_CreateString), (30 bytes).
    Removing cjson.o(i.cJSON_CreateStringArray), (66 bytes).
    Removing cjson.o(i.cJSON_CreateTrue), (20 bytes).
    Removing cjson.o(i.cJSON_Delete), (104 bytes).
    Removing cjson.o(i.cJSON_DeleteItemFromArray), (22 bytes).
    Removing cjson.o(i.cJSON_DeleteItemFromObject), (22 bytes).
    Removing cjson.o(i.cJSON_DetachItemFromArray), (74 bytes).
    Removing cjson.o(i.cJSON_DetachItemFromObject), (50 bytes).
    Removing cjson.o(i.cJSON_Duplicate), (180 bytes).
    Removing cjson.o(i.cJSON_GetArrayItem), (20 bytes).
    Removing cjson.o(i.cJSON_GetArraySize), (18 bytes).
    Removing cjson.o(i.cJSON_GetErrorPtr), (12 bytes).
    Removing cjson.o(i.cJSON_GetObjectItem), (32 bytes).
    Removing cjson.o(i.cJSON_InitHooks), (72 bytes).
    Removing cjson.o(i.cJSON_InsertItemInArray), (64 bytes).
    Removing cjson.o(i.cJSON_Minify), (190 bytes).
    Removing cjson.o(i.cJSON_New_Item), (32 bytes).
    Removing cjson.o(i.cJSON_Parse), (16 bytes).
    Removing cjson.o(i.cJSON_ParseWithOpts), (108 bytes).
    Removing cjson.o(i.cJSON_Print), (18 bytes).
    Removing cjson.o(i.cJSON_PrintBuffered), (44 bytes).
    Removing cjson.o(i.cJSON_PrintUnformatted), (18 bytes).
    Removing cjson.o(i.cJSON_ReplaceItemInArray), (78 bytes).
    Removing cjson.o(i.cJSON_ReplaceItemInObject), (56 bytes).
    Removing cjson.o(i.cJSON_strcasecmp), (80 bytes).
    Removing cjson.o(i.cJSON_strdup), (44 bytes).
    Removing cjson.o(i.create_reference), (50 bytes).
    Removing cjson.o(i.ensure), (116 bytes).
    Removing cjson.o(i.parse_array), (168 bytes).
    Removing cjson.o(i.parse_hex4), (276 bytes).
    Removing cjson.o(i.parse_number), (396 bytes).
    Removing cjson.o(i.parse_object), (272 bytes).
    Removing cjson.o(i.parse_string), (492 bytes).
    Removing cjson.o(i.parse_value), (192 bytes).
    Removing cjson.o(i.pow2gt), (28 bytes).
    Removing cjson.o(i.print_array), (608 bytes).
    Removing cjson.o(i.print_number), (424 bytes).
    Removing cjson.o(i.print_object), (1160 bytes).
    Removing cjson.o(i.print_string), (16 bytes).
    Removing cjson.o(i.print_string_ptr), (472 bytes).
    Removing cjson.o(i.print_value), (308 bytes).
    Removing cjson.o(i.skip), (22 bytes).
    Removing cjson.o(i.suffix_object), (6 bytes).
    Removing cjson.o(i.update), (36 bytes).
    Removing cjson.o(.constdata), (7 bytes).
    Removing cjson.o(.data), (12 bytes).
    Removing mqttkit.o(.rev16_text), (4 bytes).
    Removing mqttkit.o(.revsh_text), (4 bytes).
    Removing mqttkit.o(i.MQTT_PacketCmdResp), (140 bytes).
    Removing mqttkit.o(i.MQTT_PacketDisConnect), (50 bytes).
    Removing mqttkit.o(i.MQTT_PacketPing), (50 bytes).
    Removing mqttkit.o(i.MQTT_PacketPublish), (482 bytes).
    Removing mqttkit.o(i.MQTT_PacketPublishAck), (74 bytes).
    Removing mqttkit.o(i.MQTT_PacketPublishComp), (74 bytes).
    Removing mqttkit.o(i.MQTT_PacketPublishRec), (74 bytes).
    Removing mqttkit.o(i.MQTT_PacketPublishRel), (74 bytes).
    Removing mqttkit.o(i.MQTT_PacketSaveBinData), (216 bytes).
    Removing mqttkit.o(i.MQTT_PacketSaveData), (96 bytes).
    Removing mqttkit.o(i.MQTT_PacketUnSubscribe), (260 bytes).
    Removing mqttkit.o(i.MQTT_UnPacketCmd), (144 bytes).
    Removing mqttkit.o(i.MQTT_UnPacketPublish), (476 bytes).
    Removing mqttkit.o(i.MQTT_UnPacketPublishAck), (32 bytes).
    Removing mqttkit.o(i.MQTT_UnPacketPublishComp), (32 bytes).
    Removing mqttkit.o(i.MQTT_UnPacketPublishRec), (32 bytes).
    Removing mqttkit.o(i.MQTT_UnPacketPublishRel), (42 bytes).
    Removing mqttkit.o(i.MQTT_UnPacketSubscribe), (56 bytes).
    Removing mqttkit.o(i.MQTT_UnPacketUnSubscribe), (20 bytes).
    Removing esp8266.o(.rev16_text), (4 bytes).
    Removing esp8266.o(.revsh_text), (4 bytes).
    Removing onenet.o(.rev16_text), (4 bytes).
    Removing onenet.o(.revsh_text), (4 bytes).
    Removing onenet.o(i.OneNet_FillBuf), (140 bytes).
    Removing onenet.o(i.OneNet_SendData), (208 bytes).
    Removing onenet.o(i.Order_Publish), (2 bytes).
    Removing fadd.o(.text), (178 bytes).
    Removing fmul.o(.text), (122 bytes).
    Removing fdiv.o(.text), (124 bytes).
    Removing dflti.o(.text), (40 bytes).
    Removing dfixi.o(.text), (72 bytes).
    Removing dfixui.o(.text), (60 bytes).
    Removing f2d.o(.text), (40 bytes).
    Removing cdcmple.o(.text), (40 bytes).
    Removing d2f.o(.text), (56 bytes).
    Removing cfcmple.o(.text), (20 bytes).
    Removing cfrcmple.o(.text), (20 bytes).
    Removing fepilogue.o(.text), (130 bytes).
    Removing dscalb.o(.text), (44 bytes).
    Removing dsqrt.o(.text), (162 bytes).
    Removing dfltui.o(.text), (28 bytes).

696 unused section(s) (total 44277 bytes) removed from the image.

==============================================================================

Image Symbol Table

    Local Symbols

    Symbol Name                              Value     Ov Type        Size  Object(Section)

    RESET                                    0x00000000   Section      284  startup_ht32f5xxxx_01.o(RESET)
    ../clib/microlib/ctype/tolower.c         0x00000000   Number         0  tolower.o ABSOLUTE
    ../clib/microlib/division.c              0x00000000   Number         0  uldiv.o ABSOLUTE
    ../clib/microlib/division.c              0x00000000   Number         0  idiv.o ABSOLUTE
    ../clib/microlib/division.c              0x00000000   Number         0  uidiv.o ABSOLUTE
    ../clib/microlib/errno.c                 0x00000000   Number         0  errno.o ABSOLUTE
    ../clib/microlib/init/entry.s            0x00000000   Number         0  entry2.o ABSOLUTE
    ../clib/microlib/init/entry.s            0x00000000   Number         0  entry9b.o ABSOLUTE
    ../clib/microlib/init/entry.s            0x00000000   Number         0  entry5.o ABSOLUTE
    ../clib/microlib/init/entry.s            0x00000000   Number         0  entry12b.o ABSOLUTE
    ../clib/microlib/init/entry.s            0x00000000   Number         0  entry11b.o ABSOLUTE
    ../clib/microlib/init/entry.s            0x00000000   Number         0  entry7a.o ABSOLUTE
    ../clib/microlib/init/entry.s            0x00000000   Number         0  entry12a.o ABSOLUTE
    ../clib/microlib/init/entry.s            0x00000000   Number         0  entry7b.o ABSOLUTE
    ../clib/microlib/init/entry.s            0x00000000   Number         0  entry8a.o ABSOLUTE
    ../clib/microlib/init/entry.s            0x00000000   Number         0  entry11a.o ABSOLUTE
    ../clib/microlib/init/entry.s            0x00000000   Number         0  entry8b.o ABSOLUTE
    ../clib/microlib/init/entry.s            0x00000000   Number         0  entry10b.o ABSOLUTE
    ../clib/microlib/init/entry.s            0x00000000   Number         0  entry9a.o ABSOLUTE
    ../clib/microlib/init/entry.s            0x00000000   Number         0  entry.o ABSOLUTE
    ../clib/microlib/init/entry.s            0x00000000   Number         0  entry10a.o ABSOLUTE
    ../clib/microlib/longlong.c              0x00000000   Number         0  llshl.o ABSOLUTE
    ../clib/microlib/longlong.c              0x00000000   Number         0  llushr.o ABSOLUTE
    ../clib/microlib/longlong.c              0x00000000   Number         0  llsshr.o ABSOLUTE
    ../clib/microlib/malloc/malloc.c         0x00000000   Number         0  malloc.o ABSOLUTE
    ../clib/microlib/malloc/malloc.c         0x00000000   Number         0  mallocr.o ABSOLUTE
    ../clib/microlib/malloc/malloc.c         0x00000000   Number         0  malloca.o ABSOLUTE
    ../clib/microlib/malloc/malloc.c         0x00000000   Number         0  mallocra.o ABSOLUTE
    ../clib/microlib/malloc/mvars.c          0x00000000   Number         0  mvars.o ABSOLUTE
    ../clib/microlib/printf/printf.c         0x00000000   Number         0  printf7.o ABSOLUTE
    ../clib/microlib/printf/printf.c         0x00000000   Number         0  printf5.o ABSOLUTE
    ../clib/microlib/printf/printf.c         0x00000000   Number         0  printf3.o ABSOLUTE
    ../clib/microlib/printf/printf.c         0x00000000   Number         0  printf4.o ABSOLUTE
    ../clib/microlib/printf/printf.c         0x00000000   Number         0  printfa.o ABSOLUTE
    ../clib/microlib/printf/printf.c         0x00000000   Number         0  printf6.o ABSOLUTE
    ../clib/microlib/printf/printf.c         0x00000000   Number         0  printf8.o ABSOLUTE
    ../clib/microlib/printf/printf.c         0x00000000   Number         0  printf2.o ABSOLUTE
    ../clib/microlib/printf/printf.c         0x00000000   Number         0  printf1.o ABSOLUTE
    ../clib/microlib/printf/printf.c         0x00000000   Number         0  printf0.o ABSOLUTE
    ../clib/microlib/printf/printf.c         0x00000000   Number         0  printfb.o ABSOLUTE
    ../clib/microlib/printf/stubs.s          0x00000000   Number         0  stubs.o ABSOLUTE
    ../clib/microlib/stdlib/rand.c           0x00000000   Number         0  rand.o ABSOLUTE
    ../clib/microlib/string/memcpy.c         0x00000000   Number         0  memcpya.o ABSOLUTE
    ../clib/microlib/string/memcpy.c         0x00000000   Number         0  memcpyb.o ABSOLUTE
    ../clib/microlib/string/memset.c         0x00000000   Number         0  memseta.o ABSOLUTE
    ../clib/microlib/string/strcat.c         0x00000000   Number         0  strcat.o ABSOLUTE
    ../clib/microlib/string/strchr.c         0x00000000   Number         0  strchr.o ABSOLUTE
    ../clib/microlib/string/strcpy.c         0x00000000   Number         0  strcpy.o ABSOLUTE
    ../clib/microlib/string/strlen.c         0x00000000   Number         0  strlen.o ABSOLUTE
    ../clib/microlib/string/strncat.c        0x00000000   Number         0  strncat.o ABSOLUTE
    ../clib/microlib/string/strncmp.c        0x00000000   Number         0  strncmp.o ABSOLUTE
    ../clib/microlib/string/strstr.c         0x00000000   Number         0  strstr.o ABSOLUTE
    ../clib/microlib/stubs.s                 0x00000000   Number         0  useno.o ABSOLUTE
    ../clib/microlib/stubs.s                 0x00000000   Number         0  iusefp.o ABSOLUTE
    ../fplib/microlib/d2f.c                  0x00000000   Number         0  d2f.o ABSOLUTE
    ../fplib/microlib/f2d.c                  0x00000000   Number         0  f2d.o ABSOLUTE
    ../fplib/microlib/fpadd.c                0x00000000   Number         0  fadd.o ABSOLUTE
    ../fplib/microlib/fpadd.c                0x00000000   Number         0  dadd.o ABSOLUTE
    ../fplib/microlib/fpdiv.c                0x00000000   Number         0  fdiv.o ABSOLUTE
    ../fplib/microlib/fpdiv.c                0x00000000   Number         0  ddiv.o ABSOLUTE
    ../fplib/microlib/fpepilogue.c           0x00000000   Number         0  depilogue.o ABSOLUTE
    ../fplib/microlib/fpepilogue.c           0x00000000   Number         0  fepilogue.o ABSOLUTE
    ../fplib/microlib/fpfix.c                0x00000000   Number         0  dfixul.o ABSOLUTE
    ../fplib/microlib/fpfix.c                0x00000000   Number         0  dfixi.o ABSOLUTE
    ../fplib/microlib/fpfix.c                0x00000000   Number         0  dfixui.o ABSOLUTE
    ../fplib/microlib/fpflt.c                0x00000000   Number         0  dfltui.o ABSOLUTE
    ../fplib/microlib/fpflt.c                0x00000000   Number         0  dflti.o ABSOLUTE
    ../fplib/microlib/fpmul.c                0x00000000   Number         0  dmul.o ABSOLUTE
    ../fplib/microlib/fpmul.c                0x00000000   Number         0  fmul.o ABSOLUTE
    ../fplib/microlib/fpscalb.c              0x00000000   Number         0  dscalb.o ABSOLUTE
    ../fplib/microlib/fpsqrt.c               0x00000000   Number         0  dsqrt.o ABSOLUTE
    ../mathlib/atan.c                        0x00000000   Number         0  atan_x.o ABSOLUTE
    ../mathlib/atan.c                        0x00000000   Number         0  atan.o ABSOLUTE
    ../mathlib/cos.c                         0x00000000   Number         0  cos_x.o ABSOLUTE
    ../mathlib/cos.c                         0x00000000   Number         0  cos.o ABSOLUTE
    ../mathlib/cos_i.c                       0x00000000   Number         0  cos_i.o ABSOLUTE
    ../mathlib/dunder.c                      0x00000000   Number         0  dunder.o ABSOLUTE
    ../mathlib/floor.c                       0x00000000   Number         0  floor.o ABSOLUTE
    ../mathlib/fpclassify.c                  0x00000000   Number         0  fpclassify.o ABSOLUTE
    ../mathlib/poly.c                        0x00000000   Number         0  poly.o ABSOLUTE
    ../mathlib/pow.c                         0x00000000   Number         0  pow.o ABSOLUTE
    ../mathlib/pow.c                         0x00000000   Number         0  pow_x.o ABSOLUTE
    ../mathlib/qnan.c                        0x00000000   Number         0  qnan.o ABSOLUTE
    ../mathlib/rred.c                        0x00000000   Number         0  rred.o ABSOLUTE
    ../mathlib/sin.c                         0x00000000   Number         0  sin.o ABSOLUTE
    ../mathlib/sin.c                         0x00000000   Number         0  sin_x.o ABSOLUTE
    ../mathlib/sin_i.c                       0x00000000   Number         0  sin_i_x.o ABSOLUTE
    ../mathlib/sin_i.c                       0x00000000   Number         0  sin_i.o ABSOLUTE
    ../mathlib/sqrt.c                        0x00000000   Number         0  sqrt.o ABSOLUTE
    ../mathlib/sqrt.c                        0x00000000   Number         0  sqrt_x.o ABSOLUTE
    ..\Hardware\GPIOInput\GPIOinput.c        0x00000000   Number         0  gpioinput.o ABSOLUTE
    ..\Hardware\KEY\key.c                    0x00000000   Number         0  key.o ABSOLUTE
    ..\Hardware\LED\led.c                    0x00000000   Number         0  led.o ABSOLUTE
    ..\Hardware\Servo\servo.c                0x00000000   Number         0  servo.o ABSOLUTE
    ..\Libraries\HT32F5xxxx_Driver\src\ht32_cm0plus_misc.c 0x00000000   Number         0  ht32_cm0plus_misc.o ABSOLUTE
    ..\Libraries\HT32F5xxxx_Driver\src\ht32_retarget.c 0x00000000   Number         0  ht32_retarget.o ABSOLUTE
    ..\Libraries\HT32F5xxxx_Driver\src\ht32_serial.c 0x00000000   Number         0  ht32_serial.o ABSOLUTE
    ..\Libraries\HT32F5xxxx_Driver\src\ht32f5xxxx_adc.c 0x00000000   Number         0  ht32f5xxxx_adc.o ABSOLUTE
    ..\Libraries\HT32F5xxxx_Driver\src\ht32f5xxxx_bftm.c 0x00000000   Number         0  ht32f5xxxx_bftm.o ABSOLUTE
    ..\Libraries\HT32F5xxxx_Driver\src\ht32f5xxxx_ckcu.c 0x00000000   Number         0  ht32f5xxxx_ckcu.o ABSOLUTE
    ..\Libraries\HT32F5xxxx_Driver\src\ht32f5xxxx_cmp.c 0x00000000   Number         0  ht32f5xxxx_cmp.o ABSOLUTE
    ..\Libraries\HT32F5xxxx_Driver\src\ht32f5xxxx_crc.c 0x00000000   Number         0  ht32f5xxxx_crc.o ABSOLUTE
    ..\Libraries\HT32F5xxxx_Driver\src\ht32f5xxxx_ebi.c 0x00000000   Number         0  ht32f5xxxx_ebi.o ABSOLUTE
    ..\Libraries\HT32F5xxxx_Driver\src\ht32f5xxxx_exti.c 0x00000000   Number         0  ht32f5xxxx_exti.o ABSOLUTE
    ..\Libraries\HT32F5xxxx_Driver\src\ht32f5xxxx_flash.c 0x00000000   Number         0  ht32f5xxxx_flash.o ABSOLUTE
    ..\Libraries\HT32F5xxxx_Driver\src\ht32f5xxxx_gpio.c 0x00000000   Number         0  ht32f5xxxx_gpio.o ABSOLUTE
    ..\Libraries\HT32F5xxxx_Driver\src\ht32f5xxxx_i2c.c 0x00000000   Number         0  ht32f5xxxx_i2c.o ABSOLUTE
    ..\Libraries\HT32F5xxxx_Driver\src\ht32f5xxxx_i2s.c 0x00000000   Number         0  ht32f5xxxx_i2s.o ABSOLUTE
    ..\Libraries\HT32F5xxxx_Driver\src\ht32f5xxxx_mctm.c 0x00000000   Number         0  ht32f5xxxx_mctm.o ABSOLUTE
    ..\Libraries\HT32F5xxxx_Driver\src\ht32f5xxxx_pdma.c 0x00000000   Number         0  ht32f5xxxx_pdma.o ABSOLUTE
    ..\Libraries\HT32F5xxxx_Driver\src\ht32f5xxxx_pwrcu.c 0x00000000   Number         0  ht32f5xxxx_pwrcu.o ABSOLUTE
    ..\Libraries\HT32F5xxxx_Driver\src\ht32f5xxxx_rstcu.c 0x00000000   Number         0  ht32f5xxxx_rstcu.o ABSOLUTE
    ..\Libraries\HT32F5xxxx_Driver\src\ht32f5xxxx_rtc.c 0x00000000   Number         0  ht32f5xxxx_rtc.o ABSOLUTE
    ..\Libraries\HT32F5xxxx_Driver\src\ht32f5xxxx_sci.c 0x00000000   Number         0  ht32f5xxxx_sci.o ABSOLUTE
    ..\Libraries\HT32F5xxxx_Driver\src\ht32f5xxxx_spi.c 0x00000000   Number         0  ht32f5xxxx_spi.o ABSOLUTE
    ..\Libraries\HT32F5xxxx_Driver\src\ht32f5xxxx_tm.c 0x00000000   Number         0  ht32f5xxxx_tm.o ABSOLUTE
    ..\Libraries\HT32F5xxxx_Driver\src\ht32f5xxxx_usart.c 0x00000000   Number         0  ht32f5xxxx_usart.o ABSOLUTE
    ..\Libraries\HT32F5xxxx_Driver\src\ht32f5xxxx_usbd.c 0x00000000   Number         0  ht32f5xxxx_usbd.o ABSOLUTE
    ..\Libraries\HT32F5xxxx_Driver\src\ht32f5xxxx_wdt.c 0x00000000   Number         0  ht32f5xxxx_wdt.o ABSOLUTE
    ..\Libraries\HT32_USBD_Library\src\ht32_usbd_core.c 0x00000000   Number         0  ht32_usbd_core.o ABSOLUTE
    ..\Libraries\USER_LIB\PWM\pwm.c          0x00000000   Number         0  pwm.o ABSOLUTE
    ..\Libraries\system_ht32f5xxxx_01.c      0x00000000   Number         0  system_ht32f5xxxx_01.o ABSOLUTE
    ..\Listing\ht32_op.s                     0x00000000   Number         0  ht32_op.o ABSOLUTE
    ..\Listing\startup_ht32f5xxxx_01.s       0x00000000   Number         0  startup_ht32f5xxxx_01.o ABSOLUTE
    ..\NET\CJSON\cJSON.c                     0x00000000   Number         0  cjson.o ABSOLUTE
    ..\NET\MQTT\MqttKit.c                    0x00000000   Number         0  mqttkit.o ABSOLUTE
    ..\NET\device\esp8266.c                  0x00000000   Number         0  esp8266.o ABSOLUTE
    ..\NET\onenet\onenet.c                   0x00000000   Number         0  onenet.o ABSOLUTE
    ..\User\ht32f5xxxx_01_it.c               0x00000000   Number         0  ht32f5xxxx_01_it.o ABSOLUTE
    ..\User\main.c                           0x00000000   Number         0  main.o ABSOLUTE
    ..\Utilities\common\delay\delay.c        0x00000000   Number         0  delay.o ABSOLUTE
    ..\Utilities\common\ebi_lcd.c            0x00000000   Number         0  ebi_lcd.o ABSOLUTE
    ..\Utilities\common\i2c_eeprom.c         0x00000000   Number         0  i2c_eeprom.o ABSOLUTE
    ..\Utilities\common\spi_flash.c          0x00000000   Number         0  spi_flash.o ABSOLUTE
    ..\Utilities\common\sys\sys.c            0x00000000   Number         0  sys.o ABSOLUTE
    ..\Utilities\common\usart\usart.c        0x00000000   Number         0  usart.o ABSOLUTE
    ..\Utilities\ht32_board.c                0x00000000   Number         0  ht32_board.o ABSOLUTE
    ..\\Hardware\\GPIOInput\\GPIOinput.c     0x00000000   Number         0  gpioinput.o ABSOLUTE
    ..\\Hardware\\KEY\\key.c                 0x00000000   Number         0  key.o ABSOLUTE
    ..\\Hardware\\LED\\led.c                 0x00000000   Number         0  led.o ABSOLUTE
    ..\\Hardware\\Servo\\servo.c             0x00000000   Number         0  servo.o ABSOLUTE
    ..\\Libraries\\HT32F5xxxx_Driver\\src\\ht32_cm0plus_misc.c 0x00000000   Number         0  ht32_cm0plus_misc.o ABSOLUTE
    ..\\Libraries\\HT32F5xxxx_Driver\\src\\ht32_retarget.c 0x00000000   Number         0  ht32_retarget.o ABSOLUTE
    ..\\Libraries\\HT32F5xxxx_Driver\\src\\ht32_serial.c 0x00000000   Number         0  ht32_serial.o ABSOLUTE
    ..\\Libraries\\HT32F5xxxx_Driver\\src\\ht32f5xxxx_adc.c 0x00000000   Number         0  ht32f5xxxx_adc.o ABSOLUTE
    ..\\Libraries\\HT32F5xxxx_Driver\\src\\ht32f5xxxx_bftm.c 0x00000000   Number         0  ht32f5xxxx_bftm.o ABSOLUTE
    ..\\Libraries\\HT32F5xxxx_Driver\\src\\ht32f5xxxx_ckcu.c 0x00000000   Number         0  ht32f5xxxx_ckcu.o ABSOLUTE
    ..\\Libraries\\HT32F5xxxx_Driver\\src\\ht32f5xxxx_cmp.c 0x00000000   Number         0  ht32f5xxxx_cmp.o ABSOLUTE
    ..\\Libraries\\HT32F5xxxx_Driver\\src\\ht32f5xxxx_crc.c 0x00000000   Number         0  ht32f5xxxx_crc.o ABSOLUTE
    ..\\Libraries\\HT32F5xxxx_Driver\\src\\ht32f5xxxx_ebi.c 0x00000000   Number         0  ht32f5xxxx_ebi.o ABSOLUTE
    ..\\Libraries\\HT32F5xxxx_Driver\\src\\ht32f5xxxx_exti.c 0x00000000   Number         0  ht32f5xxxx_exti.o ABSOLUTE
    ..\\Libraries\\HT32F5xxxx_Driver\\src\\ht32f5xxxx_flash.c 0x00000000   Number         0  ht32f5xxxx_flash.o ABSOLUTE
    ..\\Libraries\\HT32F5xxxx_Driver\\src\\ht32f5xxxx_gpio.c 0x00000000   Number         0  ht32f5xxxx_gpio.o ABSOLUTE
    ..\\Libraries\\HT32F5xxxx_Driver\\src\\ht32f5xxxx_i2c.c 0x00000000   Number         0  ht32f5xxxx_i2c.o ABSOLUTE
    ..\\Libraries\\HT32F5xxxx_Driver\\src\\ht32f5xxxx_i2s.c 0x00000000   Number         0  ht32f5xxxx_i2s.o ABSOLUTE
    ..\\Libraries\\HT32F5xxxx_Driver\\src\\ht32f5xxxx_mctm.c 0x00000000   Number         0  ht32f5xxxx_mctm.o ABSOLUTE
    ..\\Libraries\\HT32F5xxxx_Driver\\src\\ht32f5xxxx_pdma.c 0x00000000   Number         0  ht32f5xxxx_pdma.o ABSOLUTE
    ..\\Libraries\\HT32F5xxxx_Driver\\src\\ht32f5xxxx_pwrcu.c 0x00000000   Number         0  ht32f5xxxx_pwrcu.o ABSOLUTE
    ..\\Libraries\\HT32F5xxxx_Driver\\src\\ht32f5xxxx_rstcu.c 0x00000000   Number         0  ht32f5xxxx_rstcu.o ABSOLUTE
    ..\\Libraries\\HT32F5xxxx_Driver\\src\\ht32f5xxxx_rtc.c 0x00000000   Number         0  ht32f5xxxx_rtc.o ABSOLUTE
    ..\\Libraries\\HT32F5xxxx_Driver\\src\\ht32f5xxxx_sci.c 0x00000000   Number         0  ht32f5xxxx_sci.o ABSOLUTE
    ..\\Libraries\\HT32F5xxxx_Driver\\src\\ht32f5xxxx_spi.c 0x00000000   Number         0  ht32f5xxxx_spi.o ABSOLUTE
    ..\\Libraries\\HT32F5xxxx_Driver\\src\\ht32f5xxxx_tm.c 0x00000000   Number         0  ht32f5xxxx_tm.o ABSOLUTE
    ..\\Libraries\\HT32F5xxxx_Driver\\src\\ht32f5xxxx_usart.c 0x00000000   Number         0  ht32f5xxxx_usart.o ABSOLUTE
    ..\\Libraries\\HT32F5xxxx_Driver\\src\\ht32f5xxxx_usbd.c 0x00000000   Number         0  ht32f5xxxx_usbd.o ABSOLUTE
    ..\\Libraries\\HT32F5xxxx_Driver\\src\\ht32f5xxxx_wdt.c 0x00000000   Number         0  ht32f5xxxx_wdt.o ABSOLUTE
    ..\\Libraries\\HT32_USBD_Library\\src\\ht32_usbd_core.c 0x00000000   Number         0  ht32_usbd_core.o ABSOLUTE
    ..\\Libraries\\USER_LIB\\PWM\\pwm.c      0x00000000   Number         0  pwm.o ABSOLUTE
    ..\\Libraries\\system_ht32f5xxxx_01.c    0x00000000   Number         0  system_ht32f5xxxx_01.o ABSOLUTE
    ..\\NET\\MQTT\\MqttKit.c                 0x00000000   Number         0  mqttkit.o ABSOLUTE
    ..\\NET\\device\\esp8266.c               0x00000000   Number         0  esp8266.o ABSOLUTE
    ..\\NET\\onenet\\onenet.c                0x00000000   Number         0  onenet.o ABSOLUTE
    ..\\User\\ht32f5xxxx_01_it.c             0x00000000   Number         0  ht32f5xxxx_01_it.o ABSOLUTE
    ..\\User\\main.c                         0x00000000   Number         0  main.o ABSOLUTE
    ..\\Utilities\\common\\delay\\delay.c    0x00000000   Number         0  delay.o ABSOLUTE
    ..\\Utilities\\common\\ebi_lcd.c         0x00000000   Number         0  ebi_lcd.o ABSOLUTE
    ..\\Utilities\\common\\i2c_eeprom.c      0x00000000   Number         0  i2c_eeprom.o ABSOLUTE
    ..\\Utilities\\common\\spi_flash.c       0x00000000   Number         0  spi_flash.o ABSOLUTE
    ..\\Utilities\\common\\sys\\sys.c        0x00000000   Number         0  sys.o ABSOLUTE
    ..\\Utilities\\common\\usart\\usart.c    0x00000000   Number         0  usart.o ABSOLUTE
    ..\\Utilities\\ht32_board.c              0x00000000   Number         0  ht32_board.o ABSOLUTE
    cdcmple.s                                0x00000000   Number         0  cdcmple.o ABSOLUTE
    cdrcmple.s                               0x00000000   Number         0  cdrcmple.o ABSOLUTE
    cfcmple.s                                0x00000000   Number         0  cfcmple.o ABSOLUTE
    cfrcmple.s                               0x00000000   Number         0  cfrcmple.o ABSOLUTE
    dc.s                                     0x00000000   Number         0  dc.o ABSOLUTE
    handlers.s                               0x00000000   Number         0  handlers.o ABSOLUTE
    init.s                                   0x00000000   Number         0  init.o ABSOLUTE
    BootProcess                              0x000000cd   Thumb Code    44  startup_ht32f5xxxx_01.o(RESET)
    .ARM.Collect$$$$00000000                 0x0000011c   Section        0  entry.o(.ARM.Collect$$$$00000000)
    .ARM.Collect$$$$00000001                 0x0000011c   Section        4  entry2.o(.ARM.Collect$$$$00000001)
    .ARM.Collect$$$$00000004                 0x00000120   Section        4  entry5.o(.ARM.Collect$$$$00000004)
    .ARM.Collect$$$$00000008                 0x00000124   Section        0  entry7b.o(.ARM.Collect$$$$00000008)
    .ARM.Collect$$$$0000000A                 0x00000124   Section        0  entry8b.o(.ARM.Collect$$$$0000000A)
    .ARM.Collect$$$$0000000B                 0x00000124   Section        8  entry9a.o(.ARM.Collect$$$$0000000B)
    .ARM.Collect$$$$0000000E                 0x0000012c   Section        4  entry12b.o(.ARM.Collect$$$$0000000E)
    .ARM.Collect$$$$0000000F                 0x00000130   Section        0  entry10a.o(.ARM.Collect$$$$0000000F)
    .ARM.Collect$$$$00000011                 0x00000130   Section        0  entry11a.o(.ARM.Collect$$$$00000011)
    .ARM.Collect$$$$00002712                 0x00000130   Section        4  entry2.o(.ARM.Collect$$$$00002712)
    __lit__00000000                          0x00000130   Data           4  entry2.o(.ARM.Collect$$$$00002712)
    .text                                    0x00000134   Section        0  uidiv.o(.text)
    .text                                    0x00000160   Section        0  memseta.o(.text)
    .text                                    0x00000184   Section        0  strstr.o(.text)
    .text                                    0x000001ac   Section        0  strchr.o(.text)
    .text                                    0x000001c0   Section        0  strlen.o(.text)
    .text                                    0x000001ce   Section        0  strncat.o(.text)
    .text                                    0x000001f8   Section        0  dadd.o(.text)
    .text                                    0x00000360   Section        0  dmul.o(.text)
    .text                                    0x00000430   Section        0  ddiv.o(.text)
    .text                                    0x00000520   Section       40  cdrcmple.o(.text)
    .text                                    0x00000548   Section        0  uldiv.o(.text)
    .text                                    0x000005a8   Section        0  llshl.o(.text)
    .text                                    0x000005c8   Section        0  llushr.o(.text)
    .text                                    0x000005ea   Section        0  llsshr.o(.text)
    .text                                    0x00000610   Section        0  iusefp.o(.text)
    .text                                    0x00000610   Section        0  depilogue.o(.text)
    .text                                    0x000006d0   Section        0  dfixul.o(.text)
    .text                                    0x00000710   Section       36  init.o(.text)
    i.AFIO_GPxConfig                         0x00000734   Section        0  ht32f5xxxx_gpio.o(i.AFIO_GPxConfig)
    i.CKCU_GetClocksFrequency                0x00000798   Section        0  ht32f5xxxx_ckcu.o(i.CKCU_GetClocksFrequency)
    i.CKCU_GetPLLFrequency                   0x00000824   Section        0  ht32f5xxxx_ckcu.o(i.CKCU_GetPLLFrequency)
    i.CKCU_GetPeripFrequency                 0x0000088c   Section        0  ht32f5xxxx_ckcu.o(i.CKCU_GetPeripFrequency)
    i.CKCU_PeripClockConfig                  0x000008c4   Section        0  ht32f5xxxx_ckcu.o(i.CKCU_PeripClockConfig)
    i.ESP8266_Clear                          0x00000904   Section        0  esp8266.o(i.ESP8266_Clear)
    i.ESP8266_GetIPD                         0x00000920   Section        0  esp8266.o(i.ESP8266_GetIPD)
    i.ESP8266_Init                           0x00000978   Section        0  esp8266.o(i.ESP8266_Init)
    i.ESP8266_SendCmd                        0x00000acc   Section        0  esp8266.o(i.ESP8266_SendCmd)
    i.ESP8266_SendData                       0x00000b1c   Section        0  esp8266.o(i.ESP8266_SendData)
    i.ESP8266_WaitRecive                     0x00000b64   Section        0  esp8266.o(i.ESP8266_WaitRecive)
    i.GPIO_PullResistorConfig                0x00000b98   Section        0  ht32f5xxxx_gpio.o(i.GPIO_PullResistorConfig)
    i.HardFault_Handler                      0x00000bcc   Section        0  ht32f5xxxx_01_it.o(i.HardFault_Handler)
    i.MQTT_DeleteBuffer                      0x00000bdc   Section        0  mqttkit.o(i.MQTT_DeleteBuffer)
    i.MQTT_DumpLength                        0x00000bf8   Section        0  mqttkit.o(i.MQTT_DumpLength)
    i.MQTT_NewBuffer                         0x00000c2a   Section        0  mqttkit.o(i.MQTT_NewBuffer)
    i.MQTT_PacketConnect                     0x00000c88   Section        0  mqttkit.o(i.MQTT_PacketConnect)
    i.MQTT_PacketSubscribe                   0x00000f70   Section        0  mqttkit.o(i.MQTT_PacketSubscribe)
    i.MQTT_ReadLength                        0x00001084   Section        0  mqttkit.o(i.MQTT_ReadLength)
    i.MQTT_UnPacketConnectAck                0x000010ce   Section        0  mqttkit.o(i.MQTT_UnPacketConnectAck)
    i.MQTT_UnPacketRecv                      0x000010f0   Section        0  mqttkit.o(i.MQTT_UnPacketRecv)
    i.NMI_Handler                            0x00001168   Section        0  ht32f5xxxx_01_it.o(i.NMI_Handler)
    i.NVIC_EnableIRQ                         0x0000116c   Section        0  usart.o(i.NVIC_EnableIRQ)
    NVIC_EnableIRQ                           0x0000116d   Thumb Code    14  usart.o(i.NVIC_EnableIRQ)
    i.OneNet_DevLink                         0x00001180   Section        0  onenet.o(i.OneNet_DevLink)
    i.PendSV_Handler                         0x00001390   Section        0  ht32f5xxxx_01_it.o(i.PendSV_Handler)
    i.SERIAL_PutChar                         0x00001394   Section        0  ht32_serial.o(i.SERIAL_PutChar)
    i.SVC_Handler                            0x000013b0   Section        0  ht32f5xxxx_01_it.o(i.SVC_Handler)
    i.SYSTICK_ClockSourceConfig              0x000013b4   Section        0  ht32_cm0plus_misc.o(i.SYSTICK_ClockSourceConfig)
    i.SYSTICK_CounterCmd                     0x000013d8   Section        0  ht32_cm0plus_misc.o(i.SYSTICK_CounterCmd)
    i.SYSTICK_IntConfig                      0x00001408   Section        0  ht32_cm0plus_misc.o(i.SYSTICK_IntConfig)
    i.SYSTICK_SetReloadValue                 0x0000142c   Section        0  ht32_cm0plus_misc.o(i.SYSTICK_SetReloadValue)
    i.SubscribeOrder                         0x00001438   Section        0  onenet.o(i.SubscribeOrder)
    i.SysTick_Handler                        0x00001518   Section        0  ht32f5xxxx_01_it.o(i.SysTick_Handler)
    i.SystemInit                             0x0000151c   Section        0  system_ht32f5xxxx_01.o(i.SystemInit)
    i.USART0_IRQHandler                      0x00001660   Section        0  esp8266.o(i.USART0_IRQHandler)
    i.USART1_IRQHandler                      0x000016a8   Section        0  usart.o(i.USART1_IRQHandler)
    i.USART_ClearFlag                        0x000016d4   Section        0  ht32f5xxxx_usart.o(i.USART_ClearFlag)
    i.USART_Configuration                    0x000016dc   Section        0  usart.o(i.USART_Configuration)
    i.USART_GetFlagStatus                    0x000017e4   Section        0  ht32f5xxxx_usart.o(i.USART_GetFlagStatus)
    i.USART_Init                             0x000017f8   Section        0  ht32f5xxxx_usart.o(i.USART_Init)
    i.USART_IntConfig                        0x00001884   Section        0  ht32f5xxxx_usart.o(i.USART_IntConfig)
    i.USART_ReceiveData                      0x00001898   Section        0  ht32f5xxxx_usart.o(i.USART_ReceiveData)
    i.USART_SendData                         0x000018a0   Section        0  ht32f5xxxx_usart.o(i.USART_SendData)
    i.USART_TxRxCmd                          0x000018a4   Section        0  ht32f5xxxx_usart.o(i.USART_TxRxCmd)
    i.UsartPrintf                            0x000018c2   Section        0  usart.o(i.UsartPrintf)
    i.Usart_SendStr                          0x0000190c   Section        0  usart.o(i.Usart_SendStr)
    i.Usart_SendString                       0x0000192a   Section        0  usart.o(i.Usart_SendString)
    i.Usart_Sendbyte                         0x00001958   Section        0  usart.o(i.Usart_Sendbyte)
    i.__0printf                              0x00001978   Section        0  printfa.o(i.__0printf)
    i.__0sprintf                             0x00001998   Section        0  printfa.o(i.__0sprintf)
    i.__0vsnprintf                           0x000019c0   Section        0  printfa.o(i.__0vsnprintf)
    i.__ARM_clz                              0x000019f0   Section        0  depilogue.o(i.__ARM_clz)
    i.__ARM_common_switch8                   0x00001a1e   Section        0  ht32f5xxxx_ckcu.o(i.__ARM_common_switch8)
    i.__scatterload_copy                     0x00001a3a   Section       14  handlers.o(i.__scatterload_copy)
    i.__scatterload_null                     0x00001a48   Section        2  handlers.o(i.__scatterload_null)
    i.__scatterload_zeroinit                 0x00001a4a   Section       14  handlers.o(i.__scatterload_zeroinit)
    i._fp_digits                             0x00001a58   Section        0  printfa.o(i._fp_digits)
    _fp_digits                               0x00001a59   Thumb Code   344  printfa.o(i._fp_digits)
    i._printf_core                           0x00001bcc   Section        0  printfa.o(i._printf_core)
    _printf_core                             0x00001bcd   Thumb Code  1760  printfa.o(i._printf_core)
    i._printf_post_padding                   0x000022bc   Section        0  printfa.o(i._printf_post_padding)
    _printf_post_padding                     0x000022bd   Thumb Code    32  printfa.o(i._printf_post_padding)
    i._printf_pre_padding                    0x000022dc   Section        0  printfa.o(i._printf_pre_padding)
    _printf_pre_padding                      0x000022dd   Thumb Code    44  printfa.o(i._printf_pre_padding)
    i._snputc                                0x00002308   Section        0  printfa.o(i._snputc)
    _snputc                                  0x00002309   Thumb Code    22  printfa.o(i._snputc)
    i._sputc                                 0x0000231e   Section        0  printfa.o(i._sputc)
    _sputc                                   0x0000231f   Thumb Code    10  printfa.o(i._sputc)
    i.delay_ms                               0x00002328   Section        0  delay.o(i.delay_ms)
    i.delay_us                               0x00002344   Section        0  delay.o(i.delay_us)
    i.fputc                                  0x000023ac   Section        0  ht32_retarget.o(i.fputc)
    i.free                                   0x000023bc   Section        0  malloc.o(i.free)
    i.main                                   0x00002410   Section        0  main.o(i.main)
    i.malloc                                 0x00002434   Section        0  malloc.o(i.malloc)
    .conststring                             0x000024a0   Section       18  onenet.o(.conststring)
    .data                                    0x20000000   Section        4  ht32f5xxxx_01_it.o(.data)
    gIsContinue                              0x20000000   Data           4  ht32f5xxxx_01_it.o(.data)
    .data                                    0x20000004   Section        4  system_ht32f5xxxx_01.o(.data)
    .data                                    0x20000008   Section        8  ht32_retarget.o(.data)
    .data                                    0x20000010   Section        4  esp8266.o(.data)
    .data                                    0x20000014   Section        4  onenet.o(.data)
    .data                                    0x20000018   Section        4  mvars.o(.data)
    .data                                    0x2000001c   Section        4  mvars.o(.data)
    .bss                                     0x20000020   Section      256  esp8266.o(.bss)
    HEAP                                     0x20000120   Section        0  startup_ht32f5xxxx_01.o(HEAP)
    STACK                                    0x20000120   Section      512  startup_ht32f5xxxx_01.o(STACK)

    Global Symbols

    Symbol Name                              Value     Ov Type        Size  Object(Section)

    BuildAttributes$$THM_ISAv3M$S$PE$A:L22$X:L11$S22$IEEE1$IW$USESV6$~STKCKD$USESV7$~SHL$OTIME$ROPI$IEEEX$EBA8$MICROLIB$REQ8$PRES8$EABIv2 0x00000000   Number         0  anon$$obj.o ABSOLUTE
    __ARM_use_no_argv                        0x00000000   Number         0  main.o ABSOLUTE
    __Vectors                                0x00000000   Data           0  startup_ht32f5xxxx_01.o(RESET)
    __use_no_errno                           0x00000000   Number         0  useno.o ABSOLUTE
    __use_no_exception_handling              0x00000000   Number         0  useno.o ABSOLUTE
    __use_no_fp                              0x00000000   Number         0  useno.o ABSOLUTE
    __use_no_heap                            0x00000000   Number         0  useno.o ABSOLUTE
    __use_no_heap_region                     0x00000000   Number         0  useno.o ABSOLUTE
    __use_no_semihosting                     0x00000000   Number         0  useno.o ABSOLUTE
    __use_no_semihosting_swi                 0x00000000   Number         0  useno.o ABSOLUTE
    __use_no_signal_handling                 0x00000000   Number         0  useno.o ABSOLUTE
    _printf_a                                0x00000000   Number         0  stubs.o ABSOLUTE
    _printf_c                                0x00000000   Number         0  stubs.o ABSOLUTE
    _printf_charcount                        0x00000000   Number         0  stubs.o ABSOLUTE
    _printf_d                                0x00000000   Number         0  stubs.o ABSOLUTE
    _printf_e                                0x00000000   Number         0  stubs.o ABSOLUTE
    _printf_f                                0x00000000   Number         0  stubs.o ABSOLUTE
    _printf_flags                            0x00000000   Number         0  stubs.o ABSOLUTE
    _printf_fp_dec                           0x00000000   Number         0  stubs.o ABSOLUTE
    _printf_fp_hex                           0x00000000   Number         0  stubs.o ABSOLUTE
    _printf_g                                0x00000000   Number         0  stubs.o ABSOLUTE
    _printf_i                                0x00000000   Number         0  stubs.o ABSOLUTE
    _printf_int_dec                          0x00000000   Number         0  stubs.o ABSOLUTE
    _printf_l                                0x00000000   Number         0  stubs.o ABSOLUTE
    _printf_lc                               0x00000000   Number         0  stubs.o ABSOLUTE
    _printf_ll                               0x00000000   Number         0  stubs.o ABSOLUTE
    _printf_lld                              0x00000000   Number         0  stubs.o ABSOLUTE
    _printf_lli                              0x00000000   Number         0  stubs.o ABSOLUTE
    _printf_llo                              0x00000000   Number         0  stubs.o ABSOLUTE
    _printf_llu                              0x00000000   Number         0  stubs.o ABSOLUTE
    _printf_llx                              0x00000000   Number         0  stubs.o ABSOLUTE
    _printf_longlong_dec                     0x00000000   Number         0  stubs.o ABSOLUTE
    _printf_longlong_hex                     0x00000000   Number         0  stubs.o ABSOLUTE
    _printf_longlong_oct                     0x00000000   Number         0  stubs.o ABSOLUTE
    _printf_ls                               0x00000000   Number         0  stubs.o ABSOLUTE
    _printf_mbtowc                           0x00000000   Number         0  stubs.o ABSOLUTE
    _printf_n                                0x00000000   Number         0  stubs.o ABSOLUTE
    _printf_o                                0x00000000   Number         0  stubs.o ABSOLUTE
    _printf_p                                0x00000000   Number         0  stubs.o ABSOLUTE
    _printf_percent                          0x00000000   Number         0  stubs.o ABSOLUTE
    _printf_pre_padding                      0x00000000   Number         0  stubs.o ABSOLUTE
    _printf_return_value                     0x00000000   Number         0  stubs.o ABSOLUTE
    _printf_s                                0x00000000   Number         0  stubs.o ABSOLUTE
    _printf_sizespec                         0x00000000   Number         0  stubs.o ABSOLUTE
    _printf_str                              0x00000000   Number         0  stubs.o ABSOLUTE
    _printf_truncate_signed                  0x00000000   Number         0  stubs.o ABSOLUTE
    _printf_truncate_unsigned                0x00000000   Number         0  stubs.o ABSOLUTE
    _printf_u                                0x00000000   Number         0  stubs.o ABSOLUTE
    _printf_wc                               0x00000000   Number         0  stubs.o ABSOLUTE
    _printf_wctomb                           0x00000000   Number         0  stubs.o ABSOLUTE
    _printf_widthprec                        0x00000000   Number         0  stubs.o ABSOLUTE
    _printf_x                                0x00000000   Number         0  stubs.o ABSOLUTE
    __arm_fini_                               - Undefined Weak Reference
    __cpp_initialize__aeabi_                  - Undefined Weak Reference
    __cxa_finalize                            - Undefined Weak Reference
    __decompress                              - Undefined Weak Reference
    _clock_init                               - Undefined Weak Reference
    _microlib_exit                            - Undefined Weak Reference
    Reset_Handler                            0x000000c1   Thumb Code    12  startup_ht32f5xxxx_01.o(RESET)
    ADC_IRQHandler                           0x00000103   Thumb Code     0  startup_ht32f5xxxx_01.o(RESET)
    AES_IRQHandler                           0x00000103   Thumb Code     0  startup_ht32f5xxxx_01.o(RESET)
    BFTM0_IRQHandler                         0x00000103   Thumb Code     0  startup_ht32f5xxxx_01.o(RESET)
    BFTM1_IRQHandler                         0x00000103   Thumb Code     0  startup_ht32f5xxxx_01.o(RESET)
    COMP_IRQHandler                          0x00000103   Thumb Code     0  startup_ht32f5xxxx_01.o(RESET)
    EVWUP_IRQHandler                         0x00000103   Thumb Code     0  startup_ht32f5xxxx_01.o(RESET)
    EXTI0_1_IRQHandler                       0x00000103   Thumb Code     0  startup_ht32f5xxxx_01.o(RESET)
    EXTI2_3_IRQHandler                       0x00000103   Thumb Code     0  startup_ht32f5xxxx_01.o(RESET)
    EXTI4_15_IRQHandler                      0x00000103   Thumb Code     0  startup_ht32f5xxxx_01.o(RESET)
    FLASH_IRQHandler                         0x00000103   Thumb Code     0  startup_ht32f5xxxx_01.o(RESET)
    GPTM0_IRQHandler                         0x00000103   Thumb Code     0  startup_ht32f5xxxx_01.o(RESET)
    GPTM1_IRQHandler                         0x00000103   Thumb Code     0  startup_ht32f5xxxx_01.o(RESET)
    I2C0_IRQHandler                          0x00000103   Thumb Code     0  startup_ht32f5xxxx_01.o(RESET)
    I2C1_IRQHandler                          0x00000103   Thumb Code     0  startup_ht32f5xxxx_01.o(RESET)
    I2S_IRQHandler                           0x00000103   Thumb Code     0  startup_ht32f5xxxx_01.o(RESET)
    LVD_BOD_IRQHandler                       0x00000103   Thumb Code     0  startup_ht32f5xxxx_01.o(RESET)
    MCTM0_IRQHandler                         0x00000103   Thumb Code     0  startup_ht32f5xxxx_01.o(RESET)
    PDMA_CH0_1_IRQHandler                    0x00000103   Thumb Code     0  startup_ht32f5xxxx_01.o(RESET)
    PDMA_CH2_5_IRQHandler                    0x00000103   Thumb Code     0  startup_ht32f5xxxx_01.o(RESET)
    PWM0_IRQHandler                          0x00000103   Thumb Code     0  startup_ht32f5xxxx_01.o(RESET)
    PWM1_IRQHandler                          0x00000103   Thumb Code     0  startup_ht32f5xxxx_01.o(RESET)
    RTC_IRQHandler                           0x00000103   Thumb Code     0  startup_ht32f5xxxx_01.o(RESET)
    SCI_IRQHandler                           0x00000103   Thumb Code     0  startup_ht32f5xxxx_01.o(RESET)
    SCTM0_IRQHandler                         0x00000103   Thumb Code     0  startup_ht32f5xxxx_01.o(RESET)
    SCTM1_IRQHandler                         0x00000103   Thumb Code     0  startup_ht32f5xxxx_01.o(RESET)
    SCTM2_IRQHandler                         0x00000103   Thumb Code     0  startup_ht32f5xxxx_01.o(RESET)
    SCTM3_IRQHandler                         0x00000103   Thumb Code     0  startup_ht32f5xxxx_01.o(RESET)
    SPI0_IRQHandler                          0x00000103   Thumb Code     0  startup_ht32f5xxxx_01.o(RESET)
    SPI1_IRQHandler                          0x00000103   Thumb Code     0  startup_ht32f5xxxx_01.o(RESET)
    UART0_IRQHandler                         0x00000103   Thumb Code     0  startup_ht32f5xxxx_01.o(RESET)
    UART1_IRQHandler                         0x00000103   Thumb Code     0  startup_ht32f5xxxx_01.o(RESET)
    UART2_IRQHandler                         0x00000103   Thumb Code     0  startup_ht32f5xxxx_01.o(RESET)
    UART3_IRQHandler                         0x00000103   Thumb Code     0  startup_ht32f5xxxx_01.o(RESET)
    USB_IRQHandler                           0x00000103   Thumb Code     0  startup_ht32f5xxxx_01.o(RESET)
    __main                                   0x0000011d   Thumb Code     0  entry.o(.ARM.Collect$$$$00000000)
    _main_stk                                0x0000011d   Thumb Code     0  entry2.o(.ARM.Collect$$$$00000001)
    _main_scatterload                        0x00000121   Thumb Code     0  entry5.o(.ARM.Collect$$$$00000004)
    __main_after_scatterload                 0x00000125   Thumb Code     0  entry5.o(.ARM.Collect$$$$00000004)
    _main_clock                              0x00000125   Thumb Code     0  entry7b.o(.ARM.Collect$$$$00000008)
    _main_cpp_init                           0x00000125   Thumb Code     0  entry8b.o(.ARM.Collect$$$$0000000A)
    _main_init                               0x00000125   Thumb Code     0  entry9a.o(.ARM.Collect$$$$0000000B)
    __rt_lib_shutdown_fini                   0x0000012d   Thumb Code     0  entry12b.o(.ARM.Collect$$$$0000000E)
    __rt_final_cpp                           0x00000131   Thumb Code     0  entry10a.o(.ARM.Collect$$$$0000000F)
    __rt_final_exit                          0x00000131   Thumb Code     0  entry11a.o(.ARM.Collect$$$$00000011)
    __aeabi_uidiv                            0x00000135   Thumb Code     0  uidiv.o(.text)
    __aeabi_uidivmod                         0x00000135   Thumb Code    44  uidiv.o(.text)
    __aeabi_memset                           0x00000161   Thumb Code    14  memseta.o(.text)
    __aeabi_memset4                          0x00000161   Thumb Code     0  memseta.o(.text)
    __aeabi_memset8                          0x00000161   Thumb Code     0  memseta.o(.text)
    __aeabi_memclr                           0x0000016f   Thumb Code     4  memseta.o(.text)
    __aeabi_memclr4                          0x0000016f   Thumb Code     0  memseta.o(.text)
    __aeabi_memclr8                          0x0000016f   Thumb Code     0  memseta.o(.text)
    _memset$wrapper                          0x00000173   Thumb Code    18  memseta.o(.text)
    strstr                                   0x00000185   Thumb Code    40  strstr.o(.text)
    strchr                                   0x000001ad   Thumb Code    20  strchr.o(.text)
    strlen                                   0x000001c1   Thumb Code    14  strlen.o(.text)
    strncat                                  0x000001cf   Thumb Code    40  strncat.o(.text)
    __aeabi_dadd                             0x000001f9   Thumb Code   330  dadd.o(.text)
    __aeabi_dsub                             0x00000343   Thumb Code    12  dadd.o(.text)
    __aeabi_drsub                            0x0000034f   Thumb Code    12  dadd.o(.text)
    __aeabi_dmul                             0x00000361   Thumb Code   202  dmul.o(.text)
    __aeabi_ddiv                             0x00000431   Thumb Code   234  ddiv.o(.text)
    __aeabi_cdrcmple                         0x00000521   Thumb Code    38  cdrcmple.o(.text)
    __aeabi_uldivmod                         0x00000549   Thumb Code    96  uldiv.o(.text)
    __aeabi_llsl                             0x000005a9   Thumb Code    32  llshl.o(.text)
    _ll_shift_l                              0x000005a9   Thumb Code     0  llshl.o(.text)
    __aeabi_llsr                             0x000005c9   Thumb Code    34  llushr.o(.text)
    _ll_ushift_r                             0x000005c9   Thumb Code     0  llushr.o(.text)
    __aeabi_lasr                             0x000005eb   Thumb Code    38  llsshr.o(.text)
    _ll_sshift_r                             0x000005eb   Thumb Code     0  llsshr.o(.text)
    __I$use$fp                               0x00000611   Thumb Code     0  iusefp.o(.text)
    _double_round                            0x00000611   Thumb Code    26  depilogue.o(.text)
    _double_epilogue                         0x0000062b   Thumb Code   164  depilogue.o(.text)
    __aeabi_d2ulz                            0x000006d1   Thumb Code    54  dfixul.o(.text)
    __scatterload                            0x00000711   Thumb Code    28  init.o(.text)
    __scatterload_rt2                        0x00000711   Thumb Code     0  init.o(.text)
    AFIO_GPxConfig                           0x00000735   Thumb Code    94  ht32f5xxxx_gpio.o(i.AFIO_GPxConfig)
    CKCU_GetClocksFrequency                  0x00000799   Thumb Code   130  ht32f5xxxx_ckcu.o(i.CKCU_GetClocksFrequency)
    CKCU_GetPLLFrequency                     0x00000825   Thumb Code    96  ht32f5xxxx_ckcu.o(i.CKCU_GetPLLFrequency)
    CKCU_GetPeripFrequency                   0x0000088d   Thumb Code    50  ht32f5xxxx_ckcu.o(i.CKCU_GetPeripFrequency)
    CKCU_PeripClockConfig                    0x000008c5   Thumb Code    60  ht32f5xxxx_ckcu.o(i.CKCU_PeripClockConfig)
    ESP8266_Clear                            0x00000905   Thumb Code    20  esp8266.o(i.ESP8266_Clear)
    ESP8266_GetIPD                           0x00000921   Thumb Code    74  esp8266.o(i.ESP8266_GetIPD)
    ESP8266_Init                             0x00000979   Thumb Code   144  esp8266.o(i.ESP8266_Init)
    ESP8266_SendCmd                          0x00000acd   Thumb Code    76  esp8266.o(i.ESP8266_SendCmd)
    ESP8266_SendData                         0x00000b1d   Thumb Code    50  esp8266.o(i.ESP8266_SendData)
    ESP8266_WaitRecive                       0x00000b65   Thumb Code    44  esp8266.o(i.ESP8266_WaitRecive)
    GPIO_PullResistorConfig                  0x00000b99   Thumb Code    50  ht32f5xxxx_gpio.o(i.GPIO_PullResistorConfig)
    HardFault_Handler                        0x00000bcd   Thumb Code    12  ht32f5xxxx_01_it.o(i.HardFault_Handler)
    MQTT_DeleteBuffer                        0x00000bdd   Thumb Code    28  mqttkit.o(i.MQTT_DeleteBuffer)
    MQTT_DumpLength                          0x00000bf9   Thumb Code    50  mqttkit.o(i.MQTT_DumpLength)
    MQTT_NewBuffer                           0x00000c2b   Thumb Code    92  mqttkit.o(i.MQTT_NewBuffer)
    MQTT_PacketConnect                       0x00000c89   Thumb Code   722  mqttkit.o(i.MQTT_PacketConnect)
    MQTT_PacketSubscribe                     0x00000f71   Thumb Code   276  mqttkit.o(i.MQTT_PacketSubscribe)
    MQTT_ReadLength                          0x00001085   Thumb Code    74  mqttkit.o(i.MQTT_ReadLength)
    MQTT_UnPacketConnectAck                  0x000010cf   Thumb Code    32  mqttkit.o(i.MQTT_UnPacketConnectAck)
    MQTT_UnPacketRecv                        0x000010f1   Thumb Code   110  mqttkit.o(i.MQTT_UnPacketRecv)
    NMI_Handler                              0x00001169   Thumb Code     2  ht32f5xxxx_01_it.o(i.NMI_Handler)
    OneNet_DevLink                           0x00001181   Thumb Code   192  onenet.o(i.OneNet_DevLink)
    PendSV_Handler                           0x00001391   Thumb Code     2  ht32f5xxxx_01_it.o(i.PendSV_Handler)
    SERIAL_PutChar                           0x00001395   Thumb Code    24  ht32_serial.o(i.SERIAL_PutChar)
    SVC_Handler                              0x000013b1   Thumb Code     2  ht32f5xxxx_01_it.o(i.SVC_Handler)
    SYSTICK_ClockSourceConfig                0x000013b5   Thumb Code    32  ht32_cm0plus_misc.o(i.SYSTICK_ClockSourceConfig)
    SYSTICK_CounterCmd                       0x000013d9   Thumb Code    44  ht32_cm0plus_misc.o(i.SYSTICK_CounterCmd)
    SYSTICK_IntConfig                        0x00001409   Thumb Code    32  ht32_cm0plus_misc.o(i.SYSTICK_IntConfig)
    SYSTICK_SetReloadValue                   0x0000142d   Thumb Code     6  ht32_cm0plus_misc.o(i.SYSTICK_SetReloadValue)
    SubscribeOrder                           0x00001439   Thumb Code   124  onenet.o(i.SubscribeOrder)
    SysTick_Handler                          0x00001519   Thumb Code     2  ht32f5xxxx_01_it.o(i.SysTick_Handler)
    SystemInit                               0x0000151d   Thumb Code   304  system_ht32f5xxxx_01.o(i.SystemInit)
    USART0_IRQHandler                        0x00001661   Thumb Code    64  esp8266.o(i.USART0_IRQHandler)
    USART1_IRQHandler                        0x000016a9   Thumb Code    40  usart.o(i.USART1_IRQHandler)
    USART_ClearFlag                          0x000016d5   Thumb Code     8  ht32f5xxxx_usart.o(i.USART_ClearFlag)
    USART_Configuration                      0x000016dd   Thumb Code   250  usart.o(i.USART_Configuration)
    USART_GetFlagStatus                      0x000017e5   Thumb Code    18  ht32f5xxxx_usart.o(i.USART_GetFlagStatus)
    USART_Init                               0x000017f9   Thumb Code   122  ht32f5xxxx_usart.o(i.USART_Init)
    USART_IntConfig                          0x00001885   Thumb Code    20  ht32f5xxxx_usart.o(i.USART_IntConfig)
    USART_ReceiveData                        0x00001899   Thumb Code     8  ht32f5xxxx_usart.o(i.USART_ReceiveData)
    USART_SendData                           0x000018a1   Thumb Code     4  ht32f5xxxx_usart.o(i.USART_SendData)
    USART_TxRxCmd                            0x000018a5   Thumb Code    30  ht32f5xxxx_usart.o(i.USART_TxRxCmd)
    UsartPrintf                              0x000018c3   Thumb Code    74  usart.o(i.UsartPrintf)
    Usart_SendStr                            0x0000190d   Thumb Code    30  usart.o(i.Usart_SendStr)
    Usart_SendString                         0x0000192b   Thumb Code    46  usart.o(i.Usart_SendString)
    Usart_Sendbyte                           0x00001959   Thumb Code    30  usart.o(i.Usart_Sendbyte)
    __0printf                                0x00001979   Thumb Code    24  printfa.o(i.__0printf)
    __1printf                                0x00001979   Thumb Code     0  printfa.o(i.__0printf)
    __2printf                                0x00001979   Thumb Code     0  printfa.o(i.__0printf)
    __c89printf                              0x00001979   Thumb Code     0  printfa.o(i.__0printf)
    printf                                   0x00001979   Thumb Code     0  printfa.o(i.__0printf)
    __0sprintf                               0x00001999   Thumb Code    36  printfa.o(i.__0sprintf)
    __1sprintf                               0x00001999   Thumb Code     0  printfa.o(i.__0sprintf)
    __2sprintf                               0x00001999   Thumb Code     0  printfa.o(i.__0sprintf)
    __c89sprintf                             0x00001999   Thumb Code     0  printfa.o(i.__0sprintf)
    sprintf                                  0x00001999   Thumb Code     0  printfa.o(i.__0sprintf)
    __0vsnprintf                             0x000019c1   Thumb Code    44  printfa.o(i.__0vsnprintf)
    __1vsnprintf                             0x000019c1   Thumb Code     0  printfa.o(i.__0vsnprintf)
    __2vsnprintf                             0x000019c1   Thumb Code     0  printfa.o(i.__0vsnprintf)
    __c89vsnprintf                           0x000019c1   Thumb Code     0  printfa.o(i.__0vsnprintf)
    vsnprintf                                0x000019c1   Thumb Code     0  printfa.o(i.__0vsnprintf)
    __ARM_clz                                0x000019f1   Thumb Code    46  depilogue.o(i.__ARM_clz)
    __ARM_common_switch8                     0x00001a1f   Thumb Code    28  ht32f5xxxx_ckcu.o(i.__ARM_common_switch8)
    __scatterload_copy                       0x00001a3b   Thumb Code    14  handlers.o(i.__scatterload_copy)
    __scatterload_null                       0x00001a49   Thumb Code     2  handlers.o(i.__scatterload_null)
    __scatterload_zeroinit                   0x00001a4b   Thumb Code    14  handlers.o(i.__scatterload_zeroinit)
    delay_ms                                 0x00002329   Thumb Code    26  delay.o(i.delay_ms)
    delay_us                                 0x00002345   Thumb Code    90  delay.o(i.delay_us)
    fputc                                    0x000023ad   Thumb Code    14  ht32_retarget.o(i.fputc)
    free                                     0x000023bd   Thumb Code    80  malloc.o(i.free)
    main                                     0x00002411   Thumb Code    34  main.o(i.main)
    malloc                                   0x00002435   Thumb Code    92  malloc.o(i.malloc)
    Region$$Table$$Base                      0x000024b4   Number         0  anon$$obj.o(Region$$Table)
    Region$$Table$$Limit                     0x000024d4   Number         0  anon$$obj.o(Region$$Table)
    SystemCoreClock                          0x20000004   Data           4  system_ht32f5xxxx_01.o(.data)
    __stdout                                 0x20000008   Data           4  ht32_retarget.o(.data)
    __stdin                                  0x2000000c   Data           4  ht32_retarget.o(.data)
    esp8266_cnt                              0x20000010   Data           2  esp8266.o(.data)
    esp8266_cntPre                           0x20000012   Data           2  esp8266.o(.data)
    topics                                   0x20000014   Data           4  onenet.o(.data)
    __microlib_freelist                      0x20000018   Data           4  mvars.o(.data)
    __microlib_freelist_initialised          0x2000001c   Data           4  mvars.o(.data)
    esp8266_buf                              0x20000020   Data         256  esp8266.o(.bss)
    __HT_check_heap                          0x20000120   Data           0  startup_ht32f5xxxx_01.o(HEAP)
    __HT_check_sp                            0x20000120   Data           0  startup_ht32f5xxxx_01.o(STACK)
    __heap_base                              0x20000120   Data           0  startup_ht32f5xxxx_01.o(HEAP)
    __heap_limit                             0x20000120   Data           0  startup_ht32f5xxxx_01.o(HEAP)
    __initial_sp                             0x20000320   Data           0  startup_ht32f5xxxx_01.o(STACK)



==============================================================================

Memory Map of the image

  Image Entry point : 0x000000c1

  Load Region LR_IROM1 (Base: 0x00000000, Size: 0x000024f4, Max: 0x0001fe00, ABSOLUTE)

    Execution Region ER_IROM1 (Exec base: 0x00000000, Load base: 0x00000000, Size: 0x000024d4, Max: 0x0001fe00, ABSOLUTE)

    Exec Addr    Load Addr    Size         Type   Attr      Idx    E Section Name        Object

    0x00000000   0x00000000   0x0000011c   Code   RO          260  * RESET               startup_ht32f5xxxx_01.o
    0x0000011c   0x0000011c   0x00000000   Code   RO         4849  * .ARM.Collect$$$$00000000  mc_p.l(entry.o)
    0x0000011c   0x0000011c   0x00000004   Code   RO         5235    .ARM.Collect$$$$00000001  mc_p.l(entry2.o)
    0x00000120   0x00000120   0x00000004   Code   RO         5238    .ARM.Collect$$$$00000004  mc_p.l(entry5.o)
    0x00000124   0x00000124   0x00000000   Code   RO         5240    .ARM.Collect$$$$00000008  mc_p.l(entry7b.o)
    0x00000124   0x00000124   0x00000000   Code   RO         5242    .ARM.Collect$$$$0000000A  mc_p.l(entry8b.o)
    0x00000124   0x00000124   0x00000008   Code   RO         5243    .ARM.Collect$$$$0000000B  mc_p.l(entry9a.o)
    0x0000012c   0x0000012c   0x00000004   Code   RO         5250    .ARM.Collect$$$$0000000E  mc_p.l(entry12b.o)
    0x00000130   0x00000130   0x00000000   Code   RO         5245    .ARM.Collect$$$$0000000F  mc_p.l(entry10a.o)
    0x00000130   0x00000130   0x00000000   Code   RO         5247    .ARM.Collect$$$$00000011  mc_p.l(entry11a.o)
    0x00000130   0x00000130   0x00000004   Code   RO         5236    .ARM.Collect$$$$00002712  mc_p.l(entry2.o)
    0x00000134   0x00000134   0x0000002c   Code   RO         4852    .text               mc_p.l(uidiv.o)
    0x00000160   0x00000160   0x00000024   Code   RO         4863    .text               mc_p.l(memseta.o)
    0x00000184   0x00000184   0x00000028   Code   RO         4867    .text               mc_p.l(strstr.o)
    0x000001ac   0x000001ac   0x00000014   Code   RO         4869    .text               mc_p.l(strchr.o)
    0x000001c0   0x000001c0   0x0000000e   Code   RO         4871    .text               mc_p.l(strlen.o)
    0x000001ce   0x000001ce   0x00000028   Code   RO         4873    .text               mc_p.l(strncat.o)
    0x000001f6   0x000001f6   0x00000002   PAD
    0x000001f8   0x000001f8   0x00000168   Code   RO         5176    .text               mf_p.l(dadd.o)
    0x00000360   0x00000360   0x000000d0   Code   RO         5178    .text               mf_p.l(dmul.o)
    0x00000430   0x00000430   0x000000f0   Code   RO         5180    .text               mf_p.l(ddiv.o)
    0x00000520   0x00000520   0x00000028   Code   RO         5192    .text               mf_p.l(cdrcmple.o)
    0x00000548   0x00000548   0x00000060   Code   RO         5251    .text               mc_p.l(uldiv.o)
    0x000005a8   0x000005a8   0x00000020   Code   RO         5253    .text               mc_p.l(llshl.o)
    0x000005c8   0x000005c8   0x00000022   Code   RO         5255    .text               mc_p.l(llushr.o)
    0x000005ea   0x000005ea   0x00000026   Code   RO         5257    .text               mc_p.l(llsshr.o)
    0x00000610   0x00000610   0x00000000   Code   RO         5268    .text               mc_p.l(iusefp.o)
    0x00000610   0x00000610   0x000000be   Code   RO         5271    .text               mf_p.l(depilogue.o)
    0x000006ce   0x000006ce   0x00000002   PAD
    0x000006d0   0x000006d0   0x00000040   Code   RO         5279    .text               mf_p.l(dfixul.o)
    0x00000710   0x00000710   0x00000024   Code   RO         5281    .text               mc_p.l(init.o)
    0x00000734   0x00000734   0x00000064   Code   RO         1387    i.AFIO_GPxConfig    ht32f5xxxx_gpio.o
    0x00000798   0x00000798   0x0000008c   Code   RO          807    i.CKCU_GetClocksFrequency  ht32f5xxxx_ckcu.o
    0x00000824   0x00000824   0x00000068   Code   RO          809    i.CKCU_GetPLLFrequency  ht32f5xxxx_ckcu.o
    0x0000088c   0x0000088c   0x00000038   Code   RO          810    i.CKCU_GetPeripFrequency  ht32f5xxxx_ckcu.o
    0x000008c4   0x000008c4   0x00000040   Code   RO          825    i.CKCU_PeripClockConfig  ht32f5xxxx_ckcu.o
    0x00000904   0x00000904   0x0000001c   Code   RO         4680    i.ESP8266_Clear     esp8266.o
    0x00000920   0x00000920   0x00000058   Code   RO         4681    i.ESP8266_GetIPD    esp8266.o
    0x00000978   0x00000978   0x00000154   Code   RO         4682    i.ESP8266_Init      esp8266.o
    0x00000acc   0x00000acc   0x00000050   Code   RO         4683    i.ESP8266_SendCmd   esp8266.o
    0x00000b1c   0x00000b1c   0x00000048   Code   RO         4684    i.ESP8266_SendData  esp8266.o
    0x00000b64   0x00000b64   0x00000034   Code   RO         4685    i.ESP8266_WaitRecive  esp8266.o
    0x00000b98   0x00000b98   0x00000032   Code   RO         1398    i.GPIO_PullResistorConfig  ht32f5xxxx_gpio.o
    0x00000bca   0x00000bca   0x00000002   PAD
    0x00000bcc   0x00000bcc   0x00000010   Code   RO          180    i.HardFault_Handler  ht32f5xxxx_01_it.o
    0x00000bdc   0x00000bdc   0x0000001c   Code   RO         4488    i.MQTT_DeleteBuffer  mqttkit.o
    0x00000bf8   0x00000bf8   0x00000032   Code   RO         4489    i.MQTT_DumpLength   mqttkit.o
    0x00000c2a   0x00000c2a   0x0000005c   Code   RO         4490    i.MQTT_NewBuffer    mqttkit.o
    0x00000c86   0x00000c86   0x00000002   PAD
    0x00000c88   0x00000c88   0x000002e8   Code   RO         4492    i.MQTT_PacketConnect  mqttkit.o
    0x00000f70   0x00000f70   0x00000114   Code   RO         4502    i.MQTT_PacketSubscribe  mqttkit.o
    0x00001084   0x00001084   0x0000004a   Code   RO         4504    i.MQTT_ReadLength   mqttkit.o
    0x000010ce   0x000010ce   0x00000020   Code   RO         4506    i.MQTT_UnPacketConnectAck  mqttkit.o
    0x000010ee   0x000010ee   0x00000002   PAD
    0x000010f0   0x000010f0   0x00000078   Code   RO         4512    i.MQTT_UnPacketRecv  mqttkit.o
    0x00001168   0x00001168   0x00000002   Code   RO          181    i.NMI_Handler       ht32f5xxxx_01_it.o
    0x0000116a   0x0000116a   0x00000002   PAD
    0x0000116c   0x0000116c   0x00000014   Code   RO         3896    i.NVIC_EnableIRQ    usart.o
    0x00001180   0x00001180   0x00000210   Code   RO         4743    i.OneNet_DevLink    onenet.o
    0x00001390   0x00001390   0x00000002   Code   RO          182    i.PendSV_Handler    ht32f5xxxx_01_it.o
    0x00001392   0x00001392   0x00000002   PAD
    0x00001394   0x00001394   0x0000001c   Code   RO          575    i.SERIAL_PutChar    ht32_serial.o
    0x000013b0   0x000013b0   0x00000002   Code   RO          183    i.SVC_Handler       ht32f5xxxx_01_it.o
    0x000013b2   0x000013b2   0x00000002   PAD
    0x000013b4   0x000013b4   0x00000024   Code   RO          404    i.SYSTICK_ClockSourceConfig  ht32_cm0plus_misc.o
    0x000013d8   0x000013d8   0x00000030   Code   RO          405    i.SYSTICK_CounterCmd  ht32_cm0plus_misc.o
    0x00001408   0x00001408   0x00000024   Code   RO          406    i.SYSTICK_IntConfig  ht32_cm0plus_misc.o
    0x0000142c   0x0000142c   0x0000000c   Code   RO          407    i.SYSTICK_SetReloadValue  ht32_cm0plus_misc.o
    0x00001438   0x00001438   0x000000e0   Code   RO         4747    i.SubscribeOrder    onenet.o
    0x00001518   0x00001518   0x00000002   Code   RO          184    i.SysTick_Handler   ht32f5xxxx_01_it.o
    0x0000151a   0x0000151a   0x00000002   PAD
    0x0000151c   0x0000151c   0x00000144   Code   RO          226    i.SystemInit        system_ht32f5xxxx_01.o
    0x00001660   0x00001660   0x00000048   Code   RO         4686    i.USART0_IRQHandler  esp8266.o
    0x000016a8   0x000016a8   0x0000002c   Code   RO         3897    i.USART1_IRQHandler  usart.o
    0x000016d4   0x000016d4   0x00000008   Code   RO         2835    i.USART_ClearFlag   ht32f5xxxx_usart.o
    0x000016dc   0x000016dc   0x00000108   Code   RO         3898    i.USART_Configuration  usart.o
    0x000017e4   0x000017e4   0x00000012   Code   RO         2840    i.USART_GetFlagStatus  ht32f5xxxx_usart.o
    0x000017f6   0x000017f6   0x00000002   PAD
    0x000017f8   0x000017f8   0x0000008c   Code   RO         2842    i.USART_Init        ht32f5xxxx_usart.o
    0x00001884   0x00001884   0x00000014   Code   RO         2843    i.USART_IntConfig   ht32f5xxxx_usart.o
    0x00001898   0x00001898   0x00000008   Code   RO         2852    i.USART_ReceiveData  ht32f5xxxx_usart.o
    0x000018a0   0x000018a0   0x00000004   Code   RO         2853    i.USART_SendData    ht32f5xxxx_usart.o
    0x000018a4   0x000018a4   0x0000001e   Code   RO         2864    i.USART_TxRxCmd     ht32f5xxxx_usart.o
    0x000018c2   0x000018c2   0x0000004a   Code   RO         3901    i.UsartPrintf       usart.o
    0x0000190c   0x0000190c   0x0000001e   Code   RO         3903    i.Usart_SendStr     usart.o
    0x0000192a   0x0000192a   0x0000002e   Code   RO         3904    i.Usart_SendString  usart.o
    0x00001958   0x00001958   0x0000001e   Code   RO         3905    i.Usart_Sendbyte    usart.o
    0x00001976   0x00001976   0x00000002   PAD
    0x00001978   0x00001978   0x00000020   Code   RO         5114    i.__0printf         mc_p.l(printfa.o)
    0x00001998   0x00001998   0x00000028   Code   RO         5116    i.__0sprintf        mc_p.l(printfa.o)
    0x000019c0   0x000019c0   0x00000030   Code   RO         5119    i.__0vsnprintf      mc_p.l(printfa.o)
    0x000019f0   0x000019f0   0x0000002e   Code   RO         5273    i.__ARM_clz         mf_p.l(depilogue.o)
    0x00001a1e   0x00001a1e   0x0000001c   Code   RO         1002    i.__ARM_common_switch8  ht32f5xxxx_ckcu.o
    0x00001a3a   0x00001a3a   0x0000000e   Code   RO         5287    i.__scatterload_copy  mc_p.l(handlers.o)
    0x00001a48   0x00001a48   0x00000002   Code   RO         5288    i.__scatterload_null  mc_p.l(handlers.o)
    0x00001a4a   0x00001a4a   0x0000000e   Code   RO         5289    i.__scatterload_zeroinit  mc_p.l(handlers.o)
    0x00001a58   0x00001a58   0x00000174   Code   RO         5121    i._fp_digits        mc_p.l(printfa.o)
    0x00001bcc   0x00001bcc   0x000006f0   Code   RO         5122    i._printf_core      mc_p.l(printfa.o)
    0x000022bc   0x000022bc   0x00000020   Code   RO         5123    i._printf_post_padding  mc_p.l(printfa.o)
    0x000022dc   0x000022dc   0x0000002c   Code   RO         5124    i._printf_pre_padding  mc_p.l(printfa.o)
    0x00002308   0x00002308   0x00000016   Code   RO         5125    i._snputc           mc_p.l(printfa.o)
    0x0000231e   0x0000231e   0x0000000a   Code   RO         5126    i._sputc            mc_p.l(printfa.o)
    0x00002328   0x00002328   0x0000001a   Code   RO         3838    i.delay_ms          delay.o
    0x00002342   0x00002342   0x00000002   PAD
    0x00002344   0x00002344   0x00000068   Code   RO         3840    i.delay_us          delay.o
    0x000023ac   0x000023ac   0x0000000e   Code   RO          499    i.fputc             ht32_retarget.o
    0x000023ba   0x000023ba   0x00000002   PAD
    0x000023bc   0x000023bc   0x00000054   Code   RO         5142    i.free              mc_p.l(malloc.o)
    0x00002410   0x00002410   0x00000022   Code   RO            3    i.main              main.o
    0x00002432   0x00002432   0x00000002   PAD
    0x00002434   0x00002434   0x0000006c   Code   RO         5143    i.malloc            mc_p.l(malloc.o)
    0x000024a0   0x000024a0   0x00000012   Data   RO         4748    .conststring        onenet.o
    0x000024b2   0x000024b2   0x00000002   PAD
    0x000024b4   0x000024b4   0x00000020   Data   RO         5285    Region$$Table       anon$$obj.o


    Execution Region RW_IRAM1 (Exec base: 0x20000000, Load base: 0x000024d4, Size: 0x00000320, Max: 0x00004000, ABSOLUTE)

    Exec Addr    Load Addr    Size         Type   Attr      Idx    E Section Name        Object

    0x20000000   0x000024d4   0x00000004   Data   RW          185    .data               ht32f5xxxx_01_it.o
    0x20000004   0x000024d8   0x00000004   Data   RW          227    .data               system_ht32f5xxxx_01.o
    0x20000008   0x000024dc   0x00000008   Data   RW          500    .data               ht32_retarget.o
    0x20000010   0x000024e4   0x00000004   Data   RW         4688    .data               esp8266.o
    0x20000014   0x000024e8   0x00000004   Data   RW         4749    .data               onenet.o
    0x20000018   0x000024ec   0x00000004   Data   RW         5259    .data               mc_p.l(mvars.o)
    0x2000001c   0x000024f0   0x00000004   Data   RW         5260    .data               mc_p.l(mvars.o)
    0x20000020        -       0x00000100   Zero   RW         4687    .bss                esp8266.o
    0x20000120        -       0x00000000   Zero   RW          259    HEAP                startup_ht32f5xxxx_01.o
    0x20000120        -       0x00000200   Zero   RW          258    STACK               startup_ht32f5xxxx_01.o


==============================================================================

Image component sizes


      Code (inc. data)   RO Data    RW Data    ZI Data      Debug   Object Name

       130         14          0          0          0       1094   delay.o
       732        260          0          4        256       5103   esp8266.o
         0          0          0          0          0       5856   ht32_board.o
       132         18          0          0          0       2250   ht32_cm0plus_misc.o
        14          0          0          8          0       2574   ht32_retarget.o
        28          4          0          0          0        545   ht32_serial.o
        24          4          0          4          0       2187   ht32f5xxxx_01_it.o
       392         38          0          0          0      11262   ht32f5xxxx_ckcu.o
       150          6          0          0          0       6227   ht32f5xxxx_gpio.o
       228         18          0          0          0      12616   ht32f5xxxx_usart.o
        34          0          0          0          0      27027   main.o
      1416         32          0          0          0       9147   mqttkit.o
       752        444         18          4          0       4295   onenet.o
       284        216          0          0        512        692   startup_ht32f5xxxx_01.o
       324         20          0          4          0       1867   system_ht32f5xxxx_01.o
       508         24          0          0          0       5360   usart.o

    ----------------------------------------------------------------------
      5172       1098         52         24        768      98102   Object Totals
         0          0         32          0          0          0   (incl. Generated)
        24          0          2          0          0          0   (incl. Padding)

    ----------------------------------------------------------------------

      Code (inc. data)   RO Data    RW Data    ZI Data      Debug   Library Member Name

         0          0          0          0          0          0   entry.o
         0          0          0          0          0          0   entry10a.o
         0          0          0          0          0          0   entry11a.o
         4          0          0          0          0          0   entry12b.o
         8          4          0          0          0          0   entry2.o
         4          0          0          0          0          0   entry5.o
         0          0          0          0          0          0   entry7b.o
         0          0          0          0          0          0   entry8b.o
         8          4          0          0          0          0   entry9a.o
        30          0          0          0          0          0   handlers.o
        36          8          0          0          0         68   init.o
         0          0          0          0          0          0   iusefp.o
        32          0          0          0          0         68   llshl.o
        38          0          0          0          0         68   llsshr.o
        34          0          0          0          0         68   llushr.o
       192         20          0          0          0        144   malloc.o
        36          0          0          0          0        100   memseta.o
         0          0          0          8          0          0   mvars.o
      2376        106          0          0          0        688   printfa.o
        20          0          0          0          0         60   strchr.o
        14          0          0          0          0         60   strlen.o
        40          0          0          0          0         68   strncat.o
        40          0          0          0          0         72   strstr.o
        44          0          0          0          0         72   uidiv.o
        96          0          0          0          0         84   uldiv.o
        40          2          0          0          0         68   cdrcmple.o
       360          6          0          0          0        140   dadd.o
       240          6          0          0          0         84   ddiv.o
       236          0          0          0          0        216   depilogue.o
        64         10          0          0          0         68   dfixul.o
       208          6          0          0          0         88   dmul.o

    ----------------------------------------------------------------------
      4204        172          0          8          0       2284   Library Totals
         4          0          0          0          0          0   (incl. Padding)

    ----------------------------------------------------------------------

      Code (inc. data)   RO Data    RW Data    ZI Data      Debug   Library Name

      3052        142          0          8          0       1620   mc_p.l
      1148         30          0          0          0        664   mf_p.l

    ----------------------------------------------------------------------
      4204        172          0          8          0       2284   Library Totals

    ----------------------------------------------------------------------

==============================================================================


      Code (inc. data)   RO Data    RW Data    ZI Data      Debug   

      9376       1270         52         32        768      97230   Grand Totals
      9376       1270         52         32        768      97230   ELF Image Totals
      9376       1270         52         32          0          0   ROM Totals

==============================================================================

    Total RO  Size (Code + RO Data)                 9428 (   9.21kB)
    Total RW  Size (RW Data + ZI Data)               800 (   0.78kB)
    Total ROM Size (Code + RO Data + RW Data)       9460 (   9.24kB)

==============================================================================

